Component: ARM Compiler 5.06 update 7 (build 960) Tool: armlink [4d3601]

==============================================================================

Section Cross References

    main.o(i.main) refers to main.o(i.start_up) for start_up
    main.o(i.main) refers to camera.o(i.ostu) for ostu
    main.o(i.main) refers to camera.o(i.Camera_oled_display) for Camera_oled_display
    main.o(i.main) refers to main.o(.data) for BI_value
    main.o(i.start_up) refers to systick.o(i.systick_config) for systick_config
    main.o(i.start_up) refers to led.o(i.LED_Init) for LED_Init
    main.o(i.start_up) refers to key.o(i.KEY_Init) for KEY_Init
    main.o(i.start_up) refers to wh_i2c.o(i.i2c_config) for i2c_config
    main.o(i.start_up) refers to oled.o(i.OLED_Init) for OLED_Init
    main.o(i.start_up) refers to systick.o(i.delay_1ms) for delay_1ms
    main.o(i.start_up) refers to oled.o(i.Clr_Screen) for Clr_Screen
    main.o(i.start_up) refers to key.o(i.SWITCH_Init) for SWITCH_Init
    main.o(i.start_up) refers to uart.o(i.UART_Init) for UART_Init
    main.o(i.start_up) refers to tft.o(i.TFT_SPI_Init) for TFT_SPI_Init
    main.o(i.start_up) refers to tft.o(i.TFT_Init) for TFT_Init
    main.o(i.start_up) refers to tft.o(i.TFTSPI_CLS) for TFTSPI_CLS
    main.o(i.start_up) refers to camera.o(i.Camera_Init) for Camera_Init
    main.o(i.start_up) refers to hci.o(i.value_init) for value_init
    main.o(i.start_up) refers to pwm.o(i.PWM_Config) for PWM_Config
    main.o(i.start_up) refers to encoder.o(i.Encoder_Init) for Encoder_Init
    main.o(i.start_up) refers to motor.o(i.motor_init) for motor_init
    main.o(i.start_up) refers to main.o(.data) for BI_value
    systick.o(i.delay_1ms) refers to systick.o(.data) for delay
    systick.o(i.delay_decrement) refers to systick.o(.data) for delay
    systick.o(i.systick_config) refers to systick.o(i.NVIC_SetPriority) for NVIC_SetPriority
    systick.o(i.systick_config) refers to system_gd32f4xx.o(.data) for SystemCoreClock
    gd32f4xx_it.o(i.DCI_IRQHandler) refers to gd32f4xx_dci.o(i.dci_interrupt_flag_get) for dci_interrupt_flag_get
    gd32f4xx_it.o(i.DCI_IRQHandler) refers to gd32f4xx_dci.o(i.dci_interrupt_flag_clear) for dci_interrupt_flag_clear
    gd32f4xx_it.o(i.DCI_IRQHandler) refers to seekfree_mt9v03x.o(.data) for mt9v03x_finish_flag
    gd32f4xx_it.o(i.DMA1_Channel7_IRQHandler) refers to gd32f4xx_dma.o(i.dma_interrupt_flag_get) for dma_interrupt_flag_get
    gd32f4xx_it.o(i.DMA1_Channel7_IRQHandler) refers to gd32f450_board.o(i.led_toggle) for led_toggle
    gd32f4xx_it.o(i.DMA1_Channel7_IRQHandler) refers to gd32f4xx_dma.o(i.dma_interrupt_flag_clear) for dma_interrupt_flag_clear
    gd32f4xx_it.o(i.DMA1_Channel7_IRQHandler) refers to gd32f4xx_dma.o(i.dma_interrupt_disable) for dma_interrupt_disable
    gd32f4xx_it.o(i.DMA1_Channel7_IRQHandler) refers to gd32f4xx_dma.o(i.dma_channel_disable) for dma_channel_disable
    gd32f4xx_it.o(i.DMA1_Channel7_IRQHandler) refers to seekfree_mt9v03x.o(.data) for mt9v03x_finish_flag
    gd32f4xx_it.o(i.EXTI5_9_IRQHandler) refers to gd32f4xx_exti.o(i.exti_interrupt_flag_get) for exti_interrupt_flag_get
    gd32f4xx_it.o(i.EXTI5_9_IRQHandler) refers to gd32f4xx_exti.o(i.exti_flag_clear) for exti_flag_clear
    gd32f4xx_it.o(i.EXTI5_9_IRQHandler) refers to gd32f450_board.o(i.led_toggle) for led_toggle
    gd32f4xx_it.o(i.EXTI5_9_IRQHandler) refers to gd32f4xx_dma.o(i.dma_transfer_number_config) for dma_transfer_number_config
    gd32f4xx_it.o(i.EXTI5_9_IRQHandler) refers to gd32f4xx_dma.o(i.dma_channel_enable) for dma_channel_enable
    gd32f4xx_it.o(i.SysTick_Handler) refers to systick.o(i.delay_decrement) for delay_decrement
    gd32f4xx_it.o(i.TIMER0_TRG_CMT_TIMER10_IRQHandler) refers to gd32f4xx_timer.o(i.timer_interrupt_flag_get) for timer_interrupt_flag_get
    gd32f4xx_it.o(i.TIMER0_TRG_CMT_TIMER10_IRQHandler) refers to gd32f4xx_timer.o(i.timer_interrupt_flag_clear) for timer_interrupt_flag_clear
    gd32f4xx_it.o(i.TIMER0_UP_TIMER9_IRQHandler) refers to gd32f4xx_timer.o(i.timer_interrupt_flag_get) for timer_interrupt_flag_get
    gd32f4xx_it.o(i.TIMER0_UP_TIMER9_IRQHandler) refers to gd32f4xx_timer.o(i.timer_interrupt_flag_clear) for timer_interrupt_flag_clear
    gd32f4xx_it.o(i.TIMER0_UP_TIMER9_IRQHandler) refers to encoder.o(i.Encoder_Read) for Encoder_Read
    gd32f4xx_it.o(i.TIMER0_UP_TIMER9_IRQHandler) refers to motor.o(i.motor_error) for motor_error
    gd32f4xx_it.o(i.TIMER0_UP_TIMER9_IRQHandler) refers to motor.o(i.motor_control) for motor_control
    gd32f4xx_it.o(i.TIMER0_UP_TIMER9_IRQHandler) refers to motor.o(.bss) for motor_l
    gd32f4xx_it.o(i.TIMER1_IRQHandler) refers to gd32f4xx_timer.o(i.timer_interrupt_flag_get) for timer_interrupt_flag_get
    gd32f4xx_it.o(i.TIMER1_IRQHandler) refers to gd32f4xx_timer.o(i.timer_interrupt_flag_clear) for timer_interrupt_flag_clear
    gd32f4xx_it.o(i.TIMER1_IRQHandler) refers to gd32f450_board.o(i.led_toggle) for led_toggle
[...]
    cdcmple.s                                0x00000000   Number         0  cdcmple.o ABSOLUTE
    cdrcmple.s                               0x00000000   Number         0  cdrcmple.o ABSOLUTE
    dc.s                                     0x00000000   Number         0  dc.o ABSOLUTE
    handlers.s                               0x00000000   Number         0  handlers.o ABSOLUTE
    init.s                                   0x00000000   Number         0  init.o ABSOLUTE
    RESET                                    0x08000000   Section      428  startup_gd32f450.o(RESET)
    .ARM.Collect$$$$00000000                 0x080001ac   Section        0  entry.o(.ARM.Collect$$$$00000000)
    .ARM.Collect$$$$00000001                 0x080001ac   Section        4  entry2.o(.ARM.Collect$$$$00000001)
    .ARM.Collect$$$$00000004                 0x080001b0   Section        4  entry5.o(.ARM.Collect$$$$00000004)
    .ARM.Collect$$$$00000008                 0x080001b4   Section        0  entry7b.o(.ARM.Collect$$$$00000008)
    .ARM.Collect$$$$0000000A                 0x080001b4   Section        0  entry8b.o(.ARM.Collect$$$$0000000A)
    .ARM.Collect$$$$0000000B                 0x080001b4   Section        8  entry9a.o(.ARM.Collect$$$$0000000B)
    .ARM.Collect$$$$0000000E                 0x080001bc   Section        4  entry12b.o(.ARM.Collect$$$$0000000E)
    .ARM.Collect$$$$0000000F                 0x080001c0   Section        0  entry10a.o(.ARM.Collect$$$$0000000F)
    .ARM.Collect$$$$00000011                 0x080001c0   Section        0  entry11a.o(.ARM.Collect$$$$00000011)
    .ARM.Collect$$$$00002712                 0x080001c0   Section        4  entry2.o(.ARM.Collect$$$$00002712)
    __lit__00000000                          0x080001c0   Data           4  entry2.o(.ARM.Collect$$$$00002712)
    .text                                    0x080001c4   Section       36  startup_gd32f450.o(.text)
    $v0                                      0x080001c4   Number         0  startup_gd32f450.o(.text)
    .text                                    0x080001e8   Section        0  uidiv.o(.text)
    .text                                    0x08000214   Section       36  init.o(.text)
    .text                                    0x08000238   Section        0  __dczerorl2.o(.text)
    i.BusFault_Handler                       0x0800028e   Section        0  gd32f4xx_it.o(i.BusFault_Handler)
    i.Camera_Init                            0x08000292   Section        0  camera.o(i.Camera_Init)
    i.Camera_oled_display                    0x0800029c   Section        0  camera.o(i.Camera_oled_display)
    i.Clr_Screen                             0x080002c4   Section        0  oled.o(i.Clr_Screen)
    i.DCI_IRQHandler                         0x08000344   Section        0  gd32f4xx_it.o(i.DCI_IRQHandler)
    i.DMA1_Channel7_IRQHandler               0x08000360   Section        0  gd32f4xx_it.o(i.DMA1_Channel7_IRQHandler)
    i.DebugMon_Handler                       0x080003e8   Section        0  gd32f4xx_it.o(i.DebugMon_Handler)
    i.EXTI5_9_IRQHandler                     0x080003ec   Section        0  gd32f4xx_it.o(i.EXTI5_9_IRQHandler)
    i.Encoder_Init                           0x08000464   Section        0  encoder.o(i.Encoder_Init)
    i.Encoder_Read                           0x080008c0   Section        0  encoder.o(i.Encoder_Read)
    i.HardFault_Handler                      0x080008e4   Section        0  gd32f4xx_it.o(i.HardFault_Handler)
    i.KEY_Init                               0x080008e8   Section        0  key.o(i.KEY_Init)
    i.LED_Init                               0x08000938   Section        0  led.o(i.LED_Init)
    i.MemManage_Handler                      0x080009b4   Section        0  gd32f4xx_it.o(i.MemManage_Handler)
    i.NMI_Handler                            0x080009b8   Section        0  gd32f4xx_it.o(i.NMI_Handler)
    i.NVIC_SetPriority                       0x080009bc   Section        0  systick.o(i.NVIC_SetPriority)
    NVIC_SetPriority                         0x080009bd   Thumb Code    32  systick.o(i.NVIC_SetPriority)
    i.OLED_Init                              0x080009e4   Section        0  oled.o(i.OLED_Init)
    i.OLED_Set_Pos                           0x08000ab0   Section        0  oled.o(i.OLED_Set_Pos)
    i.OLED_WR_Byte                           0x08000ad8   Section        0  oled.o(i.OLED_WR_Byte)
    i.OLED_camera                            0x08000aec   Section        0  oled.o(i.OLED_camera)
    i.PWM_Config                             0x08000c20   Section        0  pwm.o(i.PWM_Config)
    i.PWM_Duty_Updata                        0x08000de0   Section        0  pwm.o(i.PWM_Duty_Updata)
    i.PendSV_Handler                         0x08000e24   Section        0  gd32f4xx_it.o(i.PendSV_Handler)
    i.SVC_Handler                            0x08000e26   Section        0  gd32f4xx_it.o(i.SVC_Handler)
    i.SWITCH_Init                            0x08000e28   Section        0  key.o(i.SWITCH_Init)
    i.SysTick_Handler                        0x08000e78   Section        0  gd32f4xx_it.o(i.SysTick_Handler)
    i.SystemInit                             0x08000e80   Section        0  system_gd32f4xx.o(i.SystemInit)
    i.TFTSPI_Addr_Rst                        0x08000f38   Section        0  tft.o(i.TFTSPI_Addr_Rst)
    i.TFTSPI_CLS                             0x08000f7e   Section        0  tft.o(i.TFTSPI_CLS)
    i.TFTSPI_Write_Byte                      0x08000fa4   Section        0  tft.o(i.TFTSPI_Write_Byte)
    i.TFTSPI_Write_Cmd                       0x08000ffc   Section        0  tft.o(i.TFTSPI_Write_Cmd)
    i.TFTSPI_Write_Word                      0x08001058   Section        0  tft.o(i.TFTSPI_Write_Word)
    i.TFT_Init                               0x080010b4   Section        0  tft.o(i.TFT_Init)
    i.TFT_SPI_Init                           0x08001294   Section        0  tft.o(i.TFT_SPI_Init)
    i.TIMER0_TRG_CMT_TIMER10_IRQHandler      0x080013c4   Section        0  gd32f4xx_it.o(i.TIMER0_TRG_CMT_TIMER10_IRQHandler)
    i.TIMER0_UP_TIMER9_IRQHandler            0x080013e0   Section        0  gd32f4xx_it.o(i.TIMER0_UP_TIMER9_IRQHandler)
    i.TIMER1_IRQHandler                      0x08001420   Section        0  gd32f4xx_it.o(i.TIMER1_IRQHandler)
    i.TIMER2_IRQHandler                      0x080014e4   Section        0  encoder.o(i.TIMER2_IRQHandler)
    i.TIMER3_IRQHandler                      0x08001568   Section        0  encoder.o(i.TIMER3_IRQHandler)
    i.TIMER4_IRQHandler                      0x080015ac   Section        0  encoder.o(i.TIMER4_IRQHandler)
    i.TIMER6_IRQHandler                      0x08001630   Section        0  gd32f4xx_it.o(i.TIMER6_IRQHandler)
    i.UART_Init                              0x08001658   Section        0  uart.o(i.UART_Init)
    i.USART0_IRQHandler                      0x080016d0   Section        0  gd32f4xx_it.o(i.USART0_IRQHandler)
    i.UsageFault_Handler                     0x0800174c   Section        0  gd32f4xx_it.o(i.UsageFault_Handler)
    i.__0printf$1                            0x08001750   Section        0  printf1.o(i.__0printf$1)
    i.__scatterload_copy                     0x08001770   Section       14  handlers.o(i.__scatterload_copy)
    i.__scatterload_null                     0x0800177e   Section        2  handlers.o(i.__scatterload_null)
    i.__scatterload_zeroinit                 0x08001780   Section       14  handlers.o(i.__scatterload_zeroinit)
    i._printf_core                           0x08001790   Section        0  printf1.o(i._printf_core)
    _printf_core                             0x08001791   Thumb Code   336  printf1.o(i._printf_core)
    i.dci_capture_enable                     0x080018e4   Section        0  gd32f4xx_dci.o(i.dci_capture_enable)
    i.dci_deinit                             0x080018f8   Section        0  gd32f4xx_dci.o(i.dci_deinit)
    i.dci_enable                             0x0800190c   Section        0  gd32f4xx_dci.o(i.dci_enable)
    i.dci_init                               0x08001920   Section        0  gd32f4xx_dci.o(i.dci_init)
    i.dci_interrupt_enable                   0x08001954   Section        0  gd32f4xx_dci.o(i.dci_interrupt_enable)
    i.dci_interrupt_flag_clear               0x08001964   Section        0  gd32f4xx_dci.o(i.dci_interrupt_flag_clear)
    i.dci_interrupt_flag_get                 0x08001974   Section        0  gd32f4xx_dci.o(i.dci_interrupt_flag_get)
    i.dcmi_dma_init                          0x0800198c   Section        0  zf_camera.o(i.dcmi_dma_init)
    i.dcmi_init                              0x080019f4   Section        0  zf_camera.o(i.dcmi_init)
    i.delay_1ms                              0x08001acc   Section        0  systick.o(i.delay_1ms)
    i.delay_decrement                        0x08001ae0   Section        0  systick.o(i.delay_decrement)
    i.dma_channel_disable                    0x08001af8   Section        0  gd32f4xx_dma.o(i.dma_channel_disable)
    i.dma_channel_enable                     0x08001b18   Section        0  gd32f4xx_dma.o(i.dma_channel_enable)
    i.dma_channel_subperipheral_select       0x08001b38   Section        0  gd32f4xx_dma.o(i.dma_channel_subperipheral_select)
    i.dma_deinit                             0x08001b5e   Section        0  gd32f4xx_dma.o(i.dma_deinit)
    i.dma_interrupt_disable                  0x08001c02   Section        0  gd32f4xx_dma.o(i.dma_interrupt_disable)
    i.dma_interrupt_flag_clear               0x08001c40   Section        0  gd32f4xx_dma.o(i.dma_interrupt_flag_clear)
    i.dma_interrupt_flag_get                 0x08001c7e   Section        0  gd32f4xx_dma.o(i.dma_interrupt_flag_get)
    i.dma_single_data_mode_init              0x08001e84   Section        0  gd32f4xx_dma.o(i.dma_single_data_mode_init)
    i.dma_transfer_number_config             0x08001fdc   Section        0  gd32f4xx_dma.o(i.dma_transfer_number_config)
    i.exti_flag_clear                        0x08001fec   Section        0  gd32f4xx_exti.o(i.exti_flag_clear)
    i.exti_interrupt_flag_get                0x08001ff8   Section        0  gd32f4xx_exti.o(i.exti_interrupt_flag_get)
    i.flash_buffer_translate                 0x0800201c   Section        0  wh_flash.o(i.flash_buffer_translate)
    i.fputc                                  0x08002040   Section        0  uart.o(i.fputc)
    i.get_config                             0x08002078   Section        0  seekfree_mt9v03x.o(i.get_config)
    i.gpio_af_set                            0x08002118   Section        0  gd32f4xx_gpio.o(i.gpio_af_set)
    i.gpio_input_bit_get                     0x08002176   Section        0  gd32f4xx_gpio.o(i.gpio_input_bit_get)
    i.gpio_input_init                        0x08002186   Section        0  wh_gpio.o(i.gpio_input_init)
    i.gpio_mode_set                          0x080021a2   Section        0  gd32f4xx_gpio.o(i.gpio_mode_set)
    i.gpio_output_init                       0x080021f0   Section        0  wh_gpio.o(i.gpio_output_init)
    i.gpio_output_options_set                0x0800221c   Section        0  gd32f4xx_gpio.o(i.gpio_output_options_set)
    i.gpio_set_output                        0x0800225e   Section        0  wh_gpio.o(i.gpio_set_output)
    i.i2c_ack_config                         0x08002268   Section        0  gd32f4xx_i2c.o(i.i2c_ack_config)
    i.i2c_clock_config                       0x08002280   Section        0  gd32f4xx_i2c.o(i.i2c_clock_config)
    i.i2c_config                             0x08002358   Section        0  wh_i2c.o(i.i2c_config)
    i.i2c_data_transmit                      0x080023d4   Section        0  gd32f4xx_i2c.o(i.i2c_data_transmit)
    i.i2c_enable                             0x080023da   Section        0  gd32f4xx_i2c.o(i.i2c_enable)
    i.i2c_flag_clear                         0x080023e4   Section        0  gd32f4xx_i2c.o(i.i2c_flag_clear)
    i.i2c_flag_get                           0x0800240c   Section        0  gd32f4xx_i2c.o(i.i2c_flag_get)
    i.i2c_master_addressing                  0x0800242a   Section        0  gd32f4xx_i2c.o(i.i2c_master_addressing)
    i.i2c_mode_addr_config                   0x0800243e   Section        0  gd32f4xx_i2c.o(i.i2c_mode_addr_config)
    i.i2c_send_reg_byte                      0x0800245c   Section        0  wh_i2c.o(i.i2c_send_reg_byte)
    i.i2c_start_on_bus                       0x0800250c   Section        0  gd32f4xx_i2c.o(i.i2c_start_on_bus)
    i.i2c_stop_on_bus                        0x08002516   Section        0  gd32f4xx_i2c.o(i.i2c_stop_on_bus)
    i.led_toggle                             0x08002520   Section        0  gd32f450_board.o(i.led_toggle)
    i.main                                   0x08002538   Section        0  main.o(i.main)
    i.motor_control                          0x08002554   Section        0  motor.o(i.motor_control)
    i.motor_error                            0x08002650   Section        0  motor.o(i.motor_error)
    i.motor_init                             0x080028cc   Section        0  motor.o(i.motor_init)
    i.mt9v03x_init                           0x080028f4   Section        0  seekfree_mt9v03x.o(i.mt9v03x_init)
    i.nvic_irq_enable                        0x080029a4   Section        0  gd32f4xx_misc.o(i.nvic_irq_enable)
    i.nvic_priority_group_set                0x08002a68   Section        0  gd32f4xx_misc.o(i.nvic_priority_group_set)
    i.ostu                                   0x08002a7c   Section        0  camera.o(i.ostu)
    i.pwm_init                               0x08002c34   Section        0  wh_pwm.o(i.pwm_init)
    i.rcu_clock_freq_get                     0x08002cdc   Section        0  gd32f4xx_rcu.o(i.rcu_clock_freq_get)
    i.rcu_periph_clock_enable                0x08002e00   Section        0  gd32f4xx_rcu.o(i.rcu_periph_clock_enable)
    i.rcu_periph_reset_disable               0x08002e24   Section        0  gd32f4xx_rcu.o(i.rcu_periph_reset_disable)
    i.rcu_periph_reset_enable                0x08002e48   Section        0  gd32f4xx_rcu.o(i.rcu_periph_reset_enable)
    i.rcu_timer_clock_prescaler_config       0x08002e6c   Section        0  gd32f4xx_rcu.o(i.rcu_timer_clock_prescaler_config)
    i.set_config                             0x08002e90   Section        0  seekfree_mt9v03x.o(i.set_config)
    i.spi_config                             0x08002f08   Section        0  wh_spi.o(i.spi_config)
    i.spi_enable                             0x08002f4c   Section        0  gd32f4xx_spi.o(i.spi_enable)
    i.spi_i2s_deinit                         0x08002f58   Section        0  gd32f4xx_spi.o(i.spi_i2s_deinit)
    i.spi_init                               0x08003004   Section        0  gd32f4xx_spi.o(i.spi_init)
    i.start_up                               0x08003038   Section        0  main.o(i.start_up)
    i.system_clock_200m_25m_hxtal            0x080030b4   Section        0  system_gd32f4xx.o(i.system_clock_200m_25m_hxtal)
    system_clock_200m_25m_hxtal              0x080030b5   Thumb Code   240  system_gd32f4xx.o(i.system_clock_200m_25m_hxtal)
    i.system_clock_config                    0x080031b0   Section        0  system_gd32f4xx.o(i.system_clock_config)
    system_clock_config                      0x080031b1   Thumb Code     8  system_gd32f4xx.o(i.system_clock_config)
    i.systick_config                         0x080031b8   Section        0  systick.o(i.systick_config)
    i.timer_auto_reload_shadow_enable        0x08003208   Section        0  gd32f4xx_timer.o(i.timer_auto_reload_shadow_enable)
    i.timer_channel_capture_value_register_read 0x08003212   Section        0  gd32f4xx_timer.o(i.timer_channel_capture_value_register_read)
    i.timer_channel_input_capture_prescaler_config 0x0800323c   Section        0  gd32f4xx_timer.o(i.timer_channel_input_capture_prescaler_config)
    i.timer_channel_output_config            0x08003298   Section        0  gd32f4xx_timer.o(i.timer_channel_output_config)
    i.timer_channel_output_mode_config       0x08003484   Section        0  gd32f4xx_timer.o(i.timer_channel_output_mode_config)
    i.timer_channel_output_pulse_value_config 0x080034de   Section        0  gd32f4xx_timer.o(i.timer_channel_output_pulse_value_config)
    i.timer_channel_output_shadow_config     0x08003504   Section        0  gd32f4xx_timer.o(i.timer_channel_output_shadow_config)
    i.timer_counter_read                     0x0800355e   Section        0  gd32f4xx_timer.o(i.timer_counter_read)
    i.timer_deinit                           0x08003568   Section        0  gd32f4xx_timer.o(i.timer_deinit)
    i.timer_enable                           0x080036ec   Section        0  gd32f4xx_timer.o(i.timer_enable)
    i.timer_init                             0x080036f8   Section        0  gd32f4xx_timer.o(i.timer_init)
    i.timer_input_capture_config             0x08003790   Section        0  gd32f4xx_timer.o(i.timer_input_capture_config)
    i.timer_interrupt_enable                 0x080038d6   Section        0  gd32f4xx_timer.o(i.timer_interrupt_enable)
    i.timer_interrupt_flag_clear             0x080038de   Section        0  gd32f4xx_timer.o(i.timer_interrupt_flag_clear)
    i.timer_interrupt_flag_get               0x080038e4   Section        0  gd32f4xx_timer.o(i.timer_interrupt_flag_get)
    i.timer_interrupt_init                   0x080038fc   Section        0  wh_pit.o(i.timer_interrupt_init)
    i.timer_primary_output_config            0x08003a68   Section        0  gd32f4xx_timer.o(i.timer_primary_output_config)
    i.timer_quadrature_decoder_mode_config   0x08003a80   Section        0  gd32f4xx_timer.o(i.timer_quadrature_decoder_mode_config)
    i.timer_struct_para_init                 0x08003ac0   Section        0  gd32f4xx_timer.o(i.timer_struct_para_init)
    i.uart_init                              0x08003ad6   Section        0  wh_uart.o(i.uart_init)
    i.uart_putbuff                           0x08003b0a   Section        0  wh_uart.o(i.uart_putbuff)
    i.uart_rx_init                           0x08003b34   Section        0  wh_uart.o(i.uart_rx_init)
    i.uart_tx_init                           0x08003b60   Section        0  wh_uart.o(i.uart_tx_init)
    i.usart_baudrate_set                     0x08003b8c   Section        0  gd32f4xx_usart.o(i.usart_baudrate_set)
    i.usart_data_receive                     0x08003c74   Section        0  gd32f4xx_usart.o(i.usart_data_receive)
    i.usart_data_transmit                    0x08003c7e   Section        0  gd32f4xx_usart.o(i.usart_data_transmit)
    i.usart_deinit                           0x08003c88   Section        0  gd32f4xx_usart.o(i.usart_deinit)
    i.usart_enable                           0x08003d64   Section        0  gd32f4xx_usart.o(i.usart_enable)
    i.usart_flag_clear                       0x08003d6e   Section        0  gd32f4xx_usart.o(i.usart_flag_clear)
    i.usart_flag_get                         0x08003d88   Section        0  gd32f4xx_usart.o(i.usart_flag_get)
    i.usart_interrupt_enable                 0x08003da6   Section        0  gd32f4xx_usart.o(i.usart_interrupt_enable)
    i.usart_interrupt_flag_clear             0x08003dc0   Section        0  gd32f4xx_usart.o(i.usart_interrupt_flag_clear)
    i.usart_interrupt_flag_get               0x08003dda   Section        0  gd32f4xx_usart.o(i.usart_interrupt_flag_get)
    i.usart_receive_config                   0x08003e12   Section        0  gd32f4xx_usart.o(i.usart_receive_config)
    i.usart_transmit_config                  0x08003e22   Section        0  gd32f4xx_usart.o(i.usart_transmit_config)
    i.value_init                             0x08003e34   Section        0  hci.o(i.value_init)
    .constdata                               0x08003e68   Section       12  motor.o(.constdata)
    .data                                    0x20000000   Section       16  main.o(.data)
    .data                                    0x20000010   Section        4  systick.o(.data)
    delay                                    0x20000010   Data           4  systick.o(.data)
    .data                                    0x20000014   Section       14  gd32f4xx_it.o(.data)
    .data                                    0x20000024   Section        4  system_gd32f4xx.o(.data)
    .data                                    0x20000028   Section       30  gd32f450_board.o(.data)
    GPIO_PORT                                0x20000028   Data          12  gd32f450_board.o(.data)
    GPIO_PIN                                 0x20000034   Data          12  gd32f450_board.o(.data)
    GPIO_CLK                                 0x20000040   Data           6  gd32f450_board.o(.data)
    .data                                    0x20000048   Section       92  encoder.o(.data)
    GPIO_PORT_Encoder                        0x20000054   Data           8  encoder.o(.data)
    GPIO_PIN_A_Encoder                       0x2000005c   Data           8  encoder.o(.data)
    GPIO_PIN_B_Encoder                       0x20000064   Data           8  encoder.o(.data)
    GPIO_CLK_Encoder                         0x2000006c   Data           4  encoder.o(.data)
    GPIO_PIN_AF_Encoder                      0x20000070   Data           8  encoder.o(.data)
    TIMER_PERIPH_Encoder                     0x20000078   Data           8  encoder.o(.data)
    TIMER_CLK_Encoder                        0x20000080   Data           4  encoder.o(.data)
    CHANNAL_A_Encoder                        0x20000084   Data           8  encoder.o(.data)
    INT_CHANNAL_Encoder                      0x2000008c   Data           8  encoder.o(.data)
    INT_FLAG_Encoder                         0x20000094   Data           8  encoder.o(.data)
    TIMER_NVIC_Encoder                       0x2000009c   Data           8  encoder.o(.data)
    .data                                    0x200000a4   Section      312  hci.o(.data)
    .data                                    0x200001dc   Section      121  key.o(.data)
    GPIO_PORT_KEY                            0x200001dc   Data          24  key.o(.data)
    GPIO_PIN_KEY                             0x200001f4   Data          24  key.o(.data)
    GPIO_CLK_KEY                             0x2000020c   Data          12  key.o(.data)
    GPIO_PORT_SWITCH                         0x20000218   Data          24  key.o(.data)
    GPIO_PIN_SWITCH                          0x20000230   Data          24  key.o(.data)
    GPIO_CLK_SWITCH                          0x20000248   Data          12  key.o(.data)
    key_up                                   0x20000254   Data           1  key.o(.data)
    .data                                    0x20000258   Section       40  led.o(.data)
    GPIO_PORT_LED                            0x20000258   Data          16  led.o(.data)
    GPIO_PIN_LED                             0x20000268   Data          16  led.o(.data)
    GPIO_CLK_LED                             0x20000278   Data           8  led.o(.data)
    .data                                    0x20000280   Section        2  pwm.o(.data)
    .data                                    0x20000284   Section       82  seekfree_mt9v03x.o(.data)
    .data                                    0x200002d8   Section       43  uart.o(.data)
    UART_GPIO_PORT                           0x200002d8   Data           8  uart.o(.data)
    UART_TXD_PIN                             0x200002e0   Data           8  uart.o(.data)
    UART_RXD_PIN                             0x200002e8   Data           8  uart.o(.data)
    UART_GPIO_CLK                            0x200002f0   Data           4  uart.o(.data)
    UART_CLK                                 0x200002f4   Data           4  uart.o(.data)
    UART_PERIPH                              0x200002f8   Data           8  uart.o(.data)
    UART_nvic                                0x20000300   Data           2  uart.o(.data)
    .data                                    0x20000304   Section       68  motor.o(.data)
    l_real_speed                             0x20000324   Data           6  motor.o(.data)
    r_real_speed                             0x2000032a   Data           6  motor.o(.data)
    l_current_error                          0x20000330   Data           4  motor.o(.data)
    l_last_error                             0x20000334   Data           4  motor.o(.data)
    l_last_last_error                        0x20000338   Data           4  motor.o(.data)
    r_current_error                          0x2000033c   Data           4  motor.o(.data)
    r_last_error                             0x20000340   Data           4  motor.o(.data)
    r_last_last_error                        0x20000344   Data           4  motor.o(.data)
    .data                                    0x20000348   Section        1  camera.o(.data)
    last_threshold                           0x20000348   Data           1  camera.o(.data)
    .data                                    0x2000034c   Section        4  stdout.o(.data)
    .bss                                     0x20000350   Section    45120  seekfree_mt9v03x.o(.bss)
    .bss                                     0x2000b390   Section      136  motor.o(.bss)
    STACK                                    0x2000b418   Section     8192  startup_gd32f450.o(STACK)

    Global Symbols

    Symbol Name                              Value     Ov Type        Size  Object(Section)

    BuildAttributes$$THM_ISAv4$E$P$D$K$B$S$7EM$VFPi3$EXTD16$VFPS$VFMA$PE$A:L22UL41UL21$X:L11$S22US41US21$IEEE1$IW$USESV6$~STKCKD$USESV7$~SHL$OTIME$ROPI$IEEEX$EBA8$MICROLIB$REQ8$PRES8$EABIv2 0x00000000   Number         0  anon$$obj.o ABSOLUTE
    __ARM_use_no_argv                        0x00000000   Number         0  main.o ABSOLUTE
    _printf_a                                0x00000000   Number         0  stubs.o ABSOLUTE
    _printf_c                                0x00000000   Number         0  stubs.o ABSOLUTE
    _printf_charcount                        0x00000000   Number         0  stubs.o ABSOLUTE
    _printf_d                                0x00000000   Number         0  stubs.o ABSOLUTE
    _printf_e                                0x00000000   Number         0  stubs.o ABSOLUTE
    _printf_f                                0x00000000   Number         0  stubs.o ABSOLUTE
    _printf_flags                            0x00000000   Number         0  stubs.o ABSOLUTE
    _printf_fp_dec                           0x00000000   Number         0  stubs.o ABSOLUTE
    _printf_fp_hex                           0x00000000   Number         0  stubs.o ABSOLUTE
    _printf_g                                0x00000000   Number         0  stubs.o ABSOLUTE
    _printf_i                                0x00000000   Number         0  stubs.o ABSOLUTE
    _printf_int_dec                          0x00000000   Number         0  stubs.o ABSOLUTE
    _printf_l                                0x00000000   Number         0  stubs.o ABSOLUTE
    _printf_lc                               0x00000000   Number         0  stubs.o ABSOLUTE
    _printf_ll                               0x00000000   Number         0  stubs.o ABSOLUTE
    _printf_lld                              0x00000000   Number         0  stubs.o ABSOLUTE
    _printf_lli                              0x00000000   Number         0  stubs.o ABSOLUTE
    _printf_llo                              0x00000000   Number         0  stubs.o ABSOLUTE
    _printf_llu                              0x00000000   Number         0  stubs.o ABSOLUTE
    _printf_llx                              0x00000000   Number         0  stubs.o ABSOLUTE
    _printf_longlong_dec                     0x00000000   Number         0  stubs.o ABSOLUTE
    _printf_longlong_hex                     0x00000000   Number         0  stubs.o ABSOLUTE
    _printf_longlong_oct                     0x00000000   Number         0  stubs.o ABSOLUTE
    _printf_ls                               0x00000000   Number         0  stubs.o ABSOLUTE
    _printf_mbtowc                           0x00000000   Number         0  stubs.o ABSOLUTE
    _printf_n                                0x00000000   Number         0  stubs.o ABSOLUTE
    _printf_o                                0x00000000   Number         0  stubs.o ABSOLUTE
    _printf_p                                0x00000000   Number         0  stubs.o ABSOLUTE
    _printf_percent                          0x00000000   Number         0  stubs.o ABSOLUTE
    _printf_pre_padding                      0x00000000   Number         0  stubs.o ABSOLUTE
    _printf_return_value                     0x00000000   Number         0  stubs.o ABSOLUTE
    _printf_s                                0x00000000   Number         0  stubs.o ABSOLUTE
    _printf_sizespec                         0x00000000   Number         0  stubs.o ABSOLUTE
    _printf_str                              0x00000000   Number         0  stubs.o ABSOLUTE
    _printf_truncate_signed                  0x00000000   Number         0  stubs.o ABSOLUTE
    _printf_truncate_unsigned                0x00000000   Number         0  stubs.o ABSOLUTE
    _printf_u                                0x00000000   Number         0  stubs.o ABSOLUTE
    _printf_wc                               0x00000000   Number         0  stubs.o ABSOLUTE
    _printf_wctomb                           0x00000000   Number         0  stubs.o ABSOLUTE
    _printf_widthprec                        0x00000000   Number         0  stubs.o ABSOLUTE
    _printf_x                                0x00000000   Number         0  stubs.o ABSOLUTE
    __arm_fini_                               - Undefined Weak Reference
    __cpp_initialize__aeabi_                  - Undefined Weak Reference
    __cxa_finalize                            - Undefined Weak Reference
    _clock_init                               - Undefined Weak Reference
    _microlib_exit                            - Undefined Weak Reference
    __Vectors_Size                           0x000001ac   Number         0  startup_gd32f450.o ABSOLUTE
    __Vectors                                0x08000000   Data           4  startup_gd32f450.o(RESET)
    __Vectors_End                            0x080001ac   Data           0  startup_gd32f450.o(RESET)
    __main                                   0x080001ad   Thumb Code     0  entry.o(.ARM.Collect$$$$00000000)
    _main_stk                                0x080001ad   Thumb Code     0  entry2.o(.ARM.Collect$$$$00000001)
    _main_scatterload                        0x080001b1   Thumb Code     0  entry5.o(.ARM.Collect$$$$00000004)
    __main_after_scatterload                 0x080001b5   Thumb Code     0  entry5.o(.ARM.Collect$$$$00000004)
    _main_clock                              0x080001b5   Thumb Code     0  entry7b.o(.ARM.Collect$$$$00000008)
    _main_cpp_init                           0x080001b5   Thumb Code     0  entry8b.o(.ARM.Collect$$$$0000000A)
    _main_init                               0x080001b5   Thumb Code     0  entry9a.o(.ARM.Collect$$$$0000000B)
    __rt_lib_shutdown_fini                   0x080001bd   Thumb Code     0  entry12b.o(.ARM.Collect$$$$0000000E)
    __rt_final_cpp                           0x080001c1   Thumb Code     0  entry10a.o(.ARM.Collect$$$$0000000F)
    __rt_final_exit                          0x080001c1   Thumb Code     0  entry11a.o(.ARM.Collect$$$$00000011)
    Reset_Handler                            0x080001c5   Thumb Code     8  startup_gd32f450.o(.text)
    ADC_IRQHandler                           0x080001df   Thumb Code     0  startup_gd32f450.o(.text)
    CAN0_EWMC_IRQHandler                     0x080001df   Thumb Code     0  startup_gd32f450.o(.text)
    CAN0_RX0_IRQHandler                      0x080001df   Thumb Code     0  startup_gd32f450.o(.text)
    CAN0_RX1_IRQHandler                      0x080001df   Thumb Code     0  startup_gd32f450.o(.text)
    CAN0_TX_IRQHandler                       0x080001df   Thumb Code     0  startup_gd32f450.o(.text)
    CAN1_EWMC_IRQHandler                     0x080001df   Thumb Code     0  startup_gd32f450.o(.text)
    CAN1_RX0_IRQHandler                      0x080001df   Thumb Code     0  startup_gd32f450.o(.text)
    CAN1_RX1_IRQHandler                      0x080001df   Thumb Code     0  startup_gd32f450.o(.text)
    CAN1_TX_IRQHandler                       0x080001df   Thumb Code     0  startup_gd32f450.o(.text)
    DMA0_Channel0_IRQHandler                 0x080001df   Thumb Code     0  startup_gd32f450.o(.text)
    DMA0_Channel1_IRQHandler                 0x080001df   Thumb Code     0  startup_gd32f450.o(.text)
    DMA0_Channel2_IRQHandler                 0x080001df   Thumb Code     0  startup_gd32f450.o(.text)
    DMA0_Channel3_IRQHandler                 0x080001df   Thumb Code     0  startup_gd32f450.o(.text)
    DMA0_Channel4_IRQHandler                 0x080001df   Thumb Code     0  startup_gd32f450.o(.text)
    DMA0_Channel5_IRQHandler                 0x080001df   Thumb Code     0  startup_gd32f450.o(.text)
    DMA0_Channel6_IRQHandler                 0x080001df   Thumb Code     0  startup_gd32f450.o(.text)
    DMA0_Channel7_IRQHandler                 0x080001df   Thumb Code     0  startup_gd32f450.o(.text)
    DMA1_Channel0_IRQHandler                 0x080001df   Thumb Code     0  startup_gd32f450.o(.text)
    DMA1_Channel1_IRQHandler                 0x080001df   Thumb Code     0  startup_gd32f450.o(.text)
    DMA1_Channel2_IRQHandler                 0x080001df   Thumb Code     0  startup_gd32f450.o(.text)
    DMA1_Channel3_IRQHandler                 0x080001df   Thumb Code     0  startup_gd32f450.o(.text)
    DMA1_Channel4_IRQHandler                 0x080001df   Thumb Code     0  startup_gd32f450.o(.text)
    DMA1_Channel5_IRQHandler                 0x080001df   Thumb Code     0  startup_gd32f450.o(.text)
    DMA1_Channel6_IRQHandler                 0x080001df   Thumb Code     0  startup_gd32f450.o(.text)
    ENET_IRQHandler                          0x080001df   Thumb Code     0  startup_gd32f450.o(.text)
    ENET_WKUP_IRQHandler                     0x080001df   Thumb Code     0  startup_gd32f450.o(.text)
    EXMC_IRQHandler                          0x080001df   Thumb Code     0  startup_gd32f450.o(.text)
    EXTI0_IRQHandler                         0x080001df   Thumb Code     0  startup_gd32f450.o(.text)
    EXTI10_15_IRQHandler                     0x080001df   Thumb Code     0  startup_gd32f450.o(.text)
    EXTI1_IRQHandler                         0x080001df   Thumb Code     0  startup_gd32f450.o(.text)
    EXTI2_IRQHandler                         0x080001df   Thumb Code     0  startup_gd32f450.o(.text)
    EXTI3_IRQHandler                         0x080001df   Thumb Code     0  startup_gd32f450.o(.text)
    EXTI4_IRQHandler                         0x080001df   Thumb Code     0  startup_gd32f450.o(.text)
    FMC_IRQHandler                           0x080001df   Thumb Code     0  startup_gd32f450.o(.text)
    FPU_IRQHandler                           0x080001df   Thumb Code     0  startup_gd32f450.o(.text)
    I2C0_ER_IRQHandler                       0x080001df   Thumb Code     0  startup_gd32f450.o(.text)
    I2C0_EV_IRQHandler                       0x080001df   Thumb Code     0  startup_gd32f450.o(.text)
    I2C1_ER_IRQHandler                       0x080001df   Thumb Code     0  startup_gd32f450.o(.text)
    I2C1_EV_IRQHandler                       0x080001df   Thumb Code     0  startup_gd32f450.o(.text)
    I2C2_ER_IRQHandler                       0x080001df   Thumb Code     0  startup_gd32f450.o(.text)
    I2C2_EV_IRQHandler                       0x080001df   Thumb Code     0  startup_gd32f450.o(.text)
    IPA_IRQHandler                           0x080001df   Thumb Code     0  startup_gd32f450.o(.text)
    LVD_IRQHandler                           0x080001df   Thumb Code     0  startup_gd32f450.o(.text)
    RCU_CTC_IRQHandler                       0x080001df   Thumb Code     0  startup_gd32f450.o(.text)
    RTC_Alarm_IRQHandler                     0x080001df   Thumb Code     0  startup_gd32f450.o(.text)
    RTC_WKUP_IRQHandler                      0x080001df   Thumb Code     0  startup_gd32f450.o(.text)
    SDIO_IRQHandler                          0x080001df   Thumb Code     0  startup_gd32f450.o(.text)
    SPI0_IRQHandler                          0x080001df   Thumb Code     0  startup_gd32f450.o(.text)
    SPI1_IRQHandler                          0x080001df   Thumb Code     0  startup_gd32f450.o(.text)
    SPI2_IRQHandler                          0x080001df   Thumb Code     0  startup_gd32f450.o(.text)
    SPI3_IRQHandler                          0x080001df   Thumb Code     0  startup_gd32f450.o(.text)
    SPI4_IRQHandler                          0x080001df   Thumb Code     0  startup_gd32f450.o(.text)
    SPI5_IRQHandler                          0x080001df   Thumb Code     0  startup_gd32f450.o(.text)
    TAMPER_STAMP_IRQHandler                  0x080001df   Thumb Code     0  startup_gd32f450.o(.text)
    TIMER0_BRK_TIMER8_IRQHandler             0x080001df   Thumb Code     0  startup_gd32f450.o(.text)
    TIMER0_Channel_IRQHandler                0x080001df   Thumb Code     0  startup_gd32f450.o(.text)
    TIMER5_DAC_IRQHandler                    0x080001df   Thumb Code     0  startup_gd32f450.o(.text)
    TIMER7_BRK_TIMER11_IRQHandler            0x080001df   Thumb Code     0  startup_gd32f450.o(.text)
    TIMER7_Channel_IRQHandler                0x080001df   Thumb Code     0  startup_gd32f450.o(.text)
    TIMER7_TRG_CMT_TIMER13_IRQHandler        0x080001df   Thumb Code     0  startup_gd32f450.o(.text)
    TIMER7_UP_TIMER12_IRQHandler             0x080001df   Thumb Code     0  startup_gd32f450.o(.text)
    TLI_ER_IRQHandler                        0x080001df   Thumb Code     0  startup_gd32f450.o(.text)
    TLI_IRQHandler                           0x080001df   Thumb Code     0  startup_gd32f450.o(.text)
    TRNG_IRQHandler                          0x080001df   Thumb Code     0  startup_gd32f450.o(.text)
    UART3_IRQHandler                         0x080001df   Thumb Code     0  startup_gd32f450.o(.text)
    UART4_IRQHandler                         0x080001df   Thumb Code     0  startup_gd32f450.o(.text)
    UART6_IRQHandler                         0x080001df   Thumb Code     0  startup_gd32f450.o(.text)
    UART7_IRQHandler                         0x080001df   Thumb Code     0  startup_gd32f450.o(.text)
    USART1_IRQHandler                        0x080001df   Thumb Code     0  startup_gd32f450.o(.text)
    USART2_IRQHandler                        0x080001df   Thumb Code     0  startup_gd32f450.o(.text)
    USART5_IRQHandler                        0x080001df   Thumb Code     0  startup_gd32f450.o(.text)
    USBFS_IRQHandler                         0x080001df   Thumb Code     0  startup_gd32f450.o(.text)
    USBFS_WKUP_IRQHandler                    0x080001df   Thumb Code     0  startup_gd32f450.o(.text)
    USBHS_EP1_In_IRQHandler                  0x080001df   Thumb Code     0  startup_gd32f450.o(.text)
    USBHS_EP1_Out_IRQHandler                 0x080001df   Thumb Code     0  startup_gd32f450.o(.text)
    USBHS_IRQHandler                         0x080001df   Thumb Code     0  startup_gd32f450.o(.text)
    USBHS_WKUP_IRQHandler                    0x080001df   Thumb Code     0  startup_gd32f450.o(.text)
    WWDGT_IRQHandler                         0x080001df   Thumb Code     0  startup_gd32f450.o(.text)
    __aeabi_uidiv                            0x080001e9   Thumb Code     0  uidiv.o(.text)
    __aeabi_uidivmod                         0x080001e9   Thumb Code    44  uidiv.o(.text)
    __scatterload                            0x08000215   Thumb Code    28  init.o(.text)
    __scatterload_rt2                        0x08000215   Thumb Code     0  init.o(.text)
    __decompress                             0x08000239   Thumb Code     0  __dczerorl2.o(.text)
    __decompress1                            0x08000239   Thumb Code    86  __dczerorl2.o(.text)
    BusFault_Handler                         0x0800028f   Thumb Code     4  gd32f4xx_it.o(i.BusFault_Handler)
    Camera_Init                              0x08000293   Thumb Code     8  camera.o(i.Camera_Init)
    Camera_oled_display                      0x0800029d   Thumb Code    30  camera.o(i.Camera_oled_display)
    Clr_Screen                               0x080002c5   Thumb Code   126  oled.o(i.Clr_Screen)
    DCI_IRQHandler                           0x08000345   Thumb Code    24  gd32f4xx_it.o(i.DCI_IRQHandler)
    DMA1_Channel7_IRQHandler                 0x08000361   Thumb Code   128  gd32f4xx_it.o(i.DMA1_Channel7_IRQHandler)
    DebugMon_Handler                         0x080003e9   Thumb Code     2  gd32f4xx_it.o(i.DebugMon_Handler)
    EXTI5_9_IRQHandler                       0x080003ed   Thumb Code   114  gd32f4xx_it.o(i.EXTI5_9_IRQHandler)
    Encoder_Init                             0x08000465   Thumb Code  1110  encoder.o(i.Encoder_Init)
    Encoder_Read                             0x080008c1   Thumb Code    26  encoder.o(i.Encoder_Read)
    HardFault_Handler                        0x080008e5   Thumb Code     4  gd32f4xx_it.o(i.HardFault_Handler)
    KEY_Init                                 0x080008e9   Thumb Code    64  key.o(i.KEY_Init)
    LED_Init                                 0x08000939   Thumb Code   106  led.o(i.LED_Init)
    MemManage_Handler                        0x080009b5   Thumb Code     4  gd32f4xx_it.o(i.MemManage_Handler)
    NMI_Handler                              0x080009b9   Thumb Code     2  gd32f4xx_it.o(i.NMI_Handler)
    OLED_Init                                0x080009e5   Thumb Code   204  oled.o(i.OLED_Init)
    OLED_Set_Pos                             0x08000ab1   Thumb Code    40  oled.o(i.OLED_Set_Pos)
    OLED_WR_Byte                             0x08000ad9   Thumb Code    18  oled.o(i.OLED_WR_Byte)
    OLED_camera                              0x08000aed   Thumb Code   304  oled.o(i.OLED_camera)
    PWM_Config                               0x08000c21   Thumb Code   432  pwm.o(i.PWM_Config)
    PWM_Duty_Updata                          0x08000de1   Thumb Code    60  pwm.o(i.PWM_Duty_Updata)
    PendSV_Handler                           0x08000e25   Thumb Code     2  gd32f4xx_it.o(i.PendSV_Handler)
    SVC_Handler                              0x08000e27   Thumb Code     2  gd32f4xx_it.o(i.SVC_Handler)
    SWITCH_Init                              0x08000e29   Thumb Code    62  key.o(i.SWITCH_Init)
    SysTick_Handler                          0x08000e79   Thumb Code     8  gd32f4xx_it.o(i.SysTick_Handler)
    SystemInit                               0x08000e81   Thumb Code   168  system_gd32f4xx.o(i.SystemInit)
    TFTSPI_Addr_Rst                          0x08000f39   Thumb Code    70  tft.o(i.TFTSPI_Addr_Rst)
    TFTSPI_CLS                               0x08000f7f   Thumb Code    36  tft.o(i.TFTSPI_CLS)
    TFTSPI_Write_Byte                        0x08000fa5   Thumb Code    84  tft.o(i.TFTSPI_Write_Byte)
    TFTSPI_Write_Cmd                         0x08000ffd   Thumb Code    86  tft.o(i.TFTSPI_Write_Cmd)
    TFTSPI_Write_Word                        0x08001059   Thumb Code    88  tft.o(i.TFTSPI_Write_Word)
    TFT_Init                                 0x080010b5   Thumb Code   476  tft.o(i.TFT_Init)
    TFT_SPI_Init                             0x08001295   Thumb Code   290  tft.o(i.TFT_SPI_Init)
    TIMER0_TRG_CMT_TIMER10_IRQHandler        0x080013c5   Thumb Code    22  gd32f4xx_it.o(i.TIMER0_TRG_CMT_TIMER10_IRQHandler)
    TIMER0_UP_TIMER9_IRQHandler              0x080013e1   Thumb Code    50  gd32f4xx_it.o(i.TIMER0_UP_TIMER9_IRQHandler)
    TIMER1_IRQHandler                        0x08001421   Thumb Code   160  gd32f4xx_it.o(i.TIMER1_IRQHandler)
    TIMER2_IRQHandler                        0x080014e5   Thumb Code   106  encoder.o(i.TIMER2_IRQHandler)
    TIMER3_IRQHandler                        0x08001569   Thumb Code    46  encoder.o(i.TIMER3_IRQHandler)
    TIMER4_IRQHandler                        0x080015ad   Thumb Code   108  encoder.o(i.TIMER4_IRQHandler)
    TIMER6_IRQHandler                        0x08001631   Thumb Code    32  gd32f4xx_it.o(i.TIMER6_IRQHandler)
    UART_Init                                0x08001659   Thumb Code    86  uart.o(i.UART_Init)
    USART0_IRQHandler                        0x080016d1   Thumb Code   104  gd32f4xx_it.o(i.USART0_IRQHandler)
    UsageFault_Handler                       0x0800174d   Thumb Code     4  gd32f4xx_it.o(i.UsageFault_Handler)
    __0printf$1                              0x08001751   Thumb Code    22  printf1.o(i.__0printf$1)
    __1printf$1                              0x08001751   Thumb Code     0  printf1.o(i.__0printf$1)
    __2printf                                0x08001751   Thumb Code     0  printf1.o(i.__0printf$1)
    __scatterload_copy                       0x08001771   Thumb Code    14  handlers.o(i.__scatterload_copy)
    __scatterload_null                       0x0800177f   Thumb Code     2  handlers.o(i.__scatterload_null)
    __scatterload_zeroinit                   0x08001781   Thumb Code    14  handlers.o(i.__scatterload_zeroinit)
    dci_capture_enable                       0x080018e5   Thumb Code    14  gd32f4xx_dci.o(i.dci_capture_enable)
    dci_deinit                               0x080018f9   Thumb Code    20  gd32f4xx_dci.o(i.dci_deinit)
    dci_enable                               0x0800190d   Thumb Code    14  gd32f4xx_dci.o(i.dci_enable)
    dci_init                                 0x08001921   Thumb Code    46  gd32f4xx_dci.o(i.dci_init)
    dci_interrupt_enable                     0x08001955   Thumb Code    12  gd32f4xx_dci.o(i.dci_interrupt_enable)
    dci_interrupt_flag_clear                 0x08001965   Thumb Code    12  gd32f4xx_dci.o(i.dci_interrupt_flag_clear)
    dci_interrupt_flag_get                   0x08001975   Thumb Code    18  gd32f4xx_dci.o(i.dci_interrupt_flag_get)
    dcmi_dma_init                            0x0800198d   Thumb Code    94  zf_camera.o(i.dcmi_dma_init)
    dcmi_init                                0x080019f5   Thumb Code   202  zf_camera.o(i.dcmi_init)
    delay_1ms                                0x08001acd   Thumb Code    16  systick.o(i.delay_1ms)
    delay_decrement                          0x08001ae1   Thumb Code    18  systick.o(i.delay_decrement)
    dma_channel_disable                      0x08001af9   Thumb Code    32  gd32f4xx_dma.o(i.dma_channel_disable)
    dma_channel_enable                       0x08001b19   Thumb Code    32  gd32f4xx_dma.o(i.dma_channel_enable)
    dma_channel_subperipheral_select         0x08001b39   Thumb Code    38  gd32f4xx_dma.o(i.dma_channel_subperipheral_select)
    dma_deinit                               0x08001b5f   Thumb Code   164  gd32f4xx_dma.o(i.dma_deinit)
    dma_interrupt_disable                    0x08001c03   Thumb Code    62  gd32f4xx_dma.o(i.dma_interrupt_disable)
    dma_interrupt_flag_clear                 0x08001c41   Thumb Code    62  gd32f4xx_dma.o(i.dma_interrupt_flag_clear)
    dma_interrupt_flag_get                   0x08001c7f   Thumb Code   516  gd32f4xx_dma.o(i.dma_interrupt_flag_get)
    dma_single_data_mode_init                0x08001e85   Thumb Code   340  gd32f4xx_dma.o(i.dma_single_data_mode_init)
    dma_transfer_number_config               0x08001fdd   Thumb Code    16  gd32f4xx_dma.o(i.dma_transfer_number_config)
    exti_flag_clear                          0x08001fed   Thumb Code     6  gd32f4xx_exti.o(i.exti_flag_clear)
    exti_interrupt_flag_get                  0x08001ff9   Thumb Code    32  gd32f4xx_exti.o(i.exti_interrupt_flag_get)
    flash_buffer_translate                   0x0800201d   Thumb Code    36  wh_flash.o(i.flash_buffer_translate)
    fputc                                    0x08002041   Thumb Code    48  uart.o(i.fputc)
    get_config                               0x08002079   Thumb Code   122  seekfree_mt9v03x.o(i.get_config)
    gpio_af_set                              0x08002119   Thumb Code    94  gd32f4xx_gpio.o(i.gpio_af_set)
    gpio_input_bit_get                       0x08002177   Thumb Code    16  gd32f4xx_gpio.o(i.gpio_input_bit_get)
    gpio_input_init                          0x08002187   Thumb Code    28  wh_gpio.o(i.gpio_input_init)
    gpio_mode_set                            0x080021a3   Thumb Code    78  gd32f4xx_gpio.o(i.gpio_mode_set)
    gpio_output_init                         0x080021f1   Thumb Code    44  wh_gpio.o(i.gpio_output_init)
    gpio_output_options_set                  0x0800221d   Thumb Code    66  gd32f4xx_gpio.o(i.gpio_output_options_set)
    gpio_set_output                          0x0800225f   Thumb Code    10  wh_gpio.o(i.gpio_set_output)
    i2c_ack_config                           0x08002269   Thumb Code    24  gd32f4xx_i2c.o(i.i2c_ack_config)
    i2c_clock_config                         0x08002281   Thumb Code   204  gd32f4xx_i2c.o(i.i2c_clock_config)
    i2c_config                               0x08002359   Thumb Code   116  wh_i2c.o(i.i2c_config)
    i2c_data_transmit                        0x080023d5   Thumb Code     6  gd32f4xx_i2c.o(i.i2c_data_transmit)
    i2c_enable                               0x080023db   Thumb Code    10  gd32f4xx_i2c.o(i.i2c_enable)
    i2c_flag_clear                           0x080023e5   Thumb Code    40  gd32f4xx_i2c.o(i.i2c_flag_clear)
    i2c_flag_get                             0x0800240d   Thumb Code    30  gd32f4xx_i2c.o(i.i2c_flag_get)
    i2c_master_addressing                    0x0800242b   Thumb Code    20  gd32f4xx_i2c.o(i.i2c_master_addressing)
    i2c_mode_addr_config                     0x0800243f   Thumb Code    28  gd32f4xx_i2c.o(i.i2c_mode_addr_config)
    i2c_send_reg_byte                        0x0800245d   Thumb Code   170  wh_i2c.o(i.i2c_send_reg_byte)
    i2c_start_on_bus                         0x0800250d   Thumb Code    10  gd32f4xx_i2c.o(i.i2c_start_on_bus)
    i2c_stop_on_bus                          0x08002517   Thumb Code    10  gd32f4xx_i2c.o(i.i2c_stop_on_bus)
    led_toggle                               0x08002521   Thumb Code    16  gd32f450_board.o(i.led_toggle)
    main                                     0x08002539   Thumb Code    24  main.o(i.main)
    motor_control                            0x08002555   Thumb Code   236  motor.o(i.motor_control)
    motor_error                              0x08002651   Thumb Code   578  motor.o(i.motor_error)
    motor_init                               0x080028cd   Thumb Code    28  motor.o(i.motor_init)
    mt9v03x_init                             0x080028f5   Thumb Code   140  seekfree_mt9v03x.o(i.mt9v03x_init)
    nvic_irq_enable                          0x080029a5   Thumb Code   186  gd32f4xx_misc.o(i.nvic_irq_enable)
    nvic_priority_group_set                  0x08002a69   Thumb Code    10  gd32f4xx_misc.o(i.nvic_priority_group_set)
    ostu                                     0x08002a7d   Thumb Code   426  camera.o(i.ostu)
    pwm_init                                 0x08002c35   Thumb Code   166  wh_pwm.o(i.pwm_init)
    rcu_clock_freq_get                       0x08002cdd   Thumb Code   264  gd32f4xx_rcu.o(i.rcu_clock_freq_get)
    rcu_periph_clock_enable                  0x08002e01   Thumb Code    32  gd32f4xx_rcu.o(i.rcu_periph_clock_enable)
    rcu_periph_reset_disable                 0x08002e25   Thumb Code    32  gd32f4xx_rcu.o(i.rcu_periph_reset_disable)
    rcu_periph_reset_enable                  0x08002e49   Thumb Code    32  gd32f4xx_rcu.o(i.rcu_periph_reset_enable)
    rcu_timer_clock_prescaler_config         0x08002e6d   Thumb Code    32  gd32f4xx_rcu.o(i.rcu_timer_clock_prescaler_config)
    set_config                               0x08002e91   Thumb Code   110  seekfree_mt9v03x.o(i.set_config)
    spi_config                               0x08002f09   Thumb Code    68  wh_spi.o(i.spi_config)
    spi_enable                               0x08002f4d   Thumb Code    10  gd32f4xx_spi.o(i.spi_enable)
    spi_i2s_deinit                           0x08002f59   Thumb Code   162  gd32f4xx_spi.o(i.spi_i2s_deinit)
    spi_init                                 0x08003005   Thumb Code    50  gd32f4xx_spi.o(i.spi_init)
    start_up                                 0x08003039   Thumb Code   114  main.o(i.start_up)
    systick_config                           0x080031b9   Thumb Code    74  systick.o(i.systick_config)
    timer_auto_reload_shadow_enable          0x08003209   Thumb Code    10  gd32f4xx_timer.o(i.timer_auto_reload_shadow_enable)
    timer_channel_capture_value_register_read 0x08003213   Thumb Code    42  gd32f4xx_timer.o(i.timer_channel_capture_value_register_read)
    timer_channel_input_capture_prescaler_config 0x0800323d   Thumb Code    90  gd32f4xx_timer.o(i.timer_channel_input_capture_prescaler_config)
    timer_channel_output_config              0x08003299   Thumb Code   484  gd32f4xx_timer.o(i.timer_channel_output_config)
    timer_channel_output_mode_config         0x08003485   Thumb Code    90  gd32f4xx_timer.o(i.timer_channel_output_mode_config)
    timer_channel_output_pulse_value_config  0x080034df   Thumb Code    38  gd32f4xx_timer.o(i.timer_channel_output_pulse_value_config)
    timer_channel_output_shadow_config       0x08003505   Thumb Code    90  gd32f4xx_timer.o(i.timer_channel_output_shadow_config)
    timer_counter_read                       0x0800355f   Thumb Code     8  gd32f4xx_timer.o(i.timer_counter_read)
    timer_deinit                             0x08003569   Thumb Code   374  gd32f4xx_timer.o(i.timer_deinit)
    timer_enable                             0x080036ed   Thumb Code    10  gd32f4xx_timer.o(i.timer_enable)
    timer_init                               0x080036f9   Thumb Code   122  gd32f4xx_timer.o(i.timer_init)
    timer_input_capture_config               0x08003791   Thumb Code   326  gd32f4xx_timer.o(i.timer_input_capture_config)
    timer_interrupt_enable                   0x080038d7   Thumb Code     8  gd32f4xx_timer.o(i.timer_interrupt_enable)
    timer_interrupt_flag_clear               0x080038df   Thumb Code     6  gd32f4xx_timer.o(i.timer_interrupt_flag_clear)
    timer_interrupt_flag_get                 0x080038e5   Thumb Code    24  gd32f4xx_timer.o(i.timer_interrupt_flag_get)
    timer_interrupt_init                     0x080038fd   Thumb Code   326  wh_pit.o(i.timer_interrupt_init)
    timer_primary_output_config              0x08003a69   Thumb Code    24  gd32f4xx_timer.o(i.timer_primary_output_config)
    timer_quadrature_decoder_mode_config     0x08003a81   Thumb Code    64  gd32f4xx_timer.o(i.timer_quadrature_decoder_mode_config)
    timer_struct_para_init                   0x08003ac1   Thumb Code    22  gd32f4xx_timer.o(i.timer_struct_para_init)
    uart_init                                0x08003ad7   Thumb Code    52  wh_uart.o(i.uart_init)
    uart_putbuff                             0x08003b0b   Thumb Code    42  wh_uart.o(i.uart_putbuff)
    uart_rx_init                             0x08003b35   Thumb Code    44  wh_uart.o(i.uart_rx_init)
    uart_tx_init                             0x08003b61   Thumb Code    44  wh_uart.o(i.uart_tx_init)
    usart_baudrate_set                       0x08003b8d   Thumb Code   224  gd32f4xx_usart.o(i.usart_baudrate_set)
    usart_data_receive                       0x08003c75   Thumb Code    10  gd32f4xx_usart.o(i.usart_data_receive)
    usart_data_transmit                      0x08003c7f   Thumb Code     8  gd32f4xx_usart.o(i.usart_data_transmit)
    usart_deinit                             0x08003c89   Thumb Code   210  gd32f4xx_usart.o(i.usart_deinit)
    usart_enable                             0x08003d65   Thumb Code    10  gd32f4xx_usart.o(i.usart_enable)
    usart_flag_clear                         0x08003d6f   Thumb Code    26  gd32f4xx_usart.o(i.usart_flag_clear)
    usart_flag_get                           0x08003d89   Thumb Code    30  gd32f4xx_usart.o(i.usart_flag_get)
    usart_interrupt_enable                   0x08003da7   Thumb Code    26  gd32f4xx_usart.o(i.usart_interrupt_enable)
    usart_interrupt_flag_clear               0x08003dc1   Thumb Code    26  gd32f4xx_usart.o(i.usart_interrupt_flag_clear)
    usart_interrupt_flag_get                 0x08003ddb   Thumb Code    56  gd32f4xx_usart.o(i.usart_interrupt_flag_get)
    usart_receive_config                     0x08003e13   Thumb Code    16  gd32f4xx_usart.o(i.usart_receive_config)
    usart_transmit_config                    0x08003e23   Thumb Code    16  gd32f4xx_usart.o(i.usart_transmit_config)
    value_init                               0x08003e35   Thumb Code    28  hci.o(i.value_init)
    Region$$Table$$Base                      0x08003e74   Number         0  anon$$obj.o(Region$$Table)
    Region$$Table$$Limit                     0x08003e94   Number         0  anon$$obj.o(Region$$Table)
    flame_cnt                                0x20000000   Data           2  main.o(.data)
    BI_value                                 0x20000002   Data           1  main.o(.data)
    BI_error                                 0x20000003   Data           1  main.o(.data)
    mid_speed                                0x20000004   Data           4  main.o(.data)
    BI_count                                 0x20000008   Data           1  main.o(.data)
    steer_value                              0x2000000a   Data           2  main.o(.data)
    i                                        0x2000000c   Data           1  main.o(.data)
    j                                        0x2000000d   Data           1  main.o(.data)
    temp                                     0x2000000e   Data           1  main.o(.data)
    page                                     0x2000000f   Data           1  main.o(.data)
    readvalue1                               0x20000014   Data           2  gd32f4xx_it.o(.data)
    readvalue2                               0x20000016   Data           2  gd32f4xx_it.o(.data)
    ccnumber                                 0x20000018   Data           2  gd32f4xx_it.o(.data)
    count                                    0x2000001c   Data           4  gd32f4xx_it.o(.data)
    fre                                      0x20000020   Data           2  gd32f4xx_it.o(.data)
    SystemCoreClock                          0x20000024   Data           4  system_gd32f4xx.o(.data)
    temp1                                    0x20000048   Data           2  encoder.o(.data)
    temp2                                    0x2000004a   Data           2  encoder.o(.data)
    temp3                                    0x2000004c   Data           2  encoder.o(.data)
    temp4                                    0x2000004e   Data           2  encoder.o(.data)
    value1                                   0x20000050   Data           2  encoder.o(.data)
    value2                                   0x20000052   Data           2  encoder.o(.data)
    statue_flag                              0x200000a4   Data           1  hci.o(.data)
    screen_num                               0x200000a5   Data           1  hci.o(.data)
    position1_x                              0x200000a6   Data           1  hci.o(.data)
    position1_y                              0x200000a7   Data           1  hci.o(.data)
    position                                 0x200000a8   Data           1  hci.o(.data)
    move_flag                                0x200000a9   Data           1  hci.o(.data)
    high_speed                               0x200000ac   Data           4  hci.o(.data)
    low_speed                                0x200000b0   Data           4  hci.o(.data)
    s_a_value                                0x200000b4   Data           4  hci.o(.data)
    s_b_value                                0x200000b8   Data           4  hci.o(.data)
    s_c_value                                0x200000bc   Data           4  hci.o(.data)
    P_value                                  0x200000c0   Data           4  hci.o(.data)
    I_value                                  0x200000c4   Data           4  hci.o(.data)
    D_value                                  0x200000c8   Data           4  hci.o(.data)
    PD_P                                     0x200000cc   Data           4  hci.o(.data)
    b_value                                  0x200000d0   Data           4  hci.o(.data)
    PD_D                                     0x200000d4   Data           4  hci.o(.data)
    Set_speed_pwm                            0x200000d8   Data           4  hci.o(.data)
    res2                                     0x200000dc   Data           4  hci.o(.data)
    res3                                     0x200000e0   Data           4  hci.o(.data)
    res4                                     0x200000e4   Data           4  hci.o(.data)
    res5                                     0x200000e8   Data           4  hci.o(.data)
    res6                                     0x200000ec   Data           4  hci.o(.data)
    value                                    0x200000f0   Data           6  hci.o(.data)
    speed_value                              0x200000f6   Data           4  hci.o(.data)
    temp_value                               0x200000fc   Data           4  hci.o(.data)
    uiTempPID_P                              0x20000100   Data           4  hci.o(.data)
    uiTempPID_I                              0x20000104   Data           4  hci.o(.data)
    uiTempPID_D                              0x20000108   Data           4  hci.o(.data)
    uiTempPD_a                               0x2000010c   Data           4  hci.o(.data)
    uiTempPD_b                               0x20000110   Data           4  hci.o(.data)
    uiTempPD_D                               0x20000114   Data           4  hci.o(.data)
    uiTempSpeed                              0x20000118   Data           4  hci.o(.data)
    uiTempMaxSpeed                           0x2000011c   Data           4  hci.o(.data)
    uiTempMinSpeed                           0x20000120   Data           4  hci.o(.data)
    uiTempS_A                                0x20000124   Data           4  hci.o(.data)
    uiTempS_B                                0x20000128   Data           4  hci.o(.data)
    uiTempS_C                                0x2000012c   Data           4  hci.o(.data)
    uiTempres1                               0x20000130   Data           4  hci.o(.data)
    uiTempres2                               0x20000134   Data           4  hci.o(.data)
    uiTempres3                               0x20000138   Data           4  hci.o(.data)
    uiTempres4                               0x2000013c   Data           4  hci.o(.data)
    uiTempres5                               0x20000140   Data           4  hci.o(.data)
    uiTempres6                               0x20000144   Data           4  hci.o(.data)
    uc_record_P_value                        0x20000148   Data           8  hci.o(.data)
    uc_record_I_value                        0x20000150   Data           8  hci.o(.data)
    uc_record_D_value                        0x20000158   Data           8  hci.o(.data)
    uc_record_PD_P                           0x20000160   Data           8  hci.o(.data)
    uc_record_b_value                        0x20000168   Data           8  hci.o(.data)
    uc_record_PD_D                           0x20000170   Data           8  hci.o(.data)
    uc_record_mid_speed                      0x20000178   Data           8  hci.o(.data)
    uc_record_high_speed                     0x20000180   Data           8  hci.o(.data)
    uc_record_low_speed                      0x20000188   Data           8  hci.o(.data)
    uc_record_s_a_value                      0x20000190   Data           8  hci.o(.data)
    uc_record_s_b_value                      0x20000198   Data           8  hci.o(.data)
    uc_record_s_c_value                      0x200001a0   Data           8  hci.o(.data)
    uc_record_Set_speed_pwm                  0x200001a8   Data           8  hci.o(.data)
    uc_record_res2                           0x200001b0   Data           8  hci.o(.data)
    uc_record_res3                           0x200001b8   Data           8  hci.o(.data)
    uc_record_res4                           0x200001c0   Data           8  hci.o(.data)
    uc_record_res5                           0x200001c8   Data           8  hci.o(.data)
    uc_record_res6                           0x200001d0   Data           8  hci.o(.data)
    ms_cnt                                   0x200001d8   Data           2  hci.o(.data)
    x                                        0x200001da   Data           2  hci.o(.data)
    Reload                                   0x20000280   Data           2  pwm.o(.data)
    mt9v03x_finish_flag                      0x20000284   Data           1  seekfree_mt9v03x.o(.data)
    camera_buffer_addr                       0x20000288   Data           4  seekfree_mt9v03x.o(.data)
    receive                                  0x2000028c   Data           3  seekfree_mt9v03x.o(.data)
    receive_num                              0x2000028f   Data           1  seekfree_mt9v03x.o(.data)
    uart_receive_flag                        0x20000290   Data           1  seekfree_mt9v03x.o(.data)
    MT9V03X_CFG                              0x20000292   Data          36  seekfree_mt9v03x.o(.data)
    GET_CFG                                  0x200002b6   Data          32  seekfree_mt9v03x.o(.data)
    uart_periph                              0x20000302   Data           1  uart.o(.data)
    kp_a                                     0x20000304   Data           4  motor.o(.data)
    MID_flag                                 0x20000308   Data           1  motor.o(.data)
    h_speed                                  0x2000030c   Data           4  motor.o(.data)
    l_speed                                  0x20000310   Data           4  motor.o(.data)
    l_transpose                              0x20000314   Data           1  motor.o(.data)
    r_transpose                              0x20000315   Data           1  motor.o(.data)
    stopflag                                 0x20000316   Data           1  motor.o(.data)
    l_filter_speed                           0x20000318   Data           2  motor.o(.data)
    r_filter_speed                           0x2000031a   Data           2  motor.o(.data)
    l_real_speed                             0x2000031c   Data           2  motor.o(.data)
    r_real_speed                             0x2000031e   Data           2  motor.o(.data)
    l_l_filter_speed                         0x20000320   Data           2  motor.o(.data)
    l_r_filter_speed                         0x20000322   Data           2  motor.o(.data)
    __stdout                                 0x2000034c   Data           4  stdout.o(.data)
    mt9v03x_image                            0x20000350   Data       22560  seekfree_mt9v03x.o(.bss)
    Img                                      0x20005b70   Data       22560  seekfree_mt9v03x.o(.bss)
    motor_l                                  0x2000b390   Data          28  motor.o(.bss)
    motor_r                                  0x2000b3ac   Data          28  motor.o(.bss)
    S3010                                    0x2000b3c8   Data          40  motor.o(.bss)
    RS_380                                   0x2000b3f0   Data          40  motor.o(.bss)
    __initial_sp                             0x2000d418   Data           0  startup_gd32f450.o(STACK)



==============================================================================

Memory Map of the image

  Image Entry point : 0x080001ad

  Load Region LR_IROM1 (Base: 0x08000000, Size: 0x000041e4, Max: 0x00200000, ABSOLUTE, COMPRESSED[0x00003f68])

    Execution Region ER_IROM1 (Exec base: 0x08000000, Load base: 0x08000000, Size: 0x00003e94, Max: 0x00200000, ABSOLUTE)

    Exec Addr    Load Addr    Size         Type   Attr      Idx    E Section Name        Object

    0x08000000   0x08000000   0x000001ac   Data   RO          838    RESET               startup_gd32f450.o
    0x080001ac   0x080001ac   0x00000000   Code   RO         7813  * .ARM.Collect$$$$00000000  mc_w.l(entry.o)
    0x080001ac   0x080001ac   0x00000004   Code   RO         8134    .ARM.Collect$$$$00000001  mc_w.l(entry2.o)
    0x080001b0   0x080001b0   0x00000004   Code   RO         8137    .ARM.Collect$$$$00000004  mc_w.l(entry5.o)
    0x080001b4   0x080001b4   0x00000000   Code   RO         8139    .ARM.Collect$$$$00000008  mc_w.l(entry7b.o)
    0x080001b4   0x080001b4   0x00000000   Code   RO         8141    .ARM.Collect$$$$0000000A  mc_w.l(entry8b.o)
    0x080001b4   0x080001b4   0x00000008   Code   RO         8142    .ARM.Collect$$$$0000000B  mc_w.l(entry9a.o)
    0x080001bc   0x080001bc   0x00000004   Code   RO         8149    .ARM.Collect$$$$0000000E  mc_w.l(entry12b.o)
    0x080001c0   0x080001c0   0x00000000   Code   RO         8144    .ARM.Collect$$$$0000000F  mc_w.l(entry10a.o)
    0x080001c0   0x080001c0   0x00000000   Code   RO         8146    .ARM.Collect$$$$00000011  mc_w.l(entry11a.o)
    0x080001c0   0x080001c0   0x00000004   Code   RO         8135    .ARM.Collect$$$$00002712  mc_w.l(entry2.o)
    0x080001c4   0x080001c4   0x00000024   Code   RO          839    .text               startup_gd32f450.o
    0x080001e8   0x080001e8   0x0000002c   Code   RO         8151    .text               mc_w.l(uidiv.o)
    0x08000214   0x08000214   0x00000024   Code   RO         8177    .text               mc_w.l(init.o)
    0x08000238   0x08000238   0x00000056   Code   RO         8191    .text               mc_w.l(__dczerorl2.o)
    0x0800028e   0x0800028e   0x00000004   Code   RO          398    i.BusFault_Handler  gd32f4xx_it.o
    0x08000292   0x08000292   0x00000008   Code   RO         7736    i.Camera_Init       camera.o
    0x0800029a   0x0800029a   0x00000002   PAD
    0x0800029c   0x0800029c   0x00000028   Code   RO         7737    i.Camera_oled_display  camera.o
    0x080002c4   0x080002c4   0x0000007e   Code   RO         7244    i.Clr_Screen        oled.o
    0x08000342   0x08000342   0x00000002   PAD
    0x08000344   0x08000344   0x0000001c   Code   RO          399    i.DCI_IRQHandler    gd32f4xx_it.o
    0x08000360   0x08000360   0x00000088   Code   RO          400    i.DMA1_Channel7_IRQHandler  gd32f4xx_it.o
    0x080003e8   0x080003e8   0x00000002   Code   RO          401    i.DebugMon_Handler  gd32f4xx_it.o
    0x080003ea   0x080003ea   0x00000002   PAD
    0x080003ec   0x080003ec   0x00000078   Code   RO          402    i.EXTI5_9_IRQHandler  gd32f4xx_it.o
    0x08000464   0x08000464   0x0000045c   Code   RO         6837    i.Encoder_Init      encoder.o
    0x080008c0   0x080008c0   0x00000024   Code   RO         6838    i.Encoder_Read      encoder.o
    0x080008e4   0x080008e4   0x00000004   Code   RO          403    i.HardFault_Handler  gd32f4xx_it.o
    0x080008e8   0x080008e8   0x00000050   Code   RO         7143    i.KEY_Init          key.o
    0x08000938   0x08000938   0x0000007c   Code   RO         7204    i.LED_Init          led.o
    0x080009b4   0x080009b4   0x00000004   Code   RO          404    i.MemManage_Handler  gd32f4xx_it.o
    0x080009b8   0x080009b8   0x00000002   Code   RO          405    i.NMI_Handler       gd32f4xx_it.o
    0x080009ba   0x080009ba   0x00000002   PAD
    0x080009bc   0x080009bc   0x00000028   Code   RO          246    i.NVIC_SetPriority  systick.o
    0x080009e4   0x080009e4   0x000000cc   Code   RO         7245    i.OLED_Init         oled.o
    0x08000ab0   0x08000ab0   0x00000028   Code   RO         7247    i.OLED_Set_Pos      oled.o
    0x08000ad8   0x08000ad8   0x00000012   Code   RO         7254    i.OLED_WR_Byte      oled.o
    0x08000aea   0x08000aea   0x00000002   PAD
    0x08000aec   0x08000aec   0x00000134   Code   RO         7255    i.OLED_camera       oled.o
    0x08000c20   0x08000c20   0x000001c0   Code   RO         7404    i.PWM_Config        pwm.o
    0x08000de0   0x08000de0   0x00000044   Code   RO         7405    i.PWM_Duty_Updata   pwm.o
    0x08000e24   0x08000e24   0x00000002   Code   RO          406    i.PendSV_Handler    gd32f4xx_it.o
    0x08000e26   0x08000e26   0x00000002   Code   RO          407    i.SVC_Handler       gd32f4xx_it.o
    0x08000e28   0x08000e28   0x00000050   Code   RO         7146    i.SWITCH_Init       key.o
    0x08000e78   0x08000e78   0x00000008   Code   RO          408    i.SysTick_Handler   gd32f4xx_it.o
    0x08000e80   0x08000e80   0x000000b8   Code   RO          797    i.SystemInit        system_gd32f4xx.o
    0x08000f38   0x08000f38   0x00000046   Code   RO         7517    i.TFTSPI_Addr_Rst   tft.o
    0x08000f7e   0x08000f7e   0x00000024   Code   RO         7518    i.TFTSPI_CLS        tft.o
    0x08000fa2   0x08000fa2   0x00000002   PAD
    0x08000fa4   0x08000fa4   0x00000058   Code   RO         7521    i.TFTSPI_Write_Byte  tft.o
    0x08000ffc   0x08000ffc   0x0000005c   Code   RO         7522    i.TFTSPI_Write_Cmd  tft.o
    0x08001058   0x08001058   0x0000005c   Code   RO         7523    i.TFTSPI_Write_Word  tft.o
    0x080010b4   0x080010b4   0x000001e0   Code   RO         7524    i.TFT_Init          tft.o
    0x08001294   0x08001294   0x00000130   Code   RO         7525    i.TFT_SPI_Init      tft.o
    0x080013c4   0x080013c4   0x0000001c   Code   RO          409    i.TIMER0_TRG_CMT_TIMER10_IRQHandler  gd32f4xx_it.o
    0x080013e0   0x080013e0   0x00000040   Code   RO          410    i.TIMER0_UP_TIMER9_IRQHandler  gd32f4xx_it.o
    0x08001420   0x08001420   0x000000c4   Code   RO          411    i.TIMER1_IRQHandler  gd32f4xx_it.o
    0x080014e4   0x080014e4   0x00000084   Code   RO         6839    i.TIMER2_IRQHandler  encoder.o
    0x08001568   0x08001568   0x00000044   Code   RO         6840    i.TIMER3_IRQHandler  encoder.o
    0x080015ac   0x080015ac   0x00000084   Code   RO         6841    i.TIMER4_IRQHandler  encoder.o
    0x08001630   0x08001630   0x00000028   Code   RO          412    i.TIMER6_IRQHandler  gd32f4xx_it.o
    0x08001658   0x08001658   0x00000078   Code   RO         7586    i.UART_Init         uart.o
    0x080016d0   0x080016d0   0x0000007c   Code   RO          413    i.USART0_IRQHandler  gd32f4xx_it.o
    0x0800174c   0x0800174c   0x00000004   Code   RO          414    i.UsageFault_Handler  gd32f4xx_it.o
    0x08001750   0x08001750   0x00000020   Code   RO         7863    i.__0printf$1       mc_w.l(printf1.o)
    0x08001770   0x08001770   0x0000000e   Code   RO         8185    i.__scatterload_copy  mc_w.l(handlers.o)
    0x0800177e   0x0800177e   0x00000002   Code   RO         8186    i.__scatterload_null  mc_w.l(handlers.o)
    0x08001780   0x08001780   0x0000000e   Code   RO         8187    i.__scatterload_zeroinit  mc_w.l(handlers.o)
    0x0800178e   0x0800178e   0x00000002   PAD
    0x08001790   0x08001790   0x00000154   Code   RO         7870    i._printf_core      mc_w.l(printf1.o)
    0x080018e4   0x080018e4   0x00000014   Code   RO         1788    i.dci_capture_enable  gd32f4xx_dci.o
    0x080018f8   0x080018f8   0x00000014   Code   RO         1793    i.dci_deinit        gd32f4xx_dci.o
    0x0800190c   0x0800190c   0x00000014   Code   RO         1797    i.dci_enable        gd32f4xx_dci.o
    0x08001920   0x08001920   0x00000034   Code   RO         1799    i.dci_init          gd32f4xx_dci.o
    0x08001954   0x08001954   0x00000010   Code   RO         1801    i.dci_interrupt_enable  gd32f4xx_dci.o
    0x08001964   0x08001964   0x00000010   Code   RO         1802    i.dci_interrupt_flag_clear  gd32f4xx_dci.o
    0x08001974   0x08001974   0x00000018   Code   RO         1803    i.dci_interrupt_flag_get  gd32f4xx_dci.o
    0x0800198c   0x0800198c   0x00000068   Code   RO         7658    i.dcmi_dma_init     zf_camera.o
    0x080019f4   0x080019f4   0x000000d8   Code   RO         7659    i.dcmi_init         zf_camera.o
    0x08001acc   0x08001acc   0x00000014   Code   RO          247    i.delay_1ms         systick.o
    0x08001ae0   0x08001ae0   0x00000018   Code   RO          248    i.delay_decrement   systick.o
    0x08001af8   0x08001af8   0x00000020   Code   RO         1927    i.dma_channel_disable  gd32f4xx_dma.o
    0x08001b18   0x08001b18   0x00000020   Code   RO         1928    i.dma_channel_enable  gd32f4xx_dma.o
    0x08001b38   0x08001b38   0x00000026   Code   RO         1929    i.dma_channel_subperipheral_select  gd32f4xx_dma.o
    0x08001b5e   0x08001b5e   0x000000a4   Code   RO         1932    i.dma_deinit        gd32f4xx_dma.o
    0x08001c02   0x08001c02   0x0000003e   Code   RO         1937    i.dma_interrupt_disable  gd32f4xx_dma.o
    0x08001c40   0x08001c40   0x0000003e   Code   RO         1939    i.dma_interrupt_flag_clear  gd32f4xx_dma.o
    0x08001c7e   0x08001c7e   0x00000204   Code   RO         1940    i.dma_interrupt_flag_get  gd32f4xx_dma.o
    0x08001e82   0x08001e82   0x00000002   PAD
    0x08001e84   0x08001e84   0x00000158   Code   RO         1952    i.dma_single_data_mode_init  gd32f4xx_dma.o
    0x08001fdc   0x08001fdc   0x00000010   Code   RO         1957    i.dma_transfer_number_config  gd32f4xx_dma.o
    0x08001fec   0x08001fec   0x0000000c   Code   RO         2947    i.exti_flag_clear   gd32f4xx_exti.o
    0x08001ff8   0x08001ff8   0x00000024   Code   RO         2953    i.exti_interrupt_flag_get  gd32f4xx_exti.o
    0x0800201c   0x0800201c   0x00000024   Code   RO         6417    i.flash_buffer_translate  wh_flash.o
    0x08002040   0x08002040   0x00000038   Code   RO         7593    i.fputc             uart.o
    0x08002078   0x08002078   0x000000a0   Code   RO         7439    i.get_config        seekfree_mt9v03x.o
    0x08002118   0x08002118   0x0000005e   Code   RO         3304    i.gpio_af_set       gd32f4xx_gpio.o
    0x08002176   0x08002176   0x00000010   Code   RO         3310    i.gpio_input_bit_get  gd32f4xx_gpio.o
    0x08002186   0x08002186   0x0000001c   Code   RO         6481    i.gpio_input_init   wh_gpio.o
    0x080021a2   0x080021a2   0x0000004e   Code   RO         3312    i.gpio_mode_set     gd32f4xx_gpio.o
    0x080021f0   0x080021f0   0x0000002c   Code   RO         6482    i.gpio_output_init  wh_gpio.o
    0x0800221c   0x0800221c   0x00000042   Code   RO         3314    i.gpio_output_options_set  gd32f4xx_gpio.o
    0x0800225e   0x0800225e   0x0000000a   Code   RO         6483    i.gpio_set_output   wh_gpio.o
    0x08002268   0x08002268   0x00000018   Code   RO         3408    i.i2c_ack_config    gd32f4xx_i2c.o
    0x08002280   0x08002280   0x000000d8   Code   RO         3412    i.i2c_clock_config  gd32f4xx_i2c.o
    0x08002358   0x08002358   0x0000007c   Code   RO         6799    i.i2c_config        wh_i2c.o
    0x080023d4   0x080023d4   0x00000006   Code   RO         3414    i.i2c_data_transmit  gd32f4xx_i2c.o
    0x080023da   0x080023da   0x0000000a   Code   RO         3422    i.i2c_enable        gd32f4xx_i2c.o
    0x080023e4   0x080023e4   0x00000028   Code   RO         3423    i.i2c_flag_clear    gd32f4xx_i2c.o
    0x0800240c   0x0800240c   0x0000001e   Code   RO         3424    i.i2c_flag_get      gd32f4xx_i2c.o
    0x0800242a   0x0800242a   0x00000014   Code   RO         3429    i.i2c_master_addressing  gd32f4xx_i2c.o
    0x0800243e   0x0800243e   0x0000001c   Code   RO         3430    i.i2c_mode_addr_config  gd32f4xx_i2c.o
    0x0800245a   0x0800245a   0x00000002   PAD
    0x0800245c   0x0800245c   0x000000b0   Code   RO         6802    i.i2c_send_reg_byte  wh_i2c.o
    0x0800250c   0x0800250c   0x0000000a   Code   RO         3443    i.i2c_start_on_bus  gd32f4xx_i2c.o
    0x08002516   0x08002516   0x0000000a   Code   RO         3444    i.i2c_stop_on_bus   gd32f4xx_i2c.o
    0x08002520   0x08002520   0x00000018   Code   RO         6316    i.led_toggle        gd32f450_board.o
    0x08002538   0x08002538   0x0000001c   Code   RO            3    i.main              main.o
    0x08002554   0x08002554   0x000000fc   Code   RO         7694    i.motor_control     motor.o
    0x08002650   0x08002650   0x0000027c   Code   RO         7695    i.motor_error       motor.o
    0x080028cc   0x080028cc   0x00000028   Code   RO         7696    i.motor_init        motor.o
    0x080028f4   0x080028f4   0x000000b0   Code   RO         7443    i.mt9v03x_init      seekfree_mt9v03x.o
    0x080029a4   0x080029a4   0x000000c4   Code   RO         3877    i.nvic_irq_enable   gd32f4xx_misc.o
    0x08002a68   0x08002a68   0x00000014   Code   RO         3878    i.nvic_priority_group_set  gd32f4xx_misc.o
    0x08002a7c   0x08002a7c   0x000001b8   Code   RO         7742    i.ostu              camera.o
    0x08002c34   0x08002c34   0x000000a6   Code   RO         6549    i.pwm_init          wh_pwm.o
    0x08002cda   0x08002cda   0x00000002   PAD
    0x08002cdc   0x08002cdc   0x00000124   Code   RO         4076    i.rcu_clock_freq_get  gd32f4xx_rcu.o
    0x08002e00   0x08002e00   0x00000024   Code   RO         4095    i.rcu_periph_clock_enable  gd32f4xx_rcu.o
    0x08002e24   0x08002e24   0x00000024   Code   RO         4098    i.rcu_periph_reset_disable  gd32f4xx_rcu.o
    0x08002e48   0x08002e48   0x00000024   Code   RO         4099    i.rcu_periph_reset_enable  gd32f4xx_rcu.o
    0x08002e6c   0x08002e6c   0x00000024   Code   RO         4111    i.rcu_timer_clock_prescaler_config  gd32f4xx_rcu.o
    0x08002e90   0x08002e90   0x00000078   Code   RO         7445    i.set_config        seekfree_mt9v03x.o
    0x08002f08   0x08002f08   0x00000044   Code   RO         6586    i.spi_config        wh_spi.o
    0x08002f4c   0x08002f4c   0x0000000a   Code   RO         4941    i.spi_enable        gd32f4xx_spi.o
    0x08002f56   0x08002f56   0x00000002   PAD
    0x08002f58   0x08002f58   0x000000ac   Code   RO         4945    i.spi_i2s_deinit    gd32f4xx_spi.o
    0x08003004   0x08003004   0x00000032   Code   RO         4950    i.spi_init          gd32f4xx_spi.o
    0x08003036   0x08003036   0x00000002   PAD
    0x08003038   0x08003038   0x0000007c   Code   RO            4    i.start_up          main.o
    0x080030b4   0x080030b4   0x000000fc   Code   RO          798    i.system_clock_200m_25m_hxtal  system_gd32f4xx.o
    0x080031b0   0x080031b0   0x00000008   Code   RO          799    i.system_clock_config  system_gd32f4xx.o
    0x080031b8   0x080031b8   0x00000050   Code   RO          249    i.systick_config    systick.o
    0x08003208   0x08003208   0x0000000a   Code   RO         5230    i.timer_auto_reload_shadow_enable  gd32f4xx_timer.o
    0x08003212   0x08003212   0x0000002a   Code   RO         5238    i.timer_channel_capture_value_register_read  gd32f4xx_timer.o
    0x0800323c   0x0800323c   0x0000005a   Code   RO         5244    i.timer_channel_input_capture_prescaler_config  gd32f4xx_timer.o
    0x08003296   0x08003296   0x00000002   PAD
    0x08003298   0x08003298   0x000001ec   Code   RO         5247    i.timer_channel_output_config  gd32f4xx_timer.o
    0x08003484   0x08003484   0x0000005a   Code   RO         5249    i.timer_channel_output_mode_config  gd32f4xx_timer.o
    0x080034de   0x080034de   0x00000026   Code   RO         5251    i.timer_channel_output_pulse_value_config  gd32f4xx_timer.o
    0x08003504   0x08003504   0x0000005a   Code   RO         5252    i.timer_channel_output_shadow_config  gd32f4xx_timer.o
    0x0800355e   0x0800355e   0x00000008   Code   RO         5258    i.timer_counter_read  gd32f4xx_timer.o
    0x08003566   0x08003566   0x00000002   PAD
    0x08003568   0x08003568   0x00000184   Code   RO         5261    i.timer_deinit      gd32f4xx_timer.o
    0x080036ec   0x080036ec   0x0000000a   Code   RO         5266    i.timer_enable      gd32f4xx_timer.o
    0x080036f6   0x080036f6   0x00000002   PAD
    0x080036f8   0x080036f8   0x00000098   Code   RO         5276    i.timer_init        gd32f4xx_timer.o
    0x08003790   0x08003790   0x00000146   Code   RO         5277    i.timer_input_capture_config  gd32f4xx_timer.o
    0x080038d6   0x080038d6   0x00000008   Code   RO         5283    i.timer_interrupt_enable  gd32f4xx_timer.o
    0x080038de   0x080038de   0x00000006   Code   RO         5284    i.timer_interrupt_flag_clear  gd32f4xx_timer.o
    0x080038e4   0x080038e4   0x00000018   Code   RO         5285    i.timer_interrupt_flag_get  gd32f4xx_timer.o
    0x080038fc   0x080038fc   0x0000016c   Code   RO         6529    i.timer_interrupt_init  wh_pit.o
    0x08003a68   0x08003a68   0x00000018   Code   RO         5291    i.timer_primary_output_config  gd32f4xx_timer.o
    0x08003a80   0x08003a80   0x00000040   Code   RO         5292    i.timer_quadrature_decoder_mode_config  gd32f4xx_timer.o
    0x08003ac0   0x08003ac0   0x00000016   Code   RO         5296    i.timer_struct_para_init  gd32f4xx_timer.o
    0x08003ad6   0x08003ad6   0x00000034   Code   RO         6720    i.uart_init         wh_uart.o
    0x08003b0a   0x08003b0a   0x0000002a   Code   RO         6724    i.uart_putbuff      wh_uart.o
    0x08003b34   0x08003b34   0x0000002c   Code   RO         6728    i.uart_rx_init      wh_uart.o
    0x08003b60   0x08003b60   0x0000002c   Code   RO         6729    i.uart_tx_init      wh_uart.o
    0x08003b8c   0x08003b8c   0x000000e8   Code   RO         5914    i.usart_baudrate_set  gd32f4xx_usart.o
    0x08003c74   0x08003c74   0x0000000a   Code   RO         5918    i.usart_data_receive  gd32f4xx_usart.o
    0x08003c7e   0x08003c7e   0x00000008   Code   RO         5919    i.usart_data_transmit  gd32f4xx_usart.o
    0x08003c86   0x08003c86   0x00000002   PAD
    0x08003c88   0x08003c88   0x000000dc   Code   RO         5920    i.usart_deinit      gd32f4xx_usart.o
    0x08003d64   0x08003d64   0x0000000a   Code   RO         5924    i.usart_enable      gd32f4xx_usart.o
    0x08003d6e   0x08003d6e   0x0000001a   Code   RO         5925    i.usart_flag_clear  gd32f4xx_usart.o
    0x08003d88   0x08003d88   0x0000001e   Code   RO         5926    i.usart_flag_get    gd32f4xx_usart.o
    0x08003da6   0x08003da6   0x0000001a   Code   RO         5934    i.usart_interrupt_enable  gd32f4xx_usart.o
    0x08003dc0   0x08003dc0   0x0000001a   Code   RO         5935    i.usart_interrupt_flag_clear  gd32f4xx_usart.o
    0x08003dda   0x08003dda   0x00000038   Code   RO         5936    i.usart_interrupt_flag_get  gd32f4xx_usart.o
    0x08003e12   0x08003e12   0x00000010   Code   RO         5951    i.usart_receive_config  gd32f4xx_usart.o
    0x08003e22   0x08003e22   0x00000010   Code   RO         5966    i.usart_transmit_config  gd32f4xx_usart.o
    0x08003e32   0x08003e32   0x00000002   PAD
    0x08003e34   0x08003e34   0x00000034   Code   RO         6980    i.value_init        hci.o
    0x08003e68   0x08003e68   0x0000000c   Data   RO         7698    .constdata          motor.o
    0x08003e74   0x08003e74   0x00000020   Data   RO         8183    Region$$Table       anon$$obj.o


    Execution Region RW_IRAM1 (Exec base: 0x20000000, Load base: 0x08003e94, Size: 0x0000d418, Max: 0x00070000, ABSOLUTE, COMPRESSED[0x000000d4])

    Exec Addr    Load Addr    Size         Type   Attr      Idx    E Section Name        Object

    0x20000000   COMPRESSED   0x00000010   Data   RW            6    .data               main.o
    0x20000010   COMPRESSED   0x00000004   Data   RW          250    .data               systick.o
    0x20000014   COMPRESSED   0x0000000e   Data   RW          415    .data               gd32f4xx_it.o
    0x20000022   COMPRESSED   0x00000002   PAD
    0x20000024   COMPRESSED   0x00000004   Data   RW          800    .data               system_gd32f4xx.o
    0x20000028   COMPRESSED   0x0000001e   Data   RW         6317    .data               gd32f450_board.o
    0x20000046   COMPRESSED   0x00000002   PAD
    0x20000048   COMPRESSED   0x0000005c   Data   RW         6842    .data               encoder.o
    0x200000a4   COMPRESSED   0x00000138   Data   RW         6983    .data               hci.o
    0x200001dc   COMPRESSED   0x00000079   Data   RW         7148    .data               key.o
    0x20000255   COMPRESSED   0x00000003   PAD
    0x20000258   COMPRESSED   0x00000028   Data   RW         7208    .data               led.o
    0x20000280   COMPRESSED   0x00000002   Data   RW         7407    .data               pwm.o
    0x20000282   COMPRESSED   0x00000002   PAD
    0x20000284   COMPRESSED   0x00000052   Data   RW         7449    .data               seekfree_mt9v03x.o
    0x200002d6   COMPRESSED   0x00000002   PAD
    0x200002d8   COMPRESSED   0x0000002b   Data   RW         7594    .data               uart.o
    0x20000303   COMPRESSED   0x00000001   PAD
    0x20000304   COMPRESSED   0x00000044   Data   RW         7699    .data               motor.o
    0x20000348   COMPRESSED   0x00000001   Data   RW         7743    .data               camera.o
    0x20000349   COMPRESSED   0x00000003   PAD
    0x2000034c   COMPRESSED   0x00000004   Data   RW         8150    .data               mc_w.l(stdout.o)
    0x20000350        -       0x0000b040   Zero   RW         7448    .bss                seekfree_mt9v03x.o
    0x2000b390        -       0x00000088   Zero   RW         7697    .bss                motor.o
    0x2000b418        -       0x00002000   Zero   RW          836    STACK               startup_gd32f450.o


==============================================================================

Image component sizes


      Code (inc. data)   RO Data    RW Data    ZI Data      Debug   Object Name

       488         24          0          1          0       3471   camera.o
      1484        132          0         92          0      47990   encoder.o
        24          8          0         30          0       1317   gd32f450_board.o
       168         32          0          0          0       5209   gd32f4xx_dci.o
      1266          4          0          0          0       8064   gd32f4xx_dma.o
        48         10          0          0          0       1504   gd32f4xx_exti.o
       254          0          0          0          0       3541   gd32f4xx_gpio.o
       394         12          0          0          0       7741   gd32f4xx_i2c.o
       768        102          0         14          0      93813   gd32f4xx_it.o
       216         20          0          0          0       1684   gd32f4xx_misc.o
       436         44          0          0          0       4783   gd32f4xx_rcu.o
       232         10          0          0          0       2877   gd32f4xx_spi.o
      1884         52          0          0          0      15141   gd32f4xx_timer.o
       676         18          0          0          0       9398   gd32f4xx_usart.o
        52         24          0        312          0       4684   hci.o
       160         34          0        121          0       3308   key.o
       124         18          0         40          0       1639   led.o
       152         14          0         16          0       8030   main.o
       928         86         12         68        136       4805   motor.o
       696          4          0          0          0       4069   oled.o
       516         24          0          2          0       2176   pwm.o
       456         84          0         82      45120       4010   seekfree_mt9v03x.o
        36          8        428          0       8192        956   startup_gd32f450.o
       444         28          0          4          0       3195   system_gd32f4xx.o
       164         24          0          4          0      34630   systick.o
      1162         32          0          0          0       5508   tft.o
         0          0          0          0          0       3492   track.o
       176         42          0         43          0       2666   uart.o
        36          0          0          0          0       1321   wh_flash.o
        82          0          0          0          0       2387   wh_gpio.o
       300         14          0          0          0       1569   wh_i2c.o
       364         38          0          0          0        951   wh_pit.o
       166          0          0          0          0       1047   wh_pwm.o
        68          0          0          0          0        789   wh_spi.o
       182          0          0          0          0       3481   wh_uart.o
       320         24          0          0          0       1676   zf_camera.o

    ----------------------------------------------------------------------
     14954        966        472        844      53448     302922   Object Totals
         0          0         32          0          0          0   (incl. Generated)
        32          0          0         15          0          0   (incl. Padding)

    ----------------------------------------------------------------------

      Code (inc. data)   RO Data    RW Data    ZI Data      Debug   Library Member Name

        86          0          0          0          0          0   __dczerorl2.o
         0          0          0          0          0          0   entry.o
         0          0          0          0          0          0   entry10a.o
         0          0          0          0          0          0   entry11a.o
         4          0          0          0          0          0   entry12b.o
         8          4          0          0          0          0   entry2.o
         4          0          0          0          0          0   entry5.o
         0          0          0          0          0          0   entry7b.o
         0          0          0          0          0          0   entry8b.o
         8          4          0          0          0          0   entry9a.o
        30          0          0          0          0          0   handlers.o
        36          8          0          0          0         68   init.o
       372         14          0          0          0        184   printf1.o
         0          0          0          4          0          0   stdout.o
        44          0          0          0          0         80   uidiv.o

    ----------------------------------------------------------------------
       594         30          0          4          0        332   Library Totals
         2          0          0          0          0          0   (incl. Padding)

    ----------------------------------------------------------------------

      Code (inc. data)   RO Data    RW Data    ZI Data      Debug   Library Name

       592         30          0          4          0        332   mc_w.l

    ----------------------------------------------------------------------
       594         30          0          4          0        332   Library Totals

    ----------------------------------------------------------------------

==============================================================================


      Code (inc. data)   RO Data    RW Data    ZI Data      Debug   

     15548        996        472        848      53448     289486   Grand Totals
     15548        996        472        212      53448     289486   ELF Image Totals (compressed)
     15548        996        472        212          0          0   ROM Totals

==============================================================================

    Total RO  Size (Code + RO Data)                16020 (  15.64kB)
    Total RW  Size (RW Data + ZI Data)             54296 (  53.02kB)
    Total ROM Size (Code + RO Data + RW Data)      16232 (  15.85kB)

==============================================================================

