Component: ARM Compiler 5.06 update 7 (build 960) Tool: armlink [4d3601]

==============================================================================

Section Cross References

    main.o(i.main) refers to systick.o(i.systick_config) for systick_config
    main.o(i.main) refers to gd32f450_board.o(i.led_init) for led_init
    main.o(i.main) refers to wh_i2c.o(i.i2c_config) for i2c_config
    main.o(i.main) refers to hci.o(i.HCI_init) for HCI_init
    main.o(i.main) refers to hci.o(i.HCI_handle) for HCI_handle
    main.o(i.main) refers to gd32f4xx_rcu.o(i.rcu_periph_clock_enable) for rcu_periph_clock_enable
    main.o(i.main) refers to wh_gpio.o(i.gpio_output_init) for gpio_output_init
    main.o(i.main) refers to gd32f4xx_gpio.o(i.gpio_af_set) for gpio_af_set
    main.o(i.main) refers to oled.o(i.OLED_ShowNum) for OLED_ShowNum
    main.o(i.main) refers to key.o(i.KEY_Read) for KEY_Read
    main.o(i.main) refers to wh_pwm.o(i.pwm_init) for pwm_init
    systick.o(i.delay_1ms) refers to systick.o(.data) for delay
    systick.o(i.delay_decrement) refers to systick.o(.data) for delay
    systick.o(i.systick_config) refers to systick.o(i.NVIC_SetPriority) for NVIC_SetPriority
    systick.o(i.systick_config) refers to system_gd32f4xx.o(.data) for SystemCoreClock
    gd32f4xx_it.o(i.SysTick_Handler) refers to systick.o(i.delay_decrement) for delay_decrement
    spi.o(i.SPI_WriteByte) refers to gd32f4xx_gpio.o(i.gpio_bit_write) for gpio_bit_write
    oled.o(i.Clr_Screen) refers to oled.o(i.OLED_Set_Pos) for OLED_Set_Pos
    oled.o(i.Clr_Screen) refers to wh_i2c.o(i.i2c_send_reg_byte) for i2c_send_reg_byte
    oled.o(i.OLED_Init) refers to oled.o(i.OLED_WR_Byte) for OLED_WR_Byte
    oled.o(i.OLED_Set_Pos) refers to oled.o(i.OLED_WR_Byte) for OLED_WR_Byte
    oled.o(i.OLED_ShowChar) refers to oled.o(i.OLED_Set_Pos) for OLED_Set_Pos
    oled.o(i.OLED_ShowChar) refers to wh_i2c.o(i.i2c_send_reg_byte) for i2c_send_reg_byte
    oled.o(i.OLED_ShowChar) refers to oled.o(.data) for acsii_buffer
    oled.o(i.OLED_ShowChar_1) refers to oled.o(i.OLED_Set_Pos) for OLED_Set_Pos
    oled.o(i.OLED_ShowChar_1) refers to wh_i2c.o(i.i2c_send_reg_byte) for i2c_send_reg_byte
    oled.o(i.OLED_ShowChar_1) refers to oled.o(.data) for acsii_buffer
    oled.o(i.OLED_ShowNum) refers to oled.o(i.oled_pow) for oled_pow
    oled.o(i.OLED_ShowNum) refers to oled.o(i.OLED_ShowChar) for OLED_ShowChar
    oled.o(i.OLED_ShowString) refers to oled.o(i.OLED_ShowChar) for OLED_ShowChar
    oled.o(i.OLED_WR_Byte) refers to wh_i2c.o(i.i2c_send_reg_byte) for i2c_send_reg_byte
    oled.o(i.clr_Screen) refers to oled.o(i.OLED_Set_Pos) for OLED_Set_Pos
    oled.o(i.clr_Screen) refers to oled.o(i.OLED_WR_Byte) for OLED_WR_Byte
    oled.o(i.print_char8x16) refers to oled.o(i.OLED_ShowChar_1) for OLED_ShowChar_1
    oled.o(i.print_char8x16) refers to oled.o(i.OLED_ShowChar) for OLED_ShowChar
    oled.o(i.print_str8x16) refers to oled.o(i.OLED_ShowChar_1) for OLED_ShowChar_1
    oled.o(i.print_str8x16) refers to oled.o(i.OLED_ShowChar) for OLED_ShowChar
    hci.o(i.HCI_handle) refers to hci.o(i.data_flash_read) for data_flash_read
    hci.o(i.HCI_handle) refers to hci.o(i.display_screen) for display_screen
    hci.o(i.HCI_handle) refers to key.o(i.KEY_Read) for KEY_Read
    hci.o(i.HCI_handle) refers to oled.o(i.clr_Screen) for clr_Screen
    hci.o(i.HCI_handle) refers to oled.o(i.print_str8x16) for print_str8x16
    hci.o(i.HCI_handle) refers to systick.o(i.delay_1ms) for delay_1ms
    hci.o(i.HCI_handle) refers to oled.o(i.Clr_Screen) for Clr_Screen
    hci.o(i.HCI_handle) refers to oled.o(i.OLED_ShowString) for OLED_ShowString
    hci.o(i.HCI_handle) refers to hci.o(i.select_display) for select_display
    hci.o(i.HCI_handle) refers to hci.o(i.set1_up_process) for set1_up_process
    hci.o(i.HCI_handle) refers to hci.o(i.set1_down_process) for set1_down_process
    hci.o(i.HCI_handle) refers to hci.o(i.set1_left_process) for set1_left_process
    hci.o(i.HCI_handle) refers to hci.o(i.set1_right_process) for set1_right_process
    hci.o(i.HCI_handle) refers to hci.o(i.set1_ld_process) for set1_ld_process
    hci.o(i.HCI_handle) refers to hci.o(i.set1_rd_process) for set1_rd_process
    hci.o(i.HCI_handle) refers to hci.o(i.renew_data) for renew_data
    hci.o(i.HCI_handle) refers to hci.o(i.position_display) for position_display
    hci.o(i.HCI_handle) refers to hci.o(i.set2_up_process) for set2_up_process
    hci.o(i.HCI_handle) refers to hci.o(i.set2_down_process) for set2_down_process
    hci.o(i.HCI_handle) refers to hci.o(i.set2_left_process) for set2_left_process
    hci.o(i.HCI_handle) refers to hci.o(i.set2_right_process) for set2_right_process
    hci.o(i.HCI_handle) refers to hci.o(i.set2_ld_process) for set2_ld_process
    hci.o(i.HCI_handle) refers to hci.o(i.set2_rd_process) for set2_rd_process
    hci.o(i.HCI_handle) refers to hci.o(.data) for P_value
    hci.o(i.HCI_init) refers to oled.o(i.OLED_Init) for OLED_Init
[...]
    Removing gd32f4xx_spi.o(i.spi_nss_output_enable), (10 bytes).
    Removing gd32f4xx_spi.o(i.spi_struct_para_init), (18 bytes).
    Removing gd32f4xx_spi.o(i.spi_ti_mode_disable), (10 bytes).
    Removing gd32f4xx_spi.o(i.spi_ti_mode_enable), (10 bytes).
    Removing gd32f4xx_syscfg.o(.rev16_text), (4 bytes).
    Removing gd32f4xx_syscfg.o(.revsh_text), (4 bytes).
    Removing gd32f4xx_syscfg.o(i.syscfg_bootmode_config), (28 bytes).
    Removing gd32f4xx_syscfg.o(i.syscfg_compensation_config), (24 bytes).
    Removing gd32f4xx_syscfg.o(i.syscfg_deinit), (20 bytes).
    Removing gd32f4xx_syscfg.o(i.syscfg_enet_phy_interface_config), (24 bytes).
    Removing gd32f4xx_syscfg.o(i.syscfg_exmc_swap_config), (24 bytes).
    Removing gd32f4xx_syscfg.o(i.syscfg_exti_line_config), (172 bytes).
    Removing gd32f4xx_syscfg.o(i.syscfg_flag_get), (24 bytes).
    Removing gd32f4xx_syscfg.o(i.syscfg_fmc_swap_config), (24 bytes).
    Removing gd32f4xx_timer.o(.rev16_text), (4 bytes).
    Removing gd32f4xx_timer.o(.revsh_text), (4 bytes).
    Removing gd32f4xx_timer.o(i.timer_auto_reload_shadow_disable), (10 bytes).
    Removing gd32f4xx_timer.o(i.timer_automatic_output_disable), (10 bytes).
    Removing gd32f4xx_timer.o(i.timer_automatic_output_enable), (10 bytes).
    Removing gd32f4xx_timer.o(i.timer_autoreload_value_config), (4 bytes).
    Removing gd32f4xx_timer.o(i.timer_break_config), (30 bytes).
    Removing gd32f4xx_timer.o(i.timer_break_disable), (10 bytes).
    Removing gd32f4xx_timer.o(i.timer_break_enable), (10 bytes).
    Removing gd32f4xx_timer.o(i.timer_break_struct_para_init), (18 bytes).
    Removing gd32f4xx_timer.o(i.timer_channel_capture_value_register_read), (42 bytes).
    Removing gd32f4xx_timer.o(i.timer_channel_complementary_output_polarity_config), (70 bytes).
    Removing gd32f4xx_timer.o(i.timer_channel_complementary_output_state_config), (70 bytes).
    Removing gd32f4xx_timer.o(i.timer_channel_control_shadow_config), (24 bytes).
    Removing gd32f4xx_timer.o(i.timer_channel_control_shadow_update_config), (26 bytes).
    Removing gd32f4xx_timer.o(i.timer_channel_dma_request_source_select), (26 bytes).
    Removing gd32f4xx_timer.o(i.timer_channel_input_capture_prescaler_config), (90 bytes).
    Removing gd32f4xx_timer.o(i.timer_channel_input_struct_para_init), (16 bytes).
    Removing gd32f4xx_timer.o(i.timer_channel_output_clear_config), (90 bytes).
    Removing gd32f4xx_timer.o(i.timer_channel_output_fast_config), (90 bytes).
    Removing gd32f4xx_timer.o(i.timer_channel_output_polarity_config), (92 bytes).
    Removing gd32f4xx_timer.o(i.timer_channel_output_state_config), (92 bytes).
    Removing gd32f4xx_timer.o(i.timer_channel_output_struct_para_init), (16 bytes).
    Removing gd32f4xx_timer.o(i.timer_channel_remap_config), (4 bytes).
    Removing gd32f4xx_timer.o(i.timer_counter_alignment), (16 bytes).
    Removing gd32f4xx_timer.o(i.timer_counter_down_direction), (10 bytes).
    Removing gd32f4xx_timer.o(i.timer_counter_read), (8 bytes).
    Removing gd32f4xx_timer.o(i.timer_counter_up_direction), (10 bytes).
    Removing gd32f4xx_timer.o(i.timer_counter_value_config), (4 bytes).
    Removing gd32f4xx_timer.o(i.timer_disable), (10 bytes).
    Removing gd32f4xx_timer.o(i.timer_dma_disable), (8 bytes).
    Removing gd32f4xx_timer.o(i.timer_dma_enable), (8 bytes).
    Removing gd32f4xx_timer.o(i.timer_dma_transfer_config), (24 bytes).
    Removing gd32f4xx_timer.o(i.timer_event_software_generate), (8 bytes).
    Removing gd32f4xx_timer.o(i.timer_external_clock_mode0_config), (40 bytes).
    Removing gd32f4xx_timer.o(i.timer_external_clock_mode1_config), (32 bytes).
    Removing gd32f4xx_timer.o(i.timer_external_clock_mode1_disable), (10 bytes).
    Removing gd32f4xx_timer.o(i.timer_external_trigger_as_external_clock_config), (166 bytes).
    Removing gd32f4xx_timer.o(i.timer_external_trigger_config), (30 bytes).
    Removing gd32f4xx_timer.o(i.timer_flag_clear), (6 bytes).
    Removing gd32f4xx_timer.o(i.timer_flag_get), (16 bytes).
    Removing gd32f4xx_timer.o(i.timer_hall_mode_config), (26 bytes).
    Removing gd32f4xx_timer.o(i.timer_input_capture_config), (326 bytes).
    Removing gd32f4xx_timer.o(i.timer_input_pwm_capture_config), (356 bytes).
    Removing gd32f4xx_timer.o(i.timer_input_trigger_source_select), (16 bytes).
    Removing gd32f4xx_timer.o(i.timer_internal_clock_config), (10 bytes).
    Removing gd32f4xx_timer.o(i.timer_internal_trigger_as_external_clock_config), (32 bytes).
    Removing gd32f4xx_timer.o(i.timer_interrupt_disable), (8 bytes).
    Removing gd32f4xx_timer.o(i.timer_interrupt_enable), (8 bytes).
    Removing gd32f4xx_timer.o(i.timer_interrupt_flag_clear), (6 bytes).
    Removing gd32f4xx_timer.o(i.timer_interrupt_flag_get), (24 bytes).
    Removing gd32f4xx_timer.o(i.timer_master_output_trigger_source_select), (16 bytes).
    Removing gd32f4xx_timer.o(i.timer_master_slave_mode_config), (26 bytes).
    Removing gd32f4xx_timer.o(i.timer_output_value_selection_config), (34 bytes).
    Removing gd32f4xx_timer.o(i.timer_prescaler_config), (14 bytes).
    Removing gd32f4xx_timer.o(i.timer_prescaler_read), (10 bytes).
    Removing gd32f4xx_timer.o(i.timer_quadrature_decoder_mode_config), (64 bytes).
    Removing gd32f4xx_timer.o(i.timer_repetition_value_config), (4 bytes).
    Removing gd32f4xx_timer.o(i.timer_single_pulse_mode_config), (26 bytes).
    Removing gd32f4xx_timer.o(i.timer_slave_mode_select), (16 bytes).
    Removing gd32f4xx_timer.o(i.timer_struct_para_init), (22 bytes).
    Removing gd32f4xx_timer.o(i.timer_update_event_disable), (10 bytes).
    Removing gd32f4xx_timer.o(i.timer_update_event_enable), (10 bytes).
    Removing gd32f4xx_timer.o(i.timer_update_source_config), (26 bytes).
    Removing gd32f4xx_timer.o(i.timer_write_chxval_register_config), (34 bytes).
    Removing gd32f4xx_tli.o(.rev16_text), (4 bytes).
    Removing gd32f4xx_tli.o(.revsh_text), (4 bytes).
    Removing gd32f4xx_tli.o(i.tli_color_key_disable), (14 bytes).
    Removing gd32f4xx_tli.o(i.tli_color_key_enable), (14 bytes).
    Removing gd32f4xx_tli.o(i.tli_color_key_init), (16 bytes).
    Removing gd32f4xx_tli.o(i.tli_current_pos_get), (12 bytes).
    Removing gd32f4xx_tli.o(i.tli_deinit), (20 bytes).
    Removing gd32f4xx_tli.o(i.tli_disable), (20 bytes).
    Removing gd32f4xx_tli.o(i.tli_dither_config), (36 bytes).
    Removing gd32f4xx_tli.o(i.tli_enable), (20 bytes).
    Removing gd32f4xx_tli.o(i.tli_flag_get), (36 bytes).
    Removing gd32f4xx_tli.o(i.tli_init), (188 bytes).
    Removing gd32f4xx_tli.o(i.tli_interrupt_disable), (16 bytes).
    Removing gd32f4xx_tli.o(i.tli_interrupt_enable), (16 bytes).
    Removing gd32f4xx_tli.o(i.tli_interrupt_flag_clear), (16 bytes).
    Removing gd32f4xx_tli.o(i.tli_interrupt_flag_get), (36 bytes).
    Removing gd32f4xx_tli.o(i.tli_layer_disable), (14 bytes).
    Removing gd32f4xx_tli.o(i.tli_layer_enable), (14 bytes).
    Removing gd32f4xx_tli.o(i.tli_layer_init), (152 bytes).
    Removing gd32f4xx_tli.o(i.tli_layer_struct_para_init), (48 bytes).
    Removing gd32f4xx_tli.o(i.tli_layer_window_offset_modify), (228 bytes).
    Removing gd32f4xx_tli.o(i.tli_line_mark_set), (24 bytes).
    Removing gd32f4xx_tli.o(i.tli_lut_disable), (14 bytes).
    Removing gd32f4xx_tli.o(i.tli_lut_enable), (14 bytes).
    Removing gd32f4xx_tli.o(i.tli_lut_init), (36 bytes).
    Removing gd32f4xx_tli.o(i.tli_lut_struct_para_init), (12 bytes).
    Removing gd32f4xx_tli.o(i.tli_reload_config), (36 bytes).
    Removing gd32f4xx_tli.o(i.tli_struct_para_init), (34 bytes).
    Removing gd32f4xx_trng.o(.rev16_text), (4 bytes).
    Removing gd32f4xx_trng.o(.revsh_text), (4 bytes).
    Removing gd32f4xx_trng.o(i.trng_deinit), (20 bytes).
    Removing gd32f4xx_trng.o(i.trng_disable), (20 bytes).
    Removing gd32f4xx_trng.o(i.trng_enable), (20 bytes).
    Removing gd32f4xx_trng.o(i.trng_flag_get), (24 bytes).
    Removing gd32f4xx_trng.o(i.trng_get_true_random_data), (12 bytes).
    Removing gd32f4xx_trng.o(i.trng_interrupt_disable), (20 bytes).
    Removing gd32f4xx_trng.o(i.trng_interrupt_enable), (20 bytes).
    Removing gd32f4xx_trng.o(i.trng_interrupt_flag_clear), (16 bytes).
    Removing gd32f4xx_trng.o(i.trng_interrupt_flag_get), (24 bytes).
    Removing gd32f4xx_usart.o(.rev16_text), (4 bytes).
    Removing gd32f4xx_usart.o(.revsh_text), (4 bytes).
    Removing gd32f4xx_usart.o(i.usart_address_config), (20 bytes).
    Removing gd32f4xx_usart.o(i.usart_baudrate_set), (232 bytes).
    Removing gd32f4xx_usart.o(i.usart_block_length_config), (28 bytes).
    Removing gd32f4xx_usart.o(i.usart_break_frame_coherence_config), (24 bytes).
    Removing gd32f4xx_usart.o(i.usart_data_first_config), (20 bytes).
    Removing gd32f4xx_usart.o(i.usart_data_receive), (10 bytes).
    Removing gd32f4xx_usart.o(i.usart_data_transmit), (8 bytes).
    Removing gd32f4xx_usart.o(i.usart_deinit), (220 bytes).
    Removing gd32f4xx_usart.o(i.usart_disable), (10 bytes).
    Removing gd32f4xx_usart.o(i.usart_dma_receive_config), (16 bytes).
    Removing gd32f4xx_usart.o(i.usart_dma_transmit_config), (16 bytes).
    Removing gd32f4xx_usart.o(i.usart_enable), (10 bytes).
    Removing gd32f4xx_usart.o(i.usart_flag_clear), (26 bytes).
    Removing gd32f4xx_usart.o(i.usart_flag_get), (30 bytes).
    Removing gd32f4xx_usart.o(i.usart_guard_time_config), (24 bytes).
    Removing gd32f4xx_usart.o(i.usart_halfduplex_disable), (10 bytes).
    Removing gd32f4xx_usart.o(i.usart_halfduplex_enable), (10 bytes).
    Removing gd32f4xx_usart.o(i.usart_hardware_flow_coherence_config), (24 bytes).
    Removing gd32f4xx_usart.o(i.usart_hardware_flow_cts_config), (16 bytes).
    Removing gd32f4xx_usart.o(i.usart_hardware_flow_rts_config), (16 bytes).
    Removing gd32f4xx_usart.o(i.usart_interrupt_disable), (26 bytes).
    Removing gd32f4xx_usart.o(i.usart_interrupt_enable), (26 bytes).
    Removing gd32f4xx_usart.o(i.usart_interrupt_flag_clear), (26 bytes).
    Removing gd32f4xx_usart.o(i.usart_interrupt_flag_get), (56 bytes).
    Removing gd32f4xx_usart.o(i.usart_invert_config), (104 bytes).
    Removing gd32f4xx_usart.o(i.usart_irda_lowpower_config), (20 bytes).
    Removing gd32f4xx_usart.o(i.usart_irda_mode_disable), (10 bytes).
    Removing gd32f4xx_usart.o(i.usart_irda_mode_enable), (10 bytes).
    Removing gd32f4xx_usart.o(i.usart_lin_break_detection_length_config), (20 bytes).
    Removing gd32f4xx_usart.o(i.usart_lin_mode_disable), (10 bytes).
    Removing gd32f4xx_usart.o(i.usart_lin_mode_enable), (10 bytes).
    Removing gd32f4xx_usart.o(i.usart_mute_mode_disable), (10 bytes).
    Removing gd32f4xx_usart.o(i.usart_mute_mode_enable), (10 bytes).
    Removing gd32f4xx_usart.o(i.usart_mute_mode_wakeup_config), (16 bytes).
    Removing gd32f4xx_usart.o(i.usart_oversample_config), (16 bytes).
    Removing gd32f4xx_usart.o(i.usart_parity_check_coherence_config), (24 bytes).
    Removing gd32f4xx_usart.o(i.usart_parity_config), (16 bytes).
    Removing gd32f4xx_usart.o(i.usart_prescaler_config), (16 bytes).
    Removing gd32f4xx_usart.o(i.usart_receive_config), (16 bytes).
    Removing gd32f4xx_usart.o(i.usart_receiver_timeout_disable), (14 bytes).
    Removing gd32f4xx_usart.o(i.usart_receiver_timeout_enable), (14 bytes).
    Removing gd32f4xx_usart.o(i.usart_receiver_timeout_threshold_config), (20 bytes).
    Removing gd32f4xx_usart.o(i.usart_sample_bit_config), (16 bytes).
    Removing gd32f4xx_usart.o(i.usart_send_break), (10 bytes).
    Removing gd32f4xx_usart.o(i.usart_smartcard_autoretry_config), (26 bytes).
    Removing gd32f4xx_usart.o(i.usart_smartcard_mode_disable), (10 bytes).
    Removing gd32f4xx_usart.o(i.usart_smartcard_mode_enable), (10 bytes).
    Removing gd32f4xx_usart.o(i.usart_smartcard_mode_nack_disable), (10 bytes).
    Removing gd32f4xx_usart.o(i.usart_smartcard_mode_nack_enable), (10 bytes).
    Removing gd32f4xx_usart.o(i.usart_stop_bit_set), (16 bytes).
    Removing gd32f4xx_usart.o(i.usart_synchronous_clock_config), (34 bytes).
    Removing gd32f4xx_usart.o(i.usart_synchronous_clock_disable), (10 bytes).
    Removing gd32f4xx_usart.o(i.usart_synchronous_clock_enable), (10 bytes).
    Removing gd32f4xx_usart.o(i.usart_transmit_config), (16 bytes).
    Removing gd32f4xx_usart.o(i.usart_word_length_set), (16 bytes).
    Removing gd32f4xx_wwdgt.o(.rev16_text), (4 bytes).
    Removing gd32f4xx_wwdgt.o(.revsh_text), (4 bytes).
    Removing gd32f4xx_wwdgt.o(i.wwdgt_config), (56 bytes).
    Removing gd32f4xx_wwdgt.o(i.wwdgt_counter_update), (28 bytes).
    Removing gd32f4xx_wwdgt.o(i.wwdgt_deinit), (20 bytes).
    Removing gd32f4xx_wwdgt.o(i.wwdgt_enable), (20 bytes).
    Removing gd32f4xx_wwdgt.o(i.wwdgt_flag_clear), (20 bytes).
    Removing gd32f4xx_wwdgt.o(i.wwdgt_flag_get), (24 bytes).
    Removing gd32f4xx_wwdgt.o(i.wwdgt_interrupt_enable), (20 bytes).
    Removing gd32f450_board.o(.rev16_text), (4 bytes).
    Removing gd32f450_board.o(.revsh_text), (4 bytes).
    Removing gd32f450_board.o(i.led_off), (24 bytes).
    Removing gd32f450_board.o(i.led_on), (24 bytes).
    Removing gd32f450_board.o(i.led_toggle), (24 bytes).
    Removing wh_adc.o(.rev16_text), (4 bytes).
    Removing wh_adc.o(.revsh_text), (4 bytes).
    Removing wh_adc.o(i.adc_convert), (168 bytes).
    Removing wh_adc.o(i.adc_init), (140 bytes).
    Removing wh_adc.o(i.adc_mean_filter), (46 bytes).
    Removing wh_exti.o(.rev16_text), (4 bytes).
    Removing wh_exti.o(.revsh_text), (4 bytes).
    Removing wh_exti.o(i.exti_disable), (182 bytes).
    Removing wh_exti.o(i.exti_enable), (496 bytes).
    Removing wh_flash.o(.rev16_text), (4 bytes).
    Removing wh_flash.o(.revsh_text), (4 bytes).
    Removing wh_flash.o(i.flash_ReadSector_uint16_t), (66 bytes).
    Removing wh_flash.o(i.flash_ReadSector_uint32_t), (66 bytes).
    Removing wh_flash.o(i.flash_WriteSector_uint16_t), (110 bytes).
    Removing wh_flash.o(i.flash_WriteSector_uint32_t), (110 bytes).
    Removing wh_gpio.o(.rev16_text), (4 bytes).
    Removing wh_gpio.o(.revsh_text), (4 bytes).
    Removing wh_gpio.o(i.gpio_get_output), (16 bytes).
    Removing wh_gpio.o(i.gpio_set_output), (10 bytes).
    Removing wh_gpio.o(i.gpio_toggle), (4 bytes).
    Removing wh_pit.o(.rev16_text), (4 bytes).
    Removing wh_pit.o(.revsh_text), (4 bytes).
    Removing wh_pit.o(i.timer_interrupt_init), (380 bytes).
    Removing wh_pwm.o(.rev16_text), (4 bytes).
    Removing wh_pwm.o(.revsh_text), (4 bytes).
    Removing wh_pwm.o(i.pwm_pin_init), (60 bytes).
    Removing wh_spi.o(.rev16_text), (4 bytes).
    Removing wh_spi.o(.revsh_text), (4 bytes).
    Removing wh_spi.o(i.spi_CLK_init), (38 bytes).
    Removing wh_spi.o(i.spi_MISO_init), (38 bytes).
    Removing wh_spi.o(i.spi_MOSI_init), (38 bytes).
    Removing wh_spi.o(i.spi_NSS_init), (40 bytes).
    Removing wh_spi.o(i.spi_config), (54 bytes).
    Removing wh_systick.o(.rev16_text), (4 bytes).
    Removing wh_systick.o(.revsh_text), (4 bytes).
    Removing wh_systick.o(i.delay_ms), (20 bytes).
    Removing wh_systick.o(i.systick_delay), (38 bytes).
    Removing wh_systick.o(i.systick_getval), (14 bytes).
    Removing wh_systick.o(i.systick_start), (20 bytes).
    Removing wh_systick.o(i.systick_timing), (72 bytes).
    Removing wh_systick.o(.data), (4 bytes).
    Removing wh_tim.o(.rev16_text), (4 bytes).
    Removing wh_tim.o(.revsh_text), (4 bytes).
    Removing wh_tim.o(i.tim_encoder_get_count), (24 bytes).
    Removing wh_tim.o(i.tim_encoder_init), (144 bytes).
    Removing wh_tim.o(i.tim_encoder_pin_init), (60 bytes).
    Removing wh_tim.o(i.tim_encoder_rst), (14 bytes).
    Removing wh_tim.o(i.timer_struct_config), (16 bytes).
    Removing wh_uart.o(.rev16_text), (4 bytes).
    Removing wh_uart.o(.revsh_text), (4 bytes).
    Removing wh_uart.o(i.uart_getchar), (30 bytes).
    Removing wh_uart.o(i.uart_init), (52 bytes).
    Removing wh_uart.o(i.uart_interrupt_flag_clear), (26 bytes).
    Removing wh_uart.o(i.uart_interrupt_flag_get), (46 bytes).
    Removing wh_uart.o(i.uart_interrupt_init), (46 bytes).
    Removing wh_uart.o(i.uart_putbuff), (42 bytes).
    Removing wh_uart.o(i.uart_putchar), (30 bytes).
    Removing wh_uart.o(i.uart_putstr), (40 bytes).
    Removing wh_uart.o(i.uart_query), (32 bytes).
    Removing wh_uart.o(i.uart_rx_init), (44 bytes).
    Removing wh_uart.o(i.uart_tx_init), (44 bytes).
    Removing wh_i2c.o(.rev16_text), (4 bytes).
    Removing wh_i2c.o(.revsh_text), (4 bytes).
    Removing wh_i2c.o(i.i2c_read_buffer), (352 bytes).
    Removing wh_i2c.o(i.i2c_send_byte), (148 bytes).

966 unused section(s) (total 58368 bytes) removed from the image.

==============================================================================

Image Symbol Table

    Local Symbols

    Symbol Name                              Value     Ov Type        Size  Object(Section)

    ../clib/../cmprslib/zerorunl2.c          0x00000000   Number         0  __dczerorl2.o ABSOLUTE
    ../clib/microlib/init/entry.s            0x00000000   Number         0  entry11b.o ABSOLUTE
    ../clib/microlib/init/entry.s            0x00000000   Number         0  entry9b.o ABSOLUTE
    ../clib/microlib/init/entry.s            0x00000000   Number         0  entry9a.o ABSOLUTE
    ../clib/microlib/init/entry.s            0x00000000   Number         0  entry8b.o ABSOLUTE
    ../clib/microlib/init/entry.s            0x00000000   Number         0  entry8a.o ABSOLUTE
    ../clib/microlib/init/entry.s            0x00000000   Number         0  entry7b.o ABSOLUTE
    ../clib/microlib/init/entry.s            0x00000000   Number         0  entry10a.o ABSOLUTE
    ../clib/microlib/init/entry.s            0x00000000   Number         0  entry7a.o ABSOLUTE
    ../clib/microlib/init/entry.s            0x00000000   Number         0  entry12b.o ABSOLUTE
    ../clib/microlib/init/entry.s            0x00000000   Number         0  entry5.o ABSOLUTE
    ../clib/microlib/init/entry.s            0x00000000   Number         0  entry2.o ABSOLUTE
    ../clib/microlib/init/entry.s            0x00000000   Number         0  entry.o ABSOLUTE
    ../clib/microlib/init/entry.s            0x00000000   Number         0  entry12a.o ABSOLUTE
    ../clib/microlib/init/entry.s            0x00000000   Number         0  entry11a.o ABSOLUTE
    ../clib/microlib/init/entry.s            0x00000000   Number         0  entry10b.o ABSOLUTE
    ..\..\Libraries\Firmware\CMSIS\GD\GD32F4xx\Source\ARM\startup_gd32f450.s 0x00000000   Number         0  startup_gd32f450.o ABSOLUTE
    ..\..\Libraries\Firmware\CMSIS\GD\GD32F4xx\Source\system_gd32f4xx.c 0x00000000   Number         0  system_gd32f4xx.o ABSOLUTE
    ..\..\Libraries\Firmware\GD32F4xx_standard_peripheral\Source\gd32f4xx_adc.c 0x00000000   Number         0  gd32f4xx_adc.o ABSOLUTE
    ..\..\Libraries\Firmware\GD32F4xx_standard_peripheral\Source\gd32f4xx_can.c 0x00000000   Number         0  gd32f4xx_can.o ABSOLUTE
    ..\..\Libraries\Firmware\GD32F4xx_standard_peripheral\Source\gd32f4xx_crc.c 0x00000000   Number         0  gd32f4xx_crc.o ABSOLUTE
    ..\..\Libraries\Firmware\GD32F4xx_standard_peripheral\Source\gd32f4xx_ctc.c 0x00000000   Number         0  gd32f4xx_ctc.o ABSOLUTE
    ..\..\Libraries\Firmware\GD32F4xx_standard_peripheral\Source\gd32f4xx_dac.c 0x00000000   Number         0  gd32f4xx_dac.o ABSOLUTE
    ..\..\Libraries\Firmware\GD32F4xx_standard_peripheral\Source\gd32f4xx_dbg.c 0x00000000   Number         0  gd32f4xx_dbg.o ABSOLUTE
    ..\..\Libraries\Firmware\GD32F4xx_standard_peripheral\Source\gd32f4xx_dci.c 0x00000000   Number         0  gd32f4xx_dci.o ABSOLUTE
    ..\..\Libraries\Firmware\GD32F4xx_standard_peripheral\Source\gd32f4xx_dma.c 0x00000000   Number         0  gd32f4xx_dma.o ABSOLUTE
    ..\..\Libraries\Firmware\GD32F4xx_standard_peripheral\Source\gd32f4xx_enet.c 0x00000000   Number         0  gd32f4xx_enet.o ABSOLUTE
    ..\..\Libraries\Firmware\GD32F4xx_standard_peripheral\Source\gd32f4xx_exmc.c 0x00000000   Number         0  gd32f4xx_exmc.o ABSOLUTE
    ..\..\Libraries\Firmware\GD32F4xx_standard_peripheral\Source\gd32f4xx_exti.c 0x00000000   Number         0  gd32f4xx_exti.o ABSOLUTE
    ..\..\Libraries\Firmware\GD32F4xx_standard_peripheral\Source\gd32f4xx_fmc.c 0x00000000   Number         0  gd32f4xx_fmc.o ABSOLUTE
    ..\..\Libraries\Firmware\GD32F4xx_standard_peripheral\Source\gd32f4xx_fwdgt.c 0x00000000   Number         0  gd32f4xx_fwdgt.o ABSOLUTE
    ..\..\Libraries\Firmware\GD32F4xx_standard_peripheral\Source\gd32f4xx_gpio.c 0x00000000   Number         0  gd32f4xx_gpio.o ABSOLUTE
    ..\..\Libraries\Firmware\GD32F4xx_standard_peripheral\Source\gd32f4xx_i2c.c 0x00000000   Number         0  gd32f4xx_i2c.o ABSOLUTE
    ..\..\Libraries\Firmware\GD32F4xx_standard_peripheral\Source\gd32f4xx_ipa.c 0x00000000   Number         0  gd32f4xx_ipa.o ABSOLUTE
    ..\..\Libraries\Firmware\GD32F4xx_standard_peripheral\Source\gd32f4xx_iref.c 0x00000000   Number         0  gd32f4xx_iref.o ABSOLUTE
    ..\..\Libraries\Firmware\GD32F4xx_standard_peripheral\Source\gd32f4xx_misc.c 0x00000000   Number         0  gd32f4xx_misc.o ABSOLUTE
    ..\..\Libraries\Firmware\GD32F4xx_standard_peripheral\Source\gd32f4xx_pmu.c 0x00000000   Number         0  gd32f4xx_pmu.o ABSOLUTE
    ..\..\Libraries\Firmware\GD32F4xx_standard_peripheral\Source\gd32f4xx_rcu.c 0x00000000   Number         0  gd32f4xx_rcu.o ABSOLUTE
    ..\..\Libraries\Firmware\GD32F4xx_standard_peripheral\Source\gd32f4xx_rtc.c 0x00000000   Number         0  gd32f4xx_rtc.o ABSOLUTE
    ..\..\Libraries\Firmware\GD32F4xx_standard_peripheral\Source\gd32f4xx_sdio.c 0x00000000   Number         0  gd32f4xx_sdio.o ABSOLUTE
    ..\..\Libraries\Firmware\GD32F4xx_standard_peripheral\Source\gd32f4xx_spi.c 0x00000000   Number         0  gd32f4xx_spi.o ABSOLUTE
    ..\..\Libraries\Firmware\GD32F4xx_standard_peripheral\Source\gd32f4xx_syscfg.c 0x00000000   Number         0  gd32f4xx_syscfg.o ABSOLUTE
    ..\..\Libraries\Firmware\GD32F4xx_standard_peripheral\Source\gd32f4xx_timer.c 0x00000000   Number         0  gd32f4xx_timer.o ABSOLUTE
    ..\..\Libraries\Firmware\GD32F4xx_standard_peripheral\Source\gd32f4xx_tli.c 0x00000000   Number         0  gd32f4xx_tli.o ABSOLUTE
    ..\..\Libraries\Firmware\GD32F4xx_standard_peripheral\Source\gd32f4xx_trng.c 0x00000000   Number         0  gd32f4xx_trng.o ABSOLUTE
    ..\..\Libraries\Firmware\GD32F4xx_standard_peripheral\Source\gd32f4xx_usart.c 0x00000000   Number         0  gd32f4xx_usart.o ABSOLUTE
    ..\..\Libraries\Firmware\GD32F4xx_standard_peripheral\Source\gd32f4xx_wwdgt.c 0x00000000   Number         0  gd32f4xx_wwdgt.o ABSOLUTE
    ..\..\Libraries\Utilities\Third_Party\wh\wh_adc.c 0x00000000   Number         0  wh_adc.o ABSOLUTE
    ..\..\Libraries\Utilities\Third_Party\wh\wh_exti.c 0x00000000   Number         0  wh_exti.o ABSOLUTE
    ..\..\Libraries\Utilities\Third_Party\wh\wh_flash.c 0x00000000   Number         0  wh_flash.o ABSOLUTE
    ..\..\Libraries\Utilities\Third_Party\wh\wh_gpio.c 0x00000000   Number         0  wh_gpio.o ABSOLUTE
    ..\..\Libraries\Utilities\Third_Party\wh\wh_i2c.c 0x00000000   Number         0  wh_i2c.o ABSOLUTE
    ..\..\Libraries\Utilities\Third_Party\wh\wh_pit.c 0x00000000   Number         0  wh_pit.o ABSOLUTE
    ..\..\Libraries\Utilities\Third_Party\wh\wh_pwm.c 0x00000000   Number         0  wh_pwm.o ABSOLUTE
    ..\..\Libraries\Utilities\Third_Party\wh\wh_spi.c 0x00000000   Number         0  wh_spi.o ABSOLUTE
    ..\..\Libraries\Utilities\Third_Party\wh\wh_systick.c 0x00000000   Number         0  wh_systick.o ABSOLUTE
    ..\..\Libraries\Utilities\Third_Party\wh\wh_tim.c 0x00000000   Number         0  wh_tim.o ABSOLUTE
    ..\..\Libraries\Utilities\Third_Party\wh\wh_uart.c 0x00000000   Number         0  wh_uart.o ABSOLUTE
    ..\..\Libraries\Utilities\gd32f450_board.c 0x00000000   Number         0  gd32f450_board.o ABSOLUTE
    ..\HCI.c                                 0x00000000   Number         0  hci.o ABSOLUTE
    ..\\..\\Libraries\\Firmware\\CMSIS\\GD\\GD32F4xx\\Source\\system_gd32f4xx.c 0x00000000   Number         0  system_gd32f4xx.o ABSOLUTE
    ..\\..\\Libraries\\Firmware\\GD32F4xx_standard_peripheral\\Source\\gd32f4xx_adc.c 0x00000000   Number         0  gd32f4xx_adc.o ABSOLUTE
    ..\\..\\Libraries\\Firmware\\GD32F4xx_standard_peripheral\\Source\\gd32f4xx_can.c 0x00000000   Number         0  gd32f4xx_can.o ABSOLUTE
    ..\\..\\Libraries\\Firmware\\GD32F4xx_standard_peripheral\\Source\\gd32f4xx_crc.c 0x00000000   Number         0  gd32f4xx_crc.o ABSOLUTE
    ..\\..\\Libraries\\Firmware\\GD32F4xx_standard_peripheral\\Source\\gd32f4xx_ctc.c 0x00000000   Number         0  gd32f4xx_ctc.o ABSOLUTE
    ..\\..\\Libraries\\Firmware\\GD32F4xx_standard_peripheral\\Source\\gd32f4xx_dac.c 0x00000000   Number         0  gd32f4xx_dac.o ABSOLUTE
    ..\\..\\Libraries\\Firmware\\GD32F4xx_standard_peripheral\\Source\\gd32f4xx_dbg.c 0x00000000   Number         0  gd32f4xx_dbg.o ABSOLUTE
    ..\\..\\Libraries\\Firmware\\GD32F4xx_standard_peripheral\\Source\\gd32f4xx_dci.c 0x00000000   Number         0  gd32f4xx_dci.o ABSOLUTE
    ..\\..\\Libraries\\Firmware\\GD32F4xx_standard_peripheral\\Source\\gd32f4xx_dma.c 0x00000000   Number         0  gd32f4xx_dma.o ABSOLUTE
    ..\\..\\Libraries\\Firmware\\GD32F4xx_standard_peripheral\\Source\\gd32f4xx_enet.c 0x00000000   Number         0  gd32f4xx_enet.o ABSOLUTE
    ..\\..\\Libraries\\Firmware\\GD32F4xx_standard_peripheral\\Source\\gd32f4xx_exmc.c 0x00000000   Number         0  gd32f4xx_exmc.o ABSOLUTE
    ..\\..\\Libraries\\Firmware\\GD32F4xx_standard_peripheral\\Source\\gd32f4xx_exti.c 0x00000000   Number         0  gd32f4xx_exti.o ABSOLUTE
    ..\\..\\Libraries\\Firmware\\GD32F4xx_standard_peripheral\\Source\\gd32f4xx_fmc.c 0x00000000   Number         0  gd32f4xx_fmc.o ABSOLUTE
    ..\\..\\Libraries\\Firmware\\GD32F4xx_standard_peripheral\\Source\\gd32f4xx_fwdgt.c 0x00000000   Number         0  gd32f4xx_fwdgt.o ABSOLUTE
    ..\\..\\Libraries\\Firmware\\GD32F4xx_standard_peripheral\\Source\\gd32f4xx_gpio.c 0x00000000   Number         0  gd32f4xx_gpio.o ABSOLUTE
    ..\\..\\Libraries\\Firmware\\GD32F4xx_standard_peripheral\\Source\\gd32f4xx_i2c.c 0x00000000   Number         0  gd32f4xx_i2c.o ABSOLUTE
    ..\\..\\Libraries\\Firmware\\GD32F4xx_standard_peripheral\\Source\\gd32f4xx_ipa.c 0x00000000   Number         0  gd32f4xx_ipa.o ABSOLUTE
    ..\\..\\Libraries\\Firmware\\GD32F4xx_standard_peripheral\\Source\\gd32f4xx_iref.c 0x00000000   Number         0  gd32f4xx_iref.o ABSOLUTE
    ..\\..\\Libraries\\Firmware\\GD32F4xx_standard_peripheral\\Source\\gd32f4xx_misc.c 0x00000000   Number         0  gd32f4xx_misc.o ABSOLUTE
    ..\\..\\Libraries\\Firmware\\GD32F4xx_standard_peripheral\\Source\\gd32f4xx_pmu.c 0x00000000   Number         0  gd32f4xx_pmu.o ABSOLUTE
    ..\\..\\Libraries\\Firmware\\GD32F4xx_standard_peripheral\\Source\\gd32f4xx_rcu.c 0x00000000   Number         0  gd32f4xx_rcu.o ABSOLUTE
    ..\\..\\Libraries\\Firmware\\GD32F4xx_standard_peripheral\\Source\\gd32f4xx_rtc.c 0x00000000   Number         0  gd32f4xx_rtc.o ABSOLUTE
    ..\\..\\Libraries\\Firmware\\GD32F4xx_standard_peripheral\\Source\\gd32f4xx_sdio.c 0x00000000   Number         0  gd32f4xx_sdio.o ABSOLUTE
    ..\\..\\Libraries\\Firmware\\GD32F4xx_standard_peripheral\\Source\\gd32f4xx_spi.c 0x00000000   Number         0  gd32f4xx_spi.o ABSOLUTE
    ..\\..\\Libraries\\Firmware\\GD32F4xx_standard_peripheral\\Source\\gd32f4xx_syscfg.c 0x00000000   Number         0  gd32f4xx_syscfg.o ABSOLUTE
    ..\\..\\Libraries\\Firmware\\GD32F4xx_standard_peripheral\\Source\\gd32f4xx_timer.c 0x00000000   Number         0  gd32f4xx_timer.o ABSOLUTE
    ..\\..\\Libraries\\Firmware\\GD32F4xx_standard_peripheral\\Source\\gd32f4xx_tli.c 0x00000000   Number         0  gd32f4xx_tli.o ABSOLUTE
    ..\\..\\Libraries\\Firmware\\GD32F4xx_standard_peripheral\\Source\\gd32f4xx_trng.c 0x00000000   Number         0  gd32f4xx_trng.o ABSOLUTE
    ..\\..\\Libraries\\Firmware\\GD32F4xx_standard_peripheral\\Source\\gd32f4xx_usart.c 0x00000000   Number         0  gd32f4xx_usart.o ABSOLUTE
    ..\\..\\Libraries\\Firmware\\GD32F4xx_standard_peripheral\\Source\\gd32f4xx_wwdgt.c 0x00000000   Number         0  gd32f4xx_wwdgt.o ABSOLUTE
    ..\\..\\Libraries\\Utilities\\Third_Party\\wh\\wh_adc.c 0x00000000   Number         0  wh_adc.o ABSOLUTE
    ..\\..\\Libraries\\Utilities\\Third_Party\\wh\\wh_exti.c 0x00000000   Number         0  wh_exti.o ABSOLUTE
    ..\\..\\Libraries\\Utilities\\Third_Party\\wh\\wh_flash.c 0x00000000   Number         0  wh_flash.o ABSOLUTE
    ..\\..\\Libraries\\Utilities\\Third_Party\\wh\\wh_gpio.c 0x00000000   Number         0  wh_gpio.o ABSOLUTE
    ..\\..\\Libraries\\Utilities\\Third_Party\\wh\\wh_i2c.c 0x00000000   Number         0  wh_i2c.o ABSOLUTE
    ..\\..\\Libraries\\Utilities\\Third_Party\\wh\\wh_pit.c 0x00000000   Number         0  wh_pit.o ABSOLUTE
    ..\\..\\Libraries\\Utilities\\Third_Party\\wh\\wh_pwm.c 0x00000000   Number         0  wh_pwm.o ABSOLUTE
    ..\\..\\Libraries\\Utilities\\Third_Party\\wh\\wh_spi.c 0x00000000   Number         0  wh_spi.o ABSOLUTE
    ..\\..\\Libraries\\Utilities\\Third_Party\\wh\\wh_systick.c 0x00000000   Number         0  wh_systick.o ABSOLUTE
    ..\\..\\Libraries\\Utilities\\Third_Party\\wh\\wh_tim.c 0x00000000   Number         0  wh_tim.o ABSOLUTE
    ..\\..\\Libraries\\Utilities\\Third_Party\\wh\\wh_uart.c 0x00000000   Number         0  wh_uart.o ABSOLUTE
    ..\\..\\Libraries\\Utilities\\gd32f450_board.c 0x00000000   Number         0  gd32f450_board.o ABSOLUTE
    ..\\HCI.c                                0x00000000   Number         0  hci.o ABSOLUTE
    ..\\gd32f4xx_it.c                        0x00000000   Number         0  gd32f4xx_it.o ABSOLUTE
    ..\\key.c                                0x00000000   Number         0  key.o ABSOLUTE
    ..\\main.c                               0x00000000   Number         0  main.o ABSOLUTE
    ..\\oled.c                               0x00000000   Number         0  oled.o ABSOLUTE
    ..\\spi.c                                0x00000000   Number         0  spi.o ABSOLUTE
    ..\\systick.c                            0x00000000   Number         0  systick.o ABSOLUTE
    ..\gd32f4xx_it.c                         0x00000000   Number         0  gd32f4xx_it.o ABSOLUTE
    ..\key.c                                 0x00000000   Number         0  key.o ABSOLUTE
    ..\main.c                                0x00000000   Number         0  main.o ABSOLUTE
    ..\oled.c                                0x00000000   Number         0  oled.o ABSOLUTE
    ..\spi.c                                 0x00000000   Number         0  spi.o ABSOLUTE
    ..\systick.c                             0x00000000   Number         0  systick.o ABSOLUTE
    dc.s                                     0x00000000   Number         0  dc.o ABSOLUTE
    handlers.s                               0x00000000   Number         0  handlers.o ABSOLUTE
    init.s                                   0x00000000   Number         0  init.o ABSOLUTE
    RESET                                    0x08000000   Section      428  startup_gd32f450.o(RESET)
    .ARM.Collect$$$$00000000                 0x080001ac   Section        0  entry.o(.ARM.Collect$$$$00000000)
    .ARM.Collect$$$$00000001                 0x080001ac   Section        4  entry2.o(.ARM.Collect$$$$00000001)
    .ARM.Collect$$$$00000004                 0x080001b0   Section        4  entry5.o(.ARM.Collect$$$$00000004)
    .ARM.Collect$$$$00000008                 0x080001b4   Section        0  entry7b.o(.ARM.Collect$$$$00000008)
    .ARM.Collect$$$$0000000A                 0x080001b4   Section        0  entry8b.o(.ARM.Collect$$$$0000000A)
    .ARM.Collect$$$$0000000B                 0x080001b4   Section        8  entry9a.o(.ARM.Collect$$$$0000000B)
    .ARM.Collect$$$$0000000E                 0x080001bc   Section        4  entry12b.o(.ARM.Collect$$$$0000000E)
    .ARM.Collect$$$$0000000F                 0x080001c0   Section        0  entry10a.o(.ARM.Collect$$$$0000000F)
    .ARM.Collect$$$$00000011                 0x080001c0   Section        0  entry11a.o(.ARM.Collect$$$$00000011)
    .ARM.Collect$$$$00002712                 0x080001c0   Section        4  entry2.o(.ARM.Collect$$$$00002712)
    __lit__00000000                          0x080001c0   Data           4  entry2.o(.ARM.Collect$$$$00002712)
    .text                                    0x080001c4   Section       36  startup_gd32f450.o(.text)
    $v0                                      0x080001c4   Number         0  startup_gd32f450.o(.text)
    .text                                    0x080001e8   Section       36  init.o(.text)
    .text                                    0x0800020c   Section        0  __dczerorl2.o(.text)
    i.BusFault_Handler                       0x08000262   Section        0  gd32f4xx_it.o(i.BusFault_Handler)
    i.Clr_Screen                             0x08000266   Section        0  oled.o(i.Clr_Screen)
    i.Data_Nsplit                            0x080002e4   Section        0  hci.o(i.Data_Nsplit)
    i.Data_Split                             0x08000360   Section        0  hci.o(i.Data_Split)
    i.DebugMon_Handler                       0x08000464   Section        0  gd32f4xx_it.o(i.DebugMon_Handler)
    i.HCI_handle                             0x08000468   Section        0  hci.o(i.HCI_handle)
    i.HCI_init                               0x080008c0   Section        0  hci.o(i.HCI_init)
    i.HardFault_Handler                      0x080008e0   Section        0  gd32f4xx_it.o(i.HardFault_Handler)
    i.KEY_Get_Input                          0x080008e4   Section        0  key.o(i.KEY_Get_Input)
    i.KEY_Init                               0x08000904   Section        0  key.o(i.KEY_Init)
    i.KEY_Read                               0x08000934   Section        0  key.o(i.KEY_Read)
    i.MemManage_Handler                      0x08000a14   Section        0  gd32f4xx_it.o(i.MemManage_Handler)
    i.NMI_Handler                            0x08000a18   Section        0  gd32f4xx_it.o(i.NMI_Handler)
    i.NVIC_SetPriority                       0x08000a1c   Section        0  systick.o(i.NVIC_SetPriority)
    NVIC_SetPriority                         0x08000a1d   Thumb Code    32  systick.o(i.NVIC_SetPriority)
    i.OLED_Init                              0x08000a44   Section        0  oled.o(i.OLED_Init)
    i.OLED_Set_Pos                           0x08000b10   Section        0  oled.o(i.OLED_Set_Pos)
    i.OLED_ShowChar                          0x08000b38   Section        0  oled.o(i.OLED_ShowChar)
    i.OLED_ShowChar_1                        0x08000bb4   Section        0  oled.o(i.OLED_ShowChar_1)
    i.OLED_ShowNum                           0x08000c38   Section        0  oled.o(i.OLED_ShowNum)
    i.OLED_ShowString                        0x08000cc0   Section        0  oled.o(i.OLED_ShowString)
    i.OLED_WR_Byte                           0x08000cfa   Section        0  oled.o(i.OLED_WR_Byte)
    i.PendSV_Handler                         0x08000d0c   Section        0  gd32f4xx_it.o(i.PendSV_Handler)
    i.SVC_Handler                            0x08000d0e   Section        0  gd32f4xx_it.o(i.SVC_Handler)
    i.SysTick_Handler                        0x08000d10   Section        0  gd32f4xx_it.o(i.SysTick_Handler)
    i.SystemInit                             0x08000d18   Section        0  system_gd32f4xx.o(i.SystemInit)
    i.UsageFault_Handler                     0x08000dd0   Section        0  gd32f4xx_it.o(i.UsageFault_Handler)
    i.__scatterload_copy                     0x08000dd4   Section       14  handlers.o(i.__scatterload_copy)
    i.__scatterload_null                     0x08000de2   Section        2  handlers.o(i.__scatterload_null)
    i.__scatterload_zeroinit                 0x08000de4   Section       14  handlers.o(i.__scatterload_zeroinit)
    i.clr_Screen                             0x08000df2   Section        0  oled.o(i.clr_Screen)
    i.data_flash_read                        0x08000e40   Section        0  hci.o(i.data_flash_read)
    i.data_flash_write                       0x080010dc   Section        0  hci.o(i.data_flash_write)
    i.data_split                             0x0800139c   Section        0  hci.o(i.data_split)
    i.delay_1ms                              0x080015ec   Section        0  systick.o(i.delay_1ms)
    i.delay_decrement                        0x08001600   Section        0  systick.o(i.delay_decrement)
    i.display_screen                         0x08001618   Section        0  hci.o(i.display_screen)
    i.flash_ReadSector_uint8_t               0x080019cc   Section        0  wh_flash.o(i.flash_ReadSector_uint8_t)
    i.flash_WriteSector_uint8_t              0x08001a0c   Section        0  wh_flash.o(i.flash_WriteSector_uint8_t)
    i.flash_buffer_translate                 0x08001a7a   Section        0  wh_flash.o(i.flash_buffer_translate)
    i.flash_getSectorNumber                  0x08001a9e   Section        0  wh_flash.o(i.flash_getSectorNumber)
    i.flash_getSectorStartAddress            0x08001ad0   Section        0  wh_flash.o(i.flash_getSectorStartAddress)
    i.fmc_byte_program                       0x08001b48   Section        0  gd32f4xx_fmc.o(i.fmc_byte_program)
    i.fmc_flag_clear                         0x08001b98   Section        0  gd32f4xx_fmc.o(i.fmc_flag_clear)
    i.fmc_lock                               0x08001ba4   Section        0  gd32f4xx_fmc.o(i.fmc_lock)
    i.fmc_ready_wait                         0x08001bb8   Section        0  gd32f4xx_fmc.o(i.fmc_ready_wait)
    i.fmc_sector_erase                       0x08001bdc   Section        0  gd32f4xx_fmc.o(i.fmc_sector_erase)
    i.fmc_state_get                          0x08001c38   Section        0  gd32f4xx_fmc.o(i.fmc_state_get)
    i.fmc_unlock                             0x08001c8c   Section        0  gd32f4xx_fmc.o(i.fmc_unlock)
    i.gpio_af_set                            0x08001cb0   Section        0  gd32f4xx_gpio.o(i.gpio_af_set)
    i.gpio_get_input                         0x08001d0e   Section        0  wh_gpio.o(i.gpio_get_input)
    i.gpio_input_init                        0x08001d1e   Section        0  wh_gpio.o(i.gpio_input_init)
    i.gpio_mode_set                          0x08001d3a   Section        0  gd32f4xx_gpio.o(i.gpio_mode_set)
    i.gpio_output_init                       0x08001d88   Section        0  wh_gpio.o(i.gpio_output_init)
    i.gpio_output_options_set                0x08001db4   Section        0  gd32f4xx_gpio.o(i.gpio_output_options_set)
    i.i2c_ack_config                         0x08001df6   Section        0  gd32f4xx_i2c.o(i.i2c_ack_config)
    i.i2c_clock_config                       0x08001e10   Section        0  gd32f4xx_i2c.o(i.i2c_clock_config)
    i.i2c_config                             0x08001ee8   Section        0  wh_i2c.o(i.i2c_config)
    i.i2c_data_transmit                      0x08001f64   Section        0  gd32f4xx_i2c.o(i.i2c_data_transmit)
    i.i2c_enable                             0x08001f6a   Section        0  gd32f4xx_i2c.o(i.i2c_enable)
    i.i2c_flag_clear                         0x08001f74   Section        0  gd32f4xx_i2c.o(i.i2c_flag_clear)
    i.i2c_flag_get                           0x08001f9c   Section        0  gd32f4xx_i2c.o(i.i2c_flag_get)
    i.i2c_master_addressing                  0x08001fba   Section        0  gd32f4xx_i2c.o(i.i2c_master_addressing)
    i.i2c_mode_addr_config                   0x08001fce   Section        0  gd32f4xx_i2c.o(i.i2c_mode_addr_config)
    i.i2c_send_reg_byte                      0x08001fec   Section        0  wh_i2c.o(i.i2c_send_reg_byte)
    i.i2c_start_on_bus                       0x0800209c   Section        0  gd32f4xx_i2c.o(i.i2c_start_on_bus)
    i.i2c_stop_on_bus                        0x080020a6   Section        0  gd32f4xx_i2c.o(i.i2c_stop_on_bus)
    i.led_init                               0x080020b0   Section        0  gd32f450_board.o(i.led_init)
    i.led_key_init                           0x08002104   Section        0  hci.o(i.led_key_init)
    i.main                                   0x0800212c   Section        0  main.o(i.main)
    i.oled_pow                               0x080021d0   Section        0  oled.o(i.oled_pow)
    i.position_display                       0x080021e8   Section        0  hci.o(i.position_display)
    i.print_char8x16                         0x0800236c   Section        0  oled.o(i.print_char8x16)
    i.print_str8x16                          0x0800239a   Section        0  oled.o(i.print_str8x16)
    i.pwm_init                               0x08002404   Section        0  wh_pwm.o(i.pwm_init)
    i.rcu_clock_freq_get                     0x080024ac   Section        0  gd32f4xx_rcu.o(i.rcu_clock_freq_get)
    i.rcu_periph_clock_enable                0x080025d0   Section        0  gd32f4xx_rcu.o(i.rcu_periph_clock_enable)
    i.rcu_periph_reset_disable               0x080025f4   Section        0  gd32f4xx_rcu.o(i.rcu_periph_reset_disable)
    i.rcu_periph_reset_enable                0x08002618   Section        0  gd32f4xx_rcu.o(i.rcu_periph_reset_enable)
    i.renew_data                             0x0800263c   Section        0  hci.o(i.renew_data)
    i.select_display                         0x08002a78   Section        0  hci.o(i.select_display)
    i.set1_down_process                      0x08002e48   Section        0  hci.o(i.set1_down_process)
    i.set1_ld_process                        0x08002e74   Section        0  hci.o(i.set1_ld_process)
    i.set1_left_process                      0x08002f84   Section        0  hci.o(i.set1_left_process)
    i.set1_rd_process                        0x08002fac   Section        0  hci.o(i.set1_rd_process)
    i.set1_right_process                     0x080031b0   Section        0  hci.o(i.set1_right_process)
    i.set1_up_process                        0x080031dc   Section        0  hci.o(i.set1_up_process)
    i.set2_down_process                      0x08003204   Section        0  hci.o(i.set2_down_process)
    i.set2_ld_process                        0x08003284   Section        0  hci.o(i.set2_ld_process)
    i.set2_left_process                      0x08003314   Section        0  hci.o(i.set2_left_process)
    i.set2_rd_process                        0x0800336c   Section        0  hci.o(i.set2_rd_process)
    i.set2_right_process                     0x08003440   Section        0  hci.o(i.set2_right_process)
    i.set2_up_process                        0x08003494   Section        0  hci.o(i.set2_up_process)
    i.show_data                              0x08003518   Section        0  hci.o(i.show_data)
    i.switch_init                            0x08003600   Section        0  hci.o(i.switch_init)
    i.system_clock_200m_25m_hxtal            0x08003604   Section        0  system_gd32f4xx.o(i.system_clock_200m_25m_hxtal)
    system_clock_200m_25m_hxtal              0x08003605   Thumb Code   240  system_gd32f4xx.o(i.system_clock_200m_25m_hxtal)
    i.system_clock_config                    0x08003700   Section        0  system_gd32f4xx.o(i.system_clock_config)
    system_clock_config                      0x08003701   Thumb Code     8  system_gd32f4xx.o(i.system_clock_config)
    i.systick_config                         0x08003708   Section        0  systick.o(i.systick_config)
    i.timer_auto_reload_shadow_enable        0x08003758   Section        0  gd32f4xx_timer.o(i.timer_auto_reload_shadow_enable)
    i.timer_channel_output_config            0x08003764   Section        0  gd32f4xx_timer.o(i.timer_channel_output_config)
    i.timer_channel_output_mode_config       0x08003950   Section        0  gd32f4xx_timer.o(i.timer_channel_output_mode_config)
    i.timer_channel_output_pulse_value_config 0x080039aa   Section        0  gd32f4xx_timer.o(i.timer_channel_output_pulse_value_config)
    i.timer_channel_output_shadow_config     0x080039d0   Section        0  gd32f4xx_timer.o(i.timer_channel_output_shadow_config)
    i.timer_deinit                           0x08003a2c   Section        0  gd32f4xx_timer.o(i.timer_deinit)
    i.timer_enable                           0x08003bb0   Section        0  gd32f4xx_timer.o(i.timer_enable)
    i.timer_init                             0x08003bbc   Section        0  gd32f4xx_timer.o(i.timer_init)
    i.timer_primary_output_config            0x08003c54   Section        0  gd32f4xx_timer.o(i.timer_primary_output_config)
    i.value_init                             0x08003c6c   Section        0  hci.o(i.value_init)
    .constdata                               0x08003ca0   Section        6  hci.o(.constdata)
    .data                                    0x20000000   Section        4  systick.o(.data)
    delay                                    0x20000000   Data           4  systick.o(.data)
    .data                                    0x20000004   Section     1648  oled.o(.data)
    .data                                    0x20000674   Section      312  hci.o(.data)
    .data                                    0x200007ac   Section      121  key.o(.data)
    GPIO_PORT_KEY                            0x200007ac   Data          24  key.o(.data)
    GPIO_PIN_KEY                             0x200007c4   Data          24  key.o(.data)
    GPIO_CLK_KEY                             0x200007dc   Data          12  key.o(.data)
    GPIO_PORT_SWITCH                         0x200007e8   Data          24  key.o(.data)
    GPIO_PIN_SWITCH                          0x20000800   Data          24  key.o(.data)
    GPIO_CLK_SWITCH                          0x20000818   Data          12  key.o(.data)
    key_up                                   0x20000824   Data           1  key.o(.data)
    .data                                    0x20000828   Section        4  system_gd32f4xx.o(.data)
    .data                                    0x2000082c   Section       30  gd32f450_board.o(.data)
    GPIO_PORT                                0x2000082c   Data          12  gd32f450_board.o(.data)
    GPIO_PIN                                 0x20000838   Data          12  gd32f450_board.o(.data)
    GPIO_CLK                                 0x20000844   Data           6  gd32f450_board.o(.data)
    .bss                                     0x2000084c   Section      288  hci.o(.bss)
    STACK                                    0x20000970   Section     1024  startup_gd32f450.o(STACK)

    Global Symbols

    Symbol Name                              Value     Ov Type        Size  Object(Section)

    BuildAttributes$$THM_ISAv4$E$P$D$K$B$S$7EM$VFPi3$EXTD16$VFPS$VFMA$PE$A:L22UL41UL21$X:L11$S22US41US21$IEEE1$IW$USESV6$~STKCKD$USESV7$~SHL$OSPACE$EBA8$MICROLIB$REQ8$PRES8$EABIv2 0x00000000   Number         0  anon$$obj.o ABSOLUTE
    __ARM_use_no_argv                        0x00000000   Number         0  main.o ABSOLUTE
    __arm_fini_                               - Undefined Weak Reference
    __cpp_initialize__aeabi_                  - Undefined Weak Reference
    __cxa_finalize                            - Undefined Weak Reference
    _clock_init                               - Undefined Weak Reference
    _microlib_exit                            - Undefined Weak Reference
    __Vectors_Size                           0x000001ac   Number         0  startup_gd32f450.o ABSOLUTE
    __Vectors                                0x08000000   Data           4  startup_gd32f450.o(RESET)
    __Vectors_End                            0x080001ac   Data           0  startup_gd32f450.o(RESET)
    __main                                   0x080001ad   Thumb Code     0  entry.o(.ARM.Collect$$$$00000000)
    _main_stk                                0x080001ad   Thumb Code     0  entry2.o(.ARM.Collect$$$$00000001)
    _main_scatterload                        0x080001b1   Thumb Code     0  entry5.o(.ARM.Collect$$$$00000004)
    __main_after_scatterload                 0x080001b5   Thumb Code     0  entry5.o(.ARM.Collect$$$$00000004)
    _main_clock                              0x080001b5   Thumb Code     0  entry7b.o(.ARM.Collect$$$$00000008)
    _main_cpp_init                           0x080001b5   Thumb Code     0  entry8b.o(.ARM.Collect$$$$0000000A)
    _main_init                               0x080001b5   Thumb Code     0  entry9a.o(.ARM.Collect$$$$0000000B)
    __rt_lib_shutdown_fini                   0x080001bd   Thumb Code     0  entry12b.o(.ARM.Collect$$$$0000000E)
    __rt_final_cpp                           0x080001c1   Thumb Code     0  entry10a.o(.ARM.Collect$$$$0000000F)
    __rt_final_exit                          0x080001c1   Thumb Code     0  entry11a.o(.ARM.Collect$$$$00000011)
    Reset_Handler                            0x080001c5   Thumb Code     8  startup_gd32f450.o(.text)
    ADC_IRQHandler                           0x080001df   Thumb Code     0  startup_gd32f450.o(.text)
    CAN0_EWMC_IRQHandler                     0x080001df   Thumb Code     0  startup_gd32f450.o(.text)
    CAN0_RX0_IRQHandler                      0x080001df   Thumb Code     0  startup_gd32f450.o(.text)
    CAN0_RX1_IRQHandler                      0x080001df   Thumb Code     0  startup_gd32f450.o(.text)
    CAN0_TX_IRQHandler                       0x080001df   Thumb Code     0  startup_gd32f450.o(.text)
    CAN1_EWMC_IRQHandler                     0x080001df   Thumb Code     0  startup_gd32f450.o(.text)
    CAN1_RX0_IRQHandler                      0x080001df   Thumb Code     0  startup_gd32f450.o(.text)
    CAN1_RX1_IRQHandler                      0x080001df   Thumb Code     0  startup_gd32f450.o(.text)
    CAN1_TX_IRQHandler                       0x080001df   Thumb Code     0  startup_gd32f450.o(.text)
    DCI_IRQHandler                           0x080001df   Thumb Code     0  startup_gd32f450.o(.text)
    DMA0_Channel0_IRQHandler                 0x080001df   Thumb Code     0  startup_gd32f450.o(.text)
    DMA0_Channel1_IRQHandler                 0x080001df   Thumb Code     0  startup_gd32f450.o(.text)
    DMA0_Channel2_IRQHandler                 0x080001df   Thumb Code     0  startup_gd32f450.o(.text)
    DMA0_Channel3_IRQHandler                 0x080001df   Thumb Code     0  startup_gd32f450.o(.text)
    DMA0_Channel4_IRQHandler                 0x080001df   Thumb Code     0  startup_gd32f450.o(.text)
    DMA0_Channel5_IRQHandler                 0x080001df   Thumb Code     0  startup_gd32f450.o(.text)
    DMA0_Channel6_IRQHandler                 0x080001df   Thumb Code     0  startup_gd32f450.o(.text)
    DMA0_Channel7_IRQHandler                 0x080001df   Thumb Code     0  startup_gd32f450.o(.text)
    DMA1_Channel0_IRQHandler                 0x080001df   Thumb Code     0  startup_gd32f450.o(.text)
    DMA1_Channel1_IRQHandler                 0x080001df   Thumb Code     0  startup_gd32f450.o(.text)
    DMA1_Channel2_IRQHandler                 0x080001df   Thumb Code     0  startup_gd32f450.o(.text)
    DMA1_Channel3_IRQHandler                 0x080001df   Thumb Code     0  startup_gd32f450.o(.text)
    DMA1_Channel4_IRQHandler                 0x080001df   Thumb Code     0  startup_gd32f450.o(.text)
    DMA1_Channel5_IRQHandler                 0x080001df   Thumb Code     0  startup_gd32f450.o(.text)
    DMA1_Channel6_IRQHandler                 0x080001df   Thumb Code     0  startup_gd32f450.o(.text)
    DMA1_Channel7_IRQHandler                 0x080001df   Thumb Code     0  startup_gd32f450.o(.text)
    ENET_IRQHandler                          0x080001df   Thumb Code     0  startup_gd32f450.o(.text)
    ENET_WKUP_IRQHandler                     0x080001df   Thumb Code     0  startup_gd32f450.o(.text)
    EXMC_IRQHandler                          0x080001df   Thumb Code     0  startup_gd32f450.o(.text)
    EXTI0_IRQHandler                         0x080001df   Thumb Code     0  startup_gd32f450.o(.text)
    EXTI10_15_IRQHandler                     0x080001df   Thumb Code     0  startup_gd32f450.o(.text)
    EXTI1_IRQHandler                         0x080001df   Thumb Code     0  startup_gd32f450.o(.text)
    EXTI2_IRQHandler                         0x080001df   Thumb Code     0  startup_gd32f450.o(.text)
    EXTI3_IRQHandler                         0x080001df   Thumb Code     0  startup_gd32f450.o(.text)
    EXTI4_IRQHandler                         0x080001df   Thumb Code     0  startup_gd32f450.o(.text)
    EXTI5_9_IRQHandler                       0x080001df   Thumb Code     0  startup_gd32f450.o(.text)
    FMC_IRQHandler                           0x080001df   Thumb Code     0  startup_gd32f450.o(.text)
    FPU_IRQHandler                           0x080001df   Thumb Code     0  startup_gd32f450.o(.text)
    I2C0_ER_IRQHandler                       0x080001df   Thumb Code     0  startup_gd32f450.o(.text)
    I2C0_EV_IRQHandler                       0x080001df   Thumb Code     0  startup_gd32f450.o(.text)
    I2C1_ER_IRQHandler                       0x080001df   Thumb Code     0  startup_gd32f450.o(.text)
    I2C1_EV_IRQHandler                       0x080001df   Thumb Code     0  startup_gd32f450.o(.text)
    I2C2_ER_IRQHandler                       0x080001df   Thumb Code     0  startup_gd32f450.o(.text)
    I2C2_EV_IRQHandler                       0x080001df   Thumb Code     0  startup_gd32f450.o(.text)
    IPA_IRQHandler                           0x080001df   Thumb Code     0  startup_gd32f450.o(.text)
    LVD_IRQHandler                           0x080001df   Thumb Code     0  startup_gd32f450.o(.text)
    RCU_CTC_IRQHandler                       0x080001df   Thumb Code     0  startup_gd32f450.o(.text)
    RTC_Alarm_IRQHandler                     0x080001df   Thumb Code     0  startup_gd32f450.o(.text)
    RTC_WKUP_IRQHandler                      0x080001df   Thumb Code     0  startup_gd32f450.o(.text)
    SDIO_IRQHandler                          0x080001df   Thumb Code     0  startup_gd32f450.o(.text)
    SPI0_IRQHandler                          0x080001df   Thumb Code     0  startup_gd32f450.o(.text)
    SPI1_IRQHandler                          0x080001df   Thumb Code     0  startup_gd32f450.o(.text)
    SPI2_IRQHandler                          0x080001df   Thumb Code     0  startup_gd32f450.o(.text)
    SPI3_IRQHandler                          0x080001df   Thumb Code     0  startup_gd32f450.o(.text)
    SPI4_IRQHandler                          0x080001df   Thumb Code     0  startup_gd32f450.o(.text)
    SPI5_IRQHandler                          0x080001df   Thumb Code     0  startup_gd32f450.o(.text)
    TAMPER_STAMP_IRQHandler                  0x080001df   Thumb Code     0  startup_gd32f450.o(.text)
    TIMER0_BRK_TIMER8_IRQHandler             0x080001df   Thumb Code     0  startup_gd32f450.o(.text)
    TIMER0_Channel_IRQHandler                0x080001df   Thumb Code     0  startup_gd32f450.o(.text)
    TIMER0_TRG_CMT_TIMER10_IRQHandler        0x080001df   Thumb Code     0  startup_gd32f450.o(.text)
    TIMER0_UP_TIMER9_IRQHandler              0x080001df   Thumb Code     0  startup_gd32f450.o(.text)
    TIMER1_IRQHandler                        0x080001df   Thumb Code     0  startup_gd32f450.o(.text)
    TIMER2_IRQHandler                        0x080001df   Thumb Code     0  startup_gd32f450.o(.text)
    TIMER3_IRQHandler                        0x080001df   Thumb Code     0  startup_gd32f450.o(.text)
    TIMER4_IRQHandler                        0x080001df   Thumb Code     0  startup_gd32f450.o(.text)
    TIMER5_DAC_IRQHandler                    0x080001df   Thumb Code     0  startup_gd32f450.o(.text)
    TIMER6_IRQHandler                        0x080001df   Thumb Code     0  startup_gd32f450.o(.text)
    TIMER7_BRK_TIMER11_IRQHandler            0x080001df   Thumb Code     0  startup_gd32f450.o(.text)
    TIMER7_Channel_IRQHandler                0x080001df   Thumb Code     0  startup_gd32f450.o(.text)
    TIMER7_TRG_CMT_TIMER13_IRQHandler        0x080001df   Thumb Code     0  startup_gd32f450.o(.text)
    TIMER7_UP_TIMER12_IRQHandler             0x080001df   Thumb Code     0  startup_gd32f450.o(.text)
    TLI_ER_IRQHandler                        0x080001df   Thumb Code     0  startup_gd32f450.o(.text)
    TLI_IRQHandler                           0x080001df   Thumb Code     0  startup_gd32f450.o(.text)
    TRNG_IRQHandler                          0x080001df   Thumb Code     0  startup_gd32f450.o(.text)
    UART3_IRQHandler                         0x080001df   Thumb Code     0  startup_gd32f450.o(.text)
    UART4_IRQHandler                         0x080001df   Thumb Code     0  startup_gd32f450.o(.text)
    UART6_IRQHandler                         0x080001df   Thumb Code     0  startup_gd32f450.o(.text)
    UART7_IRQHandler                         0x080001df   Thumb Code     0  startup_gd32f450.o(.text)
    USART0_IRQHandler                        0x080001df   Thumb Code     0  startup_gd32f450.o(.text)
    USART1_IRQHandler                        0x080001df   Thumb Code     0  startup_gd32f450.o(.text)
    USART2_IRQHandler                        0x080001df   Thumb Code     0  startup_gd32f450.o(.text)
    USART5_IRQHandler                        0x080001df   Thumb Code     0  startup_gd32f450.o(.text)
    USBFS_IRQHandler                         0x080001df   Thumb Code     0  startup_gd32f450.o(.text)
    USBFS_WKUP_IRQHandler                    0x080001df   Thumb Code     0  startup_gd32f450.o(.text)
    USBHS_EP1_In_IRQHandler                  0x080001df   Thumb Code     0  startup_gd32f450.o(.text)
    USBHS_EP1_Out_IRQHandler                 0x080001df   Thumb Code     0  startup_gd32f450.o(.text)
    USBHS_IRQHandler                         0x080001df   Thumb Code     0  startup_gd32f450.o(.text)
    USBHS_WKUP_IRQHandler                    0x080001df   Thumb Code     0  startup_gd32f450.o(.text)
    WWDGT_IRQHandler                         0x080001df   Thumb Code     0  startup_gd32f450.o(.text)
    __scatterload                            0x080001e9   Thumb Code    28  init.o(.text)
    __scatterload_rt2                        0x080001e9   Thumb Code     0  init.o(.text)
    __decompress                             0x0800020d   Thumb Code     0  __dczerorl2.o(.text)
    __decompress1                            0x0800020d   Thumb Code    86  __dczerorl2.o(.text)
    BusFault_Handler                         0x08000263   Thumb Code     4  gd32f4xx_it.o(i.BusFault_Handler)
    Clr_Screen                               0x08000267   Thumb Code   126  oled.o(i.Clr_Screen)
    Data_Nsplit                              0x080002e5   Thumb Code   124  hci.o(i.Data_Nsplit)
    Data_Split                               0x08000361   Thumb Code   246  hci.o(i.Data_Split)
    DebugMon_Handler                         0x08000465   Thumb Code     2  gd32f4xx_it.o(i.DebugMon_Handler)
    HCI_handle                               0x08000469   Thumb Code   914  hci.o(i.HCI_handle)
    HCI_init                                 0x080008c1   Thumb Code    32  hci.o(i.HCI_init)
    HardFault_Handler                        0x080008e1   Thumb Code     4  gd32f4xx_it.o(i.HardFault_Handler)
    KEY_Get_Input                            0x080008e5   Thumb Code    22  key.o(i.KEY_Get_Input)
    KEY_Init                                 0x08000905   Thumb Code    36  key.o(i.KEY_Init)
    KEY_Read                                 0x08000935   Thumb Code   220  key.o(i.KEY_Read)
    MemManage_Handler                        0x08000a15   Thumb Code     4  gd32f4xx_it.o(i.MemManage_Handler)
    NMI_Handler                              0x08000a19   Thumb Code     2  gd32f4xx_it.o(i.NMI_Handler)
    OLED_Init                                0x08000a45   Thumb Code   204  oled.o(i.OLED_Init)
    OLED_Set_Pos                             0x08000b11   Thumb Code    40  oled.o(i.OLED_Set_Pos)
    OLED_ShowChar                            0x08000b39   Thumb Code   118  oled.o(i.OLED_ShowChar)
    OLED_ShowChar_1                          0x08000bb5   Thumb Code   126  oled.o(i.OLED_ShowChar_1)
    OLED_ShowNum                             0x08000c39   Thumb Code   136  oled.o(i.OLED_ShowNum)
    OLED_ShowString                          0x08000cc1   Thumb Code    58  oled.o(i.OLED_ShowString)
    OLED_WR_Byte                             0x08000cfb   Thumb Code    18  oled.o(i.OLED_WR_Byte)
    PendSV_Handler                           0x08000d0d   Thumb Code     2  gd32f4xx_it.o(i.PendSV_Handler)
    SVC_Handler                              0x08000d0f   Thumb Code     2  gd32f4xx_it.o(i.SVC_Handler)
    SysTick_Handler                          0x08000d11   Thumb Code     8  gd32f4xx_it.o(i.SysTick_Handler)
    SystemInit                               0x08000d19   Thumb Code   168  system_gd32f4xx.o(i.SystemInit)
    UsageFault_Handler                       0x08000dd1   Thumb Code     4  gd32f4xx_it.o(i.UsageFault_Handler)
    __scatterload_copy                       0x08000dd5   Thumb Code    14  handlers.o(i.__scatterload_copy)
    __scatterload_null                       0x08000de3   Thumb Code     2  handlers.o(i.__scatterload_null)
    __scatterload_zeroinit                   0x08000de5   Thumb Code    14  handlers.o(i.__scatterload_zeroinit)
    clr_Screen                               0x08000df3   Thumb Code    78  oled.o(i.clr_Screen)
    data_flash_read                          0x08000e41   Thumb Code   520  hci.o(i.data_flash_read)
    data_flash_write                         0x080010dd   Thumb Code   556  hci.o(i.data_flash_write)
    data_split                               0x0800139d   Thumb Code   510  hci.o(i.data_split)
    delay_1ms                                0x080015ed   Thumb Code    16  systick.o(i.delay_1ms)
    delay_decrement                          0x08001601   Thumb Code    18  systick.o(i.delay_decrement)
    display_screen                           0x08001619   Thumb Code   760  hci.o(i.display_screen)
    flash_ReadSector_uint8_t                 0x080019cd   Thumb Code    64  wh_flash.o(i.flash_ReadSector_uint8_t)
    flash_WriteSector_uint8_t                0x08001a0d   Thumb Code   110  wh_flash.o(i.flash_WriteSector_uint8_t)
    flash_buffer_translate                   0x08001a7b   Thumb Code    36  wh_flash.o(i.flash_buffer_translate)
    flash_getSectorNumber                    0x08001a9f   Thumb Code    50  wh_flash.o(i.flash_getSectorNumber)
    flash_getSectorStartAddress              0x08001ad1   Thumb Code   104  wh_flash.o(i.flash_getSectorStartAddress)
    fmc_byte_program                         0x08001b49   Thumb Code    74  gd32f4xx_fmc.o(i.fmc_byte_program)
    fmc_flag_clear                           0x08001b99   Thumb Code     6  gd32f4xx_fmc.o(i.fmc_flag_clear)
    fmc_lock                                 0x08001ba5   Thumb Code    14  gd32f4xx_fmc.o(i.fmc_lock)
    fmc_ready_wait                           0x08001bb9   Thumb Code    34  gd32f4xx_fmc.o(i.fmc_ready_wait)
    fmc_sector_erase                         0x08001bdd   Thumb Code    88  gd32f4xx_fmc.o(i.fmc_sector_erase)
    fmc_state_get                            0x08001c39   Thumb Code    80  gd32f4xx_fmc.o(i.fmc_state_get)
    fmc_unlock                               0x08001c8d   Thumb Code    24  gd32f4xx_fmc.o(i.fmc_unlock)
    gpio_af_set                              0x08001cb1   Thumb Code    94  gd32f4xx_gpio.o(i.gpio_af_set)
    gpio_get_input                           0x08001d0f   Thumb Code    16  wh_gpio.o(i.gpio_get_input)
    gpio_input_init                          0x08001d1f   Thumb Code    28  wh_gpio.o(i.gpio_input_init)
    gpio_mode_set                            0x08001d3b   Thumb Code    78  gd32f4xx_gpio.o(i.gpio_mode_set)
    gpio_output_init                         0x08001d89   Thumb Code    44  wh_gpio.o(i.gpio_output_init)
    gpio_output_options_set                  0x08001db5   Thumb Code    66  gd32f4xx_gpio.o(i.gpio_output_options_set)
    i2c_ack_config                           0x08001df7   Thumb Code    24  gd32f4xx_i2c.o(i.i2c_ack_config)
    i2c_clock_config                         0x08001e11   Thumb Code   204  gd32f4xx_i2c.o(i.i2c_clock_config)
    i2c_config                               0x08001ee9   Thumb Code   116  wh_i2c.o(i.i2c_config)
    i2c_data_transmit                        0x08001f65   Thumb Code     6  gd32f4xx_i2c.o(i.i2c_data_transmit)
    i2c_enable                               0x08001f6b   Thumb Code    10  gd32f4xx_i2c.o(i.i2c_enable)
    i2c_flag_clear                           0x08001f75   Thumb Code    40  gd32f4xx_i2c.o(i.i2c_flag_clear)
    i2c_flag_get                             0x08001f9d   Thumb Code    30  gd32f4xx_i2c.o(i.i2c_flag_get)
    i2c_master_addressing                    0x08001fbb   Thumb Code    20  gd32f4xx_i2c.o(i.i2c_master_addressing)
    i2c_mode_addr_config                     0x08001fcf   Thumb Code    28  gd32f4xx_i2c.o(i.i2c_mode_addr_config)
    i2c_send_reg_byte                        0x08001fed   Thumb Code   170  wh_i2c.o(i.i2c_send_reg_byte)
    i2c_start_on_bus                         0x0800209d   Thumb Code    10  gd32f4xx_i2c.o(i.i2c_start_on_bus)
    i2c_stop_on_bus                          0x080020a7   Thumb Code    10  gd32f4xx_i2c.o(i.i2c_stop_on_bus)
    led_init                                 0x080020b1   Thumb Code    70  gd32f450_board.o(i.led_init)
    led_key_init                             0x08002105   Thumb Code    40  hci.o(i.led_key_init)
    main                                     0x0800212d   Thumb Code   152  main.o(i.main)
    oled_pow                                 0x080021d1   Thumb Code    22  oled.o(i.oled_pow)
    position_display                         0x080021e9   Thumb Code   380  hci.o(i.position_display)
    print_char8x16                           0x0800236d   Thumb Code    46  oled.o(i.print_char8x16)
    print_str8x16                            0x0800239b   Thumb Code   106  oled.o(i.print_str8x16)
    pwm_init                                 0x08002405   Thumb Code   166  wh_pwm.o(i.pwm_init)
    rcu_clock_freq_get                       0x080024ad   Thumb Code   264  gd32f4xx_rcu.o(i.rcu_clock_freq_get)
    rcu_periph_clock_enable                  0x080025d1   Thumb Code    32  gd32f4xx_rcu.o(i.rcu_periph_clock_enable)
    rcu_periph_reset_disable                 0x080025f5   Thumb Code    32  gd32f4xx_rcu.o(i.rcu_periph_reset_disable)
    rcu_periph_reset_enable                  0x08002619   Thumb Code    32  gd32f4xx_rcu.o(i.rcu_periph_reset_enable)
    renew_data                               0x0800263d   Thumb Code  1084  hci.o(i.renew_data)
    select_display                           0x08002a79   Thumb Code   832  hci.o(i.select_display)
    set1_down_process                        0x08002e49   Thumb Code    34  hci.o(i.set1_down_process)
    set1_ld_process                          0x08002e75   Thumb Code   222  hci.o(i.set1_ld_process)
    set1_left_process                        0x08002f85   Thumb Code    32  hci.o(i.set1_left_process)
    set1_rd_process                          0x08002fad   Thumb Code   350  hci.o(i.set1_rd_process)
    set1_right_process                       0x080031b1   Thumb Code    34  hci.o(i.set1_right_process)
    set1_up_process                          0x080031dd   Thumb Code    32  hci.o(i.set1_up_process)
    set2_down_process                        0x08003205   Thumb Code   104  hci.o(i.set2_down_process)
    set2_ld_process                          0x08003285   Thumb Code   108  hci.o(i.set2_ld_process)
    set2_left_process                        0x08003315   Thumb Code    70  hci.o(i.set2_left_process)
    set2_rd_process                          0x0800336d   Thumb Code   158  hci.o(i.set2_rd_process)
    set2_right_process                       0x08003441   Thumb Code    68  hci.o(i.set2_right_process)
    set2_up_process                          0x08003495   Thumb Code   108  hci.o(i.set2_up_process)
    show_data                                0x08003519   Thumb Code   216  hci.o(i.show_data)
    switch_init                              0x08003601   Thumb Code     2  hci.o(i.switch_init)
    systick_config                           0x08003709   Thumb Code    74  systick.o(i.systick_config)
    timer_auto_reload_shadow_enable          0x08003759   Thumb Code    10  gd32f4xx_timer.o(i.timer_auto_reload_shadow_enable)
    timer_channel_output_config              0x08003765   Thumb Code   484  gd32f4xx_timer.o(i.timer_channel_output_config)
    timer_channel_output_mode_config         0x08003951   Thumb Code    90  gd32f4xx_timer.o(i.timer_channel_output_mode_config)
    timer_channel_output_pulse_value_config  0x080039ab   Thumb Code    38  gd32f4xx_timer.o(i.timer_channel_output_pulse_value_config)
    timer_channel_output_shadow_config       0x080039d1   Thumb Code    90  gd32f4xx_timer.o(i.timer_channel_output_shadow_config)
    timer_deinit                             0x08003a2d   Thumb Code   374  gd32f4xx_timer.o(i.timer_deinit)
    timer_enable                             0x08003bb1   Thumb Code    10  gd32f4xx_timer.o(i.timer_enable)
    timer_init                               0x08003bbd   Thumb Code   122  gd32f4xx_timer.o(i.timer_init)
    timer_primary_output_config              0x08003c55   Thumb Code    24  gd32f4xx_timer.o(i.timer_primary_output_config)
    value_init                               0x08003c6d   Thumb Code    28  hci.o(i.value_init)
    Region$$Table$$Base                      0x08003ca8   Number         0  anon$$obj.o(Region$$Table)
    Region$$Table$$Limit                     0x08003cc8   Number         0  anon$$obj.o(Region$$Table)
    chinese_buffer                           0x20000004   Data         128  oled.o(.data)
    acsii_buffer                             0x20000084   Data        1520  oled.o(.data)
    statue_flag                              0x20000674   Data           1  hci.o(.data)
    screen_num                               0x20000675   Data           1  hci.o(.data)
    position1_x                              0x20000676   Data           1  hci.o(.data)
    position1_y                              0x20000677   Data           1  hci.o(.data)
    position                                 0x20000678   Data           1  hci.o(.data)
    move_flag                                0x20000679   Data           1  hci.o(.data)
    mid_speed                                0x2000067c   Data           4  hci.o(.data)
    high_speed                               0x20000680   Data           4  hci.o(.data)
    low_speed                                0x20000684   Data           4  hci.o(.data)
    s_a_value                                0x20000688   Data           4  hci.o(.data)
    s_b_value                                0x2000068c   Data           4  hci.o(.data)
    s_c_value                                0x20000690   Data           4  hci.o(.data)
    P_value                                  0x20000694   Data           4  hci.o(.data)
    I_value                                  0x20000698   Data           4  hci.o(.data)
    D_value                                  0x2000069c   Data           4  hci.o(.data)
    PD_P                                     0x200006a0   Data           4  hci.o(.data)
    b_value                                  0x200006a4   Data           4  hci.o(.data)
    PD_D                                     0x200006a8   Data           4  hci.o(.data)
    Set_speed_pwm                            0x200006ac   Data           4  hci.o(.data)
    res2                                     0x200006b0   Data           4  hci.o(.data)
    res3                                     0x200006b4   Data           4  hci.o(.data)
    res4                                     0x200006b8   Data           4  hci.o(.data)
    res5                                     0x200006bc   Data           4  hci.o(.data)
    res6                                     0x200006c0   Data           4  hci.o(.data)
    value                                    0x200006c4   Data           6  hci.o(.data)
    speed_value                              0x200006ca   Data           4  hci.o(.data)
    temp_value                               0x200006d0   Data           4  hci.o(.data)
    uiTempPID_P                              0x200006d4   Data           4  hci.o(.data)
    uiTempPID_I                              0x200006d8   Data           4  hci.o(.data)
    uiTempPID_D                              0x200006dc   Data           4  hci.o(.data)
    uiTempPD_a                               0x200006e0   Data           4  hci.o(.data)
    uiTempPD_b                               0x200006e4   Data           4  hci.o(.data)
    uiTempPD_D                               0x200006e8   Data           4  hci.o(.data)
    uiTempSpeed                              0x200006ec   Data           4  hci.o(.data)
    uiTempMaxSpeed                           0x200006f0   Data           4  hci.o(.data)
    uiTempMinSpeed                           0x200006f4   Data           4  hci.o(.data)
    uiTempS_A                                0x200006f8   Data           4  hci.o(.data)
    uiTempS_B                                0x200006fc   Data           4  hci.o(.data)
    uiTempS_C                                0x20000700   Data           4  hci.o(.data)
    uiTempres1                               0x20000704   Data           4  hci.o(.data)
    uiTempres2                               0x20000708   Data           4  hci.o(.data)
    uiTempres3                               0x2000070c   Data           4  hci.o(.data)
    uiTempres4                               0x20000710   Data           4  hci.o(.data)
    uiTempres5                               0x20000714   Data           4  hci.o(.data)
    uiTempres6                               0x20000718   Data           4  hci.o(.data)
    uc_record_P_value                        0x2000071c   Data           8  hci.o(.data)
    uc_record_I_value                        0x20000724   Data           8  hci.o(.data)
    uc_record_D_value                        0x2000072c   Data           8  hci.o(.data)
    uc_record_PD_P                           0x20000734   Data           8  hci.o(.data)
    uc_record_b_value                        0x2000073c   Data           8  hci.o(.data)
    uc_record_PD_D                           0x20000744   Data           8  hci.o(.data)
    uc_record_mid_speed                      0x2000074c   Data           8  hci.o(.data)
    uc_record_high_speed                     0x20000754   Data           8  hci.o(.data)
    uc_record_low_speed                      0x2000075c   Data           8  hci.o(.data)
    uc_record_s_a_value                      0x20000764   Data           8  hci.o(.data)
    uc_record_s_b_value                      0x2000076c   Data           8  hci.o(.data)
    uc_record_s_c_value                      0x20000774   Data           8  hci.o(.data)
    uc_record_Set_speed_pwm                  0x2000077c   Data           8  hci.o(.data)
    uc_record_res2                           0x20000784   Data           8  hci.o(.data)
    uc_record_res3                           0x2000078c   Data           8  hci.o(.data)
    uc_record_res4                           0x20000794   Data           8  hci.o(.data)
    uc_record_res5                           0x2000079c   Data           8  hci.o(.data)
    uc_record_res6                           0x200007a4   Data           8  hci.o(.data)
    SystemCoreClock                          0x20000828   Data           4  system_gd32f4xx.o(.data)
    write_buffer                             0x2000084c   Data         144  hci.o(.bss)
    read_buffer                              0x200008dc   Data         144  hci.o(.bss)
    __initial_sp                             0x20000d70   Data           0  startup_gd32f450.o(STACK)



==============================================================================

Memory Map of the image

  Image Entry point : 0x080001ad

  Load Region LR_IROM1 (Base: 0x08000000, Size: 0x00004514, Max: 0x00200000, ABSOLUTE, COMPRESSED[0x000040fc])

    Execution Region ER_IROM1 (Exec base: 0x08000000, Load base: 0x08000000, Size: 0x00003cc8, Max: 0x00200000, ABSOLUTE)

    Exec Addr    Load Addr    Size         Type   Attr      Idx    E Section Name        Object

    0x08000000   0x08000000   0x000001ac   Data   RO          788    RESET               startup_gd32f450.o
    0x080001ac   0x080001ac   0x00000000   Code   RO         6788  * .ARM.Collect$$$$00000000  mc_w.l(entry.o)
    0x080001ac   0x080001ac   0x00000004   Code   RO         6791    .ARM.Collect$$$$00000001  mc_w.l(entry2.o)
    0x080001b0   0x080001b0   0x00000004   Code   RO         6794    .ARM.Collect$$$$00000004  mc_w.l(entry5.o)
    0x080001b4   0x080001b4   0x00000000   Code   RO         6796    .ARM.Collect$$$$00000008  mc_w.l(entry7b.o)
    0x080001b4   0x080001b4   0x00000000   Code   RO         6798    .ARM.Collect$$$$0000000A  mc_w.l(entry8b.o)
    0x080001b4   0x080001b4   0x00000008   Code   RO         6799    .ARM.Collect$$$$0000000B  mc_w.l(entry9a.o)
    0x080001bc   0x080001bc   0x00000004   Code   RO         6806    .ARM.Collect$$$$0000000E  mc_w.l(entry12b.o)
    0x080001c0   0x080001c0   0x00000000   Code   RO         6801    .ARM.Collect$$$$0000000F  mc_w.l(entry10a.o)
    0x080001c0   0x080001c0   0x00000000   Code   RO         6803    .ARM.Collect$$$$00000011  mc_w.l(entry11a.o)
    0x080001c0   0x080001c0   0x00000004   Code   RO         6792    .ARM.Collect$$$$00002712  mc_w.l(entry2.o)
    0x080001c4   0x080001c4   0x00000024   Code   RO          789    .text               startup_gd32f450.o
    0x080001e8   0x080001e8   0x00000024   Code   RO         6807    .text               mc_w.l(init.o)
    0x0800020c   0x0800020c   0x00000056   Code   RO         6817    .text               mc_w.l(__dczerorl2.o)
    0x08000262   0x08000262   0x00000004   Code   RO          241    i.BusFault_Handler  gd32f4xx_it.o
    0x08000266   0x08000266   0x0000007e   Code   RO          402    i.Clr_Screen        oled.o
    0x080002e4   0x080002e4   0x0000007c   Code   RO          498    i.Data_Nsplit       hci.o
    0x08000360   0x08000360   0x00000104   Code   RO          499    i.Data_Split        hci.o
    0x08000464   0x08000464   0x00000002   Code   RO          242    i.DebugMon_Handler  gd32f4xx_it.o
    0x08000466   0x08000466   0x00000002   PAD
    0x08000468   0x08000468   0x00000458   Code   RO          500    i.HCI_handle        hci.o
    0x080008c0   0x080008c0   0x00000020   Code   RO          501    i.HCI_init          hci.o
    0x080008e0   0x080008e0   0x00000004   Code   RO          243    i.HardFault_Handler  gd32f4xx_it.o
    0x080008e4   0x080008e4   0x00000020   Code   RO          687    i.KEY_Get_Input     key.o
    0x08000904   0x08000904   0x00000030   Code   RO          688    i.KEY_Init          key.o
    0x08000934   0x08000934   0x000000e0   Code   RO          689    i.KEY_Read          key.o
    0x08000a14   0x08000a14   0x00000004   Code   RO          244    i.MemManage_Handler  gd32f4xx_it.o
    0x08000a18   0x08000a18   0x00000002   Code   RO          245    i.NMI_Handler       gd32f4xx_it.o
    0x08000a1a   0x08000a1a   0x00000002   PAD
    0x08000a1c   0x08000a1c   0x00000028   Code   RO          198    i.NVIC_SetPriority  systick.o
    0x08000a44   0x08000a44   0x000000cc   Code   RO          403    i.OLED_Init         oled.o
    0x08000b10   0x08000b10   0x00000028   Code   RO          404    i.OLED_Set_Pos      oled.o
    0x08000b38   0x08000b38   0x0000007c   Code   RO          405    i.OLED_ShowChar     oled.o
    0x08000bb4   0x08000bb4   0x00000084   Code   RO          406    i.OLED_ShowChar_1   oled.o
    0x08000c38   0x08000c38   0x00000088   Code   RO          407    i.OLED_ShowNum      oled.o
    0x08000cc0   0x08000cc0   0x0000003a   Code   RO          408    i.OLED_ShowString   oled.o
    0x08000cfa   0x08000cfa   0x00000012   Code   RO          409    i.OLED_WR_Byte      oled.o
    0x08000d0c   0x08000d0c   0x00000002   Code   RO          246    i.PendSV_Handler    gd32f4xx_it.o
    0x08000d0e   0x08000d0e   0x00000002   Code   RO          247    i.SVC_Handler       gd32f4xx_it.o
    0x08000d10   0x08000d10   0x00000008   Code   RO          248    i.SysTick_Handler   gd32f4xx_it.o
    0x08000d18   0x08000d18   0x000000b8   Code   RO          747    i.SystemInit        system_gd32f4xx.o
    0x08000dd0   0x08000dd0   0x00000004   Code   RO          249    i.UsageFault_Handler  gd32f4xx_it.o
    0x08000dd4   0x08000dd4   0x0000000e   Code   RO         6811    i.__scatterload_copy  mc_w.l(handlers.o)
    0x08000de2   0x08000de2   0x00000002   Code   RO         6812    i.__scatterload_null  mc_w.l(handlers.o)
    0x08000de4   0x08000de4   0x0000000e   Code   RO         6813    i.__scatterload_zeroinit  mc_w.l(handlers.o)
    0x08000df2   0x08000df2   0x0000004e   Code   RO          410    i.clr_Screen        oled.o
    0x08000e40   0x08000e40   0x0000029c   Code   RO          502    i.data_flash_read   hci.o
    0x080010dc   0x080010dc   0x000002c0   Code   RO          503    i.data_flash_write  hci.o
    0x0800139c   0x0800139c   0x00000250   Code   RO          504    i.data_split        hci.o
    0x080015ec   0x080015ec   0x00000014   Code   RO          199    i.delay_1ms         systick.o
    0x08001600   0x08001600   0x00000018   Code   RO          200    i.delay_decrement   systick.o
    0x08001618   0x08001618   0x000003b4   Code   RO          505    i.display_screen    hci.o
    0x080019cc   0x080019cc   0x00000040   Code   RO         6366    i.flash_ReadSector_uint8_t  wh_flash.o
    0x08001a0c   0x08001a0c   0x0000006e   Code   RO         6369    i.flash_WriteSector_uint8_t  wh_flash.o
    0x08001a7a   0x08001a7a   0x00000024   Code   RO         6370    i.flash_buffer_translate  wh_flash.o
    0x08001a9e   0x08001a9e   0x00000032   Code   RO         6371    i.flash_getSectorNumber  wh_flash.o
    0x08001ad0   0x08001ad0   0x00000078   Code   RO         6372    i.flash_getSectorStartAddress  wh_flash.o
    0x08001b48   0x08001b48   0x00000050   Code   RO         2982    i.fmc_byte_program  gd32f4xx_fmc.o
    0x08001b98   0x08001b98   0x0000000c   Code   RO         2983    i.fmc_flag_clear    gd32f4xx_fmc.o
    0x08001ba4   0x08001ba4   0x00000014   Code   RO         2988    i.fmc_lock          gd32f4xx_fmc.o
    0x08001bb8   0x08001bb8   0x00000022   Code   RO         2990    i.fmc_ready_wait    gd32f4xx_fmc.o
    0x08001bda   0x08001bda   0x00000002   PAD
    0x08001bdc   0x08001bdc   0x0000005c   Code   RO         2991    i.fmc_sector_erase  gd32f4xx_fmc.o
    0x08001c38   0x08001c38   0x00000054   Code   RO         2992    i.fmc_state_get     gd32f4xx_fmc.o
    0x08001c8c   0x08001c8c   0x00000024   Code   RO         2993    i.fmc_unlock        gd32f4xx_fmc.o
    0x08001cb0   0x08001cb0   0x0000005e   Code   RO         3254    i.gpio_af_set       gd32f4xx_gpio.o
    0x08001d0e   0x08001d0e   0x00000010   Code   RO         6432    i.gpio_get_input    wh_gpio.o
    0x08001d1e   0x08001d1e   0x0000001c   Code   RO         6434    i.gpio_input_init   wh_gpio.o
    0x08001d3a   0x08001d3a   0x0000004e   Code   RO         3262    i.gpio_mode_set     gd32f4xx_gpio.o
    0x08001d88   0x08001d88   0x0000002c   Code   RO         6435    i.gpio_output_init  wh_gpio.o
    0x08001db4   0x08001db4   0x00000042   Code   RO         3264    i.gpio_output_options_set  gd32f4xx_gpio.o
    0x08001df6   0x08001df6   0x00000018   Code   RO         3358    i.i2c_ack_config    gd32f4xx_i2c.o
    0x08001e0e   0x08001e0e   0x00000002   PAD
    0x08001e10   0x08001e10   0x000000d8   Code   RO         3362    i.i2c_clock_config  gd32f4xx_i2c.o
    0x08001ee8   0x08001ee8   0x0000007c   Code   RO         6752    i.i2c_config        wh_i2c.o
    0x08001f64   0x08001f64   0x00000006   Code   RO         3364    i.i2c_data_transmit  gd32f4xx_i2c.o
    0x08001f6a   0x08001f6a   0x0000000a   Code   RO         3372    i.i2c_enable        gd32f4xx_i2c.o
    0x08001f74   0x08001f74   0x00000028   Code   RO         3373    i.i2c_flag_clear    gd32f4xx_i2c.o
    0x08001f9c   0x08001f9c   0x0000001e   Code   RO         3374    i.i2c_flag_get      gd32f4xx_i2c.o
    0x08001fba   0x08001fba   0x00000014   Code   RO         3379    i.i2c_master_addressing  gd32f4xx_i2c.o
    0x08001fce   0x08001fce   0x0000001c   Code   RO         3380    i.i2c_mode_addr_config  gd32f4xx_i2c.o
    0x08001fea   0x08001fea   0x00000002   PAD
    0x08001fec   0x08001fec   0x000000b0   Code   RO         6755    i.i2c_send_reg_byte  wh_i2c.o
    0x0800209c   0x0800209c   0x0000000a   Code   RO         3393    i.i2c_start_on_bus  gd32f4xx_i2c.o
    0x080020a6   0x080020a6   0x0000000a   Code   RO         3394    i.i2c_stop_on_bus   gd32f4xx_i2c.o
    0x080020b0   0x080020b0   0x00000054   Code   RO         6263    i.led_init          gd32f450_board.o
    0x08002104   0x08002104   0x00000028   Code   RO          506    i.led_key_init      hci.o
    0x0800212c   0x0800212c   0x000000a4   Code   RO            3    i.main              main.o
    0x080021d0   0x080021d0   0x00000016   Code   RO          411    i.oled_pow          oled.o
    0x080021e6   0x080021e6   0x00000002   PAD
    0x080021e8   0x080021e8   0x00000184   Code   RO          507    i.position_display  hci.o
    0x0800236c   0x0800236c   0x0000002e   Code   RO          412    i.print_char8x16    oled.o
    0x0800239a   0x0800239a   0x0000006a   Code   RO          413    i.print_str8x16     oled.o
    0x08002404   0x08002404   0x000000a6   Code   RO         6502    i.pwm_init          wh_pwm.o
    0x080024aa   0x080024aa   0x00000002   PAD
    0x080024ac   0x080024ac   0x00000124   Code   RO         4026    i.rcu_clock_freq_get  gd32f4xx_rcu.o
    0x080025d0   0x080025d0   0x00000024   Code   RO         4045    i.rcu_periph_clock_enable  gd32f4xx_rcu.o
    0x080025f4   0x080025f4   0x00000024   Code   RO         4048    i.rcu_periph_reset_disable  gd32f4xx_rcu.o
    0x08002618   0x08002618   0x00000024   Code   RO         4049    i.rcu_periph_reset_enable  gd32f4xx_rcu.o
    0x0800263c   0x0800263c   0x0000043c   Code   RO          508    i.renew_data        hci.o
    0x08002a78   0x08002a78   0x000003d0   Code   RO          509    i.select_display    hci.o
    0x08002e48   0x08002e48   0x0000002c   Code   RO          510    i.set1_down_process  hci.o
    0x08002e74   0x08002e74   0x00000110   Code   RO          511    i.set1_ld_process   hci.o
    0x08002f84   0x08002f84   0x00000028   Code   RO          512    i.set1_left_process  hci.o
    0x08002fac   0x08002fac   0x00000204   Code   RO          513    i.set1_rd_process   hci.o
    0x080031b0   0x080031b0   0x0000002c   Code   RO          514    i.set1_right_process  hci.o
    0x080031dc   0x080031dc   0x00000028   Code   RO          515    i.set1_up_process   hci.o
    0x08003204   0x08003204   0x00000080   Code   RO          516    i.set2_down_process  hci.o
    0x08003284   0x08003284   0x00000090   Code   RO          517    i.set2_ld_process   hci.o
    0x08003314   0x08003314   0x00000058   Code   RO          518    i.set2_left_process  hci.o
    0x0800336c   0x0800336c   0x000000d4   Code   RO          519    i.set2_rd_process   hci.o
    0x08003440   0x08003440   0x00000054   Code   RO          520    i.set2_right_process  hci.o
    0x08003494   0x08003494   0x00000084   Code   RO          521    i.set2_up_process   hci.o
    0x08003518   0x08003518   0x000000e8   Code   RO          522    i.show_data         hci.o
    0x08003600   0x08003600   0x00000002   Code   RO          523    i.switch_init       hci.o
    0x08003602   0x08003602   0x00000002   PAD
    0x08003604   0x08003604   0x000000fc   Code   RO          748    i.system_clock_200m_25m_hxtal  system_gd32f4xx.o
    0x08003700   0x08003700   0x00000008   Code   RO          749    i.system_clock_config  system_gd32f4xx.o
    0x08003708   0x08003708   0x00000050   Code   RO          201    i.systick_config    systick.o
    0x08003758   0x08003758   0x0000000a   Code   RO         5180    i.timer_auto_reload_shadow_enable  gd32f4xx_timer.o
    0x08003762   0x08003762   0x00000002   PAD
    0x08003764   0x08003764   0x000001ec   Code   RO         5197    i.timer_channel_output_config  gd32f4xx_timer.o
    0x08003950   0x08003950   0x0000005a   Code   RO         5199    i.timer_channel_output_mode_config  gd32f4xx_timer.o
    0x080039aa   0x080039aa   0x00000026   Code   RO         5201    i.timer_channel_output_pulse_value_config  gd32f4xx_timer.o
    0x080039d0   0x080039d0   0x0000005a   Code   RO         5202    i.timer_channel_output_shadow_config  gd32f4xx_timer.o
    0x08003a2a   0x08003a2a   0x00000002   PAD
    0x08003a2c   0x08003a2c   0x00000184   Code   RO         5211    i.timer_deinit      gd32f4xx_timer.o
    0x08003bb0   0x08003bb0   0x0000000a   Code   RO         5216    i.timer_enable      gd32f4xx_timer.o
    0x08003bba   0x08003bba   0x00000002   PAD
    0x08003bbc   0x08003bbc   0x00000098   Code   RO         5226    i.timer_init        gd32f4xx_timer.o
    0x08003c54   0x08003c54   0x00000018   Code   RO         5241    i.timer_primary_output_config  gd32f4xx_timer.o
    0x08003c6c   0x08003c6c   0x00000034   Code   RO          524    i.value_init        hci.o
    0x08003ca0   0x08003ca0   0x00000006   Data   RO          526    .constdata          hci.o
    0x08003ca6   0x08003ca6   0x00000002   PAD
    0x08003ca8   0x08003ca8   0x00000020   Data   RO         6809    Region$$Table       anon$$obj.o


    Execution Region RW_IRAM1 (Exec base: 0x20000000, Load base: 0x08003cc8, Size: 0x00000d70, Max: 0x00070000, ABSOLUTE, COMPRESSED[0x00000434])

    Exec Addr    Load Addr    Size         Type   Attr      Idx    E Section Name        Object

    0x20000000   COMPRESSED   0x00000004   Data   RW          202    .data               systick.o
    0x20000004   COMPRESSED   0x00000670   Data   RW          415    .data               oled.o
    0x20000674   COMPRESSED   0x00000138   Data   RW          527    .data               hci.o
    0x200007ac   COMPRESSED   0x00000079   Data   RW          692    .data               key.o
    0x20000825   COMPRESSED   0x00000003   PAD
    0x20000828   COMPRESSED   0x00000004   Data   RW          750    .data               system_gd32f4xx.o
    0x2000082c   COMPRESSED   0x0000001e   Data   RW         6267    .data               gd32f450_board.o
    0x2000084a   COMPRESSED   0x00000002   PAD
    0x2000084c        -       0x00000120   Zero   RW          525    .bss                hci.o
    0x2000096c   COMPRESSED   0x00000004   PAD
    0x20000970        -       0x00000400   Zero   RW          786    STACK               startup_gd32f450.o


==============================================================================

Image component sizes


      Code (inc. data)   RO Data    RW Data    ZI Data      Debug   Object Name

        84         14          0         30          0       1415   gd32f450_board.o
       358         38          0          0          0       5156   gd32f4xx_fmc.o
       238          0          0          0          0       2820   gd32f4xx_gpio.o
       394         12          0          0          0       7917   gd32f4xx_i2c.o
        32          0          0          0          0      64878   gd32f4xx_it.o
       400         40          0          0          0       4160   gd32f4xx_rcu.o
      1294         52          0          0          0       8023   gd32f4xx_timer.o
      8958       1500          6        312        288      22952   hci.o
       304         26          0        121          0       4262   key.o
       164         12          0          0          0      10431   main.o
      1090         12          0       1648          0      10721   oled.o
        36          8        428          0       1024        976   startup_gd32f450.o
       444         28          0          4          0       3295   system_gd32f4xx.o
       164         24          0          4          0      29534   systick.o
       380         16          0          0          0       5150   wh_flash.o
        88          0          0          0          0       2474   wh_gpio.o
       300         14          0          0          0       1609   wh_i2c.o
       166          0          0          0          0       1067   wh_pwm.o

    ----------------------------------------------------------------------
     14916       1796        468       2124       1316     186840   Object Totals
         0          0         32          0          0          0   (incl. Generated)
        22          0          2          5          4          0   (incl. Padding)

    ----------------------------------------------------------------------

      Code (inc. data)   RO Data    RW Data    ZI Data      Debug   Library Member Name

        86          0          0          0          0          0   __dczerorl2.o
         0          0          0          0          0          0   entry.o
         0          0          0          0          0          0   entry10a.o
         0          0          0          0          0          0   entry11a.o
         4          0          0          0          0          0   entry12b.o
         8          4          0          0          0          0   entry2.o
         4          0          0          0          0          0   entry5.o
         0          0          0          0          0          0   entry7b.o
         0          0          0          0          0          0   entry8b.o
         8          4          0          0          0          0   entry9a.o
        30          0          0          0          0          0   handlers.o
        36          8          0          0          0         68   init.o

    ----------------------------------------------------------------------
       176         16          0          0          0         68   Library Totals
         0          0          0          0          0          0   (incl. Padding)

    ----------------------------------------------------------------------

      Code (inc. data)   RO Data    RW Data    ZI Data      Debug   Library Name

       176         16          0          0          0         68   mc_w.l

    ----------------------------------------------------------------------
       176         16          0          0          0         68   Library Totals

    ----------------------------------------------------------------------

==============================================================================


      Code (inc. data)   RO Data    RW Data    ZI Data      Debug   

     15092       1812        468       2124       1316     177292   Grand Totals
     15092       1812        468       1076       1316     177292   ELF Image Totals (compressed)
     15092       1812        468       1076          0          0   ROM Totals

==============================================================================

    Total RO  Size (Code + RO Data)                15560 (  15.20kB)
    Total RW  Size (RW Data + ZI Data)              3440 (   3.36kB)
    Total ROM Size (Code + RO Data + RW Data)      16636 (  16.25kB)

==============================================================================

