Component: ARM Compiler 5.06 update 7 (build 960) Tool: armlink [4d3601]

==============================================================================

Section Cross References

    main.o(i.find_road) refers to oled.o(i.OLED_ShowNum) for OLED_ShowNum
    main.o(i.find_road) refers to seekfree_mt9v03x.o(.bss) for mt9v03x_image
    main.o(i.find_road) refers to main.o(.bss) for middle_line
    main.o(i.find_road_control) refers to hci.o(.data) for PD_P
    main.o(i.main) refers to main.o(i.start_up) for start_up
    main.o(i.main) refers to oled.o(i.OLED_OpeningAnimation) for OLED_OpeningAnimation
    main.o(i.main) refers to hci.o(i.HCI_handle) for HCI_handle
    main.o(i.main) refers to camera.o(i.OSTU) for OSTU
    main.o(i.main) refers to main.o(i.road_error) for road_error
    main.o(i.main) refers to main.o(i.find_road) for find_road
    main.o(i.main) refers to key.o(i.SWITCH_Get_Input) for SWITCH_Get_Input
    main.o(i.main) refers to main.o(i.find_road_control) for find_road_control
    main.o(i.main) refers to pwm.o(i.Steer_Updata) for Steer_Updata
    main.o(i.main) refers to oled.o(i.OLED_ShowNum) for OLED_ShowNum
    main.o(i.main) refers to wh_flash.o(i.flash_buffer_translate) for flash_buffer_translate
    main.o(i.main) refers to oled.o(i.OLED_camera) for OLED_camera
    main.o(i.main) refers to main.o(.data) for BI_count
    main.o(i.main) refers to motor.o(.bss) for motor_l
    main.o(i.main) refers to motor.o(.data) for stopflag
    main.o(i.main) refers to seekfree_mt9v03x.o(.bss) for Img
    main.o(i.main) refers to main.o(.bss) for middle_line
    main.o(i.road_error) refers to main.o(.bss) for middle_line
    main.o(i.road_error) refers to main.o(.data) for error_buffer
    main.o(i.start_up) refers to systick.o(i.systick_config) for systick_config
    main.o(i.start_up) refers to led.o(i.LED_Init) for LED_Init
    main.o(i.start_up) refers to key.o(i.KEY_Init) for KEY_Init
    main.o(i.start_up) refers to wh_i2c.o(i.i2c_config) for i2c_config
    main.o(i.start_up) refers to oled.o(i.OLED_Init) for OLED_Init
    main.o(i.start_up) refers to systick.o(i.delay_1ms) for delay_1ms
    main.o(i.start_up) refers to oled.o(i.Clr_Screen) for Clr_Screen
    main.o(i.start_up) refers to key.o(i.SWITCH_Init) for SWITCH_Init
    main.o(i.start_up) refers to uart.o(i.UART_Init) for UART_Init
    main.o(i.start_up) refers to tft.o(i.TFT_SPI_Init) for TFT_SPI_Init
    main.o(i.start_up) refers to tft.o(i.TFT_Init) for TFT_Init
    main.o(i.start_up) refers to tft.o(i.TFTSPI_CLS) for TFTSPI_CLS
    main.o(i.start_up) refers to camera.o(i.Camera_Init) for Camera_Init
    main.o(i.start_up) refers to hci.o(i.value_init) for value_init
    main.o(i.start_up) refers to pwm.o(i.PWM_Config) for PWM_Config
    main.o(i.start_up) refers to encoder.o(i.Encoder_Init) for Encoder_Init
    main.o(i.start_up) refers to motor.o(i.motor_init) for motor_init
    main.o(i.start_up) refers to main.o(.data) for BI_value
    systick.o(i.delay_1ms) refers to systick.o(.data) for delay
    systick.o(i.delay_decrement) refers to systick.o(.data) for delay
    systick.o(i.systick_config) refers to systick.o(i.NVIC_SetPriority) for NVIC_SetPriority
    systick.o(i.systick_config) refers to system_gd32f4xx.o(.data) for SystemCoreClock
    gd32f4xx_it.o(i.DCI_IRQHandler) refers to gd32f4xx_dci.o(i.dci_interrupt_flag_get) for dci_interrupt_flag_get
    gd32f4xx_it.o(i.DCI_IRQHandler) refers to gd32f4xx_dci.o(i.dci_interrupt_flag_clear) for dci_interrupt_flag_clear
    gd32f4xx_it.o(i.DCI_IRQHandler) refers to seekfree_mt9v03x.o(.data) for mt9v03x_finish_flag
    gd32f4xx_it.o(i.DMA1_Channel7_IRQHandler) refers to gd32f4xx_dma.o(i.dma_interrupt_flag_get) for dma_interrupt_flag_get
    gd32f4xx_it.o(i.DMA1_Channel7_IRQHandler) refers to gd32f450_board.o(i.led_toggle) for led_toggle
    gd32f4xx_it.o(i.DMA1_Channel7_IRQHandler) refers to gd32f4xx_dma.o(i.dma_interrupt_flag_clear) for dma_interrupt_flag_clear
    gd32f4xx_it.o(i.DMA1_Channel7_IRQHandler) refers to gd32f4xx_dma.o(i.dma_interrupt_disable) for dma_interrupt_disable
    gd32f4xx_it.o(i.DMA1_Channel7_IRQHandler) refers to gd32f4xx_dma.o(i.dma_channel_disable) for dma_channel_disable
    gd32f4xx_it.o(i.DMA1_Channel7_IRQHandler) refers to seekfree_mt9v03x.o(.data) for mt9v03x_finish_flag
    gd32f4xx_it.o(i.EXTI5_9_IRQHandler) refers to gd32f4xx_exti.o(i.exti_interrupt_flag_get) for exti_interrupt_flag_get
    gd32f4xx_it.o(i.EXTI5_9_IRQHandler) refers to gd32f4xx_exti.o(i.exti_flag_clear) for exti_flag_clear
    gd32f4xx_it.o(i.EXTI5_9_IRQHandler) refers to gd32f450_board.o(i.led_toggle) for led_toggle
    gd32f4xx_it.o(i.EXTI5_9_IRQHandler) refers to gd32f4xx_dma.o(i.dma_transfer_number_config) for dma_transfer_number_config
    gd32f4xx_it.o(i.EXTI5_9_IRQHandler) refers to gd32f4xx_dma.o(i.dma_channel_enable) for dma_channel_enable
    gd32f4xx_it.o(i.SysTick_Handler) refers to systick.o(i.delay_decrement) for delay_decrement
[...]
    i.timer_interrupt_flag_get               0x08007110   Section        0  gd32f4xx_timer.o(i.timer_interrupt_flag_get)
    i.timer_primary_output_config            0x08007128   Section        0  gd32f4xx_timer.o(i.timer_primary_output_config)
    i.timer_quadrature_decoder_mode_config   0x08007140   Section        0  gd32f4xx_timer.o(i.timer_quadrature_decoder_mode_config)
    i.uart_init                              0x08007180   Section        0  wh_uart.o(i.uart_init)
    i.uart_putbuff                           0x080071b4   Section        0  wh_uart.o(i.uart_putbuff)
    i.uart_rx_init                           0x080071de   Section        0  wh_uart.o(i.uart_rx_init)
    i.uart_tx_init                           0x0800720a   Section        0  wh_uart.o(i.uart_tx_init)
    i.usart_baudrate_set                     0x08007238   Section        0  gd32f4xx_usart.o(i.usart_baudrate_set)
    i.usart_data_receive                     0x08007320   Section        0  gd32f4xx_usart.o(i.usart_data_receive)
    i.usart_data_transmit                    0x0800732a   Section        0  gd32f4xx_usart.o(i.usart_data_transmit)
    i.usart_deinit                           0x08007334   Section        0  gd32f4xx_usart.o(i.usart_deinit)
    i.usart_enable                           0x08007410   Section        0  gd32f4xx_usart.o(i.usart_enable)
    i.usart_flag_clear                       0x0800741a   Section        0  gd32f4xx_usart.o(i.usart_flag_clear)
    i.usart_flag_get                         0x08007434   Section        0  gd32f4xx_usart.o(i.usart_flag_get)
    i.usart_interrupt_enable                 0x08007452   Section        0  gd32f4xx_usart.o(i.usart_interrupt_enable)
    i.usart_interrupt_flag_clear             0x0800746c   Section        0  gd32f4xx_usart.o(i.usart_interrupt_flag_clear)
    i.usart_interrupt_flag_get               0x08007486   Section        0  gd32f4xx_usart.o(i.usart_interrupt_flag_get)
    i.usart_receive_config                   0x080074be   Section        0  gd32f4xx_usart.o(i.usart_receive_config)
    i.usart_transmit_config                  0x080074ce   Section        0  gd32f4xx_usart.o(i.usart_transmit_config)
    i.value_init                             0x080074e0   Section        0  hci.o(i.value_init)
    .constdata                               0x08007514   Section        6  hci.o(.constdata)
    .constdata                               0x0800751c   Section       12  motor.o(.constdata)
    .data                                    0x20000000   Section      129  main.o(.data)
    .data                                    0x20000084   Section        4  systick.o(.data)
    delay                                    0x20000084   Data           4  systick.o(.data)
    .data                                    0x20000088   Section       14  gd32f4xx_it.o(.data)
    .data                                    0x20000098   Section        4  system_gd32f4xx.o(.data)
    .data                                    0x2000009c   Section       30  gd32f450_board.o(.data)
    GPIO_PORT                                0x2000009c   Data          12  gd32f450_board.o(.data)
    GPIO_PIN                                 0x200000a8   Data          12  gd32f450_board.o(.data)
    GPIO_CLK                                 0x200000b4   Data           6  gd32f450_board.o(.data)
    .data                                    0x200000bc   Section       92  encoder.o(.data)
    GPIO_PORT_Encoder                        0x200000c8   Data           8  encoder.o(.data)
    GPIO_PIN_A_Encoder                       0x200000d0   Data           8  encoder.o(.data)
    GPIO_PIN_B_Encoder                       0x200000d8   Data           8  encoder.o(.data)
    GPIO_CLK_Encoder                         0x200000e0   Data           4  encoder.o(.data)
    GPIO_PIN_AF_Encoder                      0x200000e4   Data           8  encoder.o(.data)
    TIMER_PERIPH_Encoder                     0x200000ec   Data           8  encoder.o(.data)
    TIMER_CLK_Encoder                        0x200000f4   Data           4  encoder.o(.data)
    CHANNAL_A_Encoder                        0x200000f8   Data           8  encoder.o(.data)
    INT_CHANNAL_Encoder                      0x20000100   Data           8  encoder.o(.data)
    INT_FLAG_Encoder                         0x20000108   Data           8  encoder.o(.data)
    TIMER_NVIC_Encoder                       0x20000110   Data           8  encoder.o(.data)
    .data                                    0x20000118   Section      312  hci.o(.data)
    .data                                    0x20000250   Section      121  key.o(.data)
    GPIO_PORT_KEY                            0x20000250   Data          24  key.o(.data)
    GPIO_PIN_KEY                             0x20000268   Data          24  key.o(.data)
    GPIO_CLK_KEY                             0x20000280   Data          12  key.o(.data)
    GPIO_PORT_SWITCH                         0x2000028c   Data          24  key.o(.data)
    GPIO_PIN_SWITCH                          0x200002a4   Data          24  key.o(.data)
    GPIO_CLK_SWITCH                          0x200002bc   Data          12  key.o(.data)
    key_up                                   0x200002c8   Data           1  key.o(.data)
    .data                                    0x200002cc   Section       40  led.o(.data)
    GPIO_PORT_LED                            0x200002cc   Data          16  led.o(.data)
    GPIO_PIN_LED                             0x200002dc   Data          16  led.o(.data)
    GPIO_CLK_LED                             0x200002ec   Data           8  led.o(.data)
    .data                                    0x200002f4   Section     3056  oled.o(.data)
    .data                                    0x20000ee4   Section        2  pwm.o(.data)
    .data                                    0x20000ee8   Section       82  seekfree_mt9v03x.o(.data)
    .data                                    0x20000f3c   Section       43  uart.o(.data)
    UART_GPIO_PORT                           0x20000f3c   Data           8  uart.o(.data)
    UART_TXD_PIN                             0x20000f44   Data           8  uart.o(.data)
    UART_RXD_PIN                             0x20000f4c   Data           8  uart.o(.data)
    UART_GPIO_CLK                            0x20000f54   Data           4  uart.o(.data)
    UART_CLK                                 0x20000f58   Data           4  uart.o(.data)
    UART_PERIPH                              0x20000f5c   Data           8  uart.o(.data)
    UART_nvic                                0x20000f64   Data           2  uart.o(.data)
    .data                                    0x20000f68   Section       68  motor.o(.data)
    l_real_speed                             0x20000f88   Data           6  motor.o(.data)
    r_real_speed                             0x20000f8e   Data           6  motor.o(.data)
    l_current_error                          0x20000f94   Data           4  motor.o(.data)
    l_last_error                             0x20000f98   Data           4  motor.o(.data)
    l_last_last_error                        0x20000f9c   Data           4  motor.o(.data)
    r_current_error                          0x20000fa0   Data           4  motor.o(.data)
    r_last_error                             0x20000fa4   Data           4  motor.o(.data)
    r_last_last_error                        0x20000fa8   Data           4  motor.o(.data)
    .data                                    0x20000fac   Section        4  stdout.o(.data)
    .bss                                     0x20000fb0   Section      376  main.o(.bss)
    .bss                                     0x20001128   Section      288  hci.o(.bss)
    .bss                                     0x20001248   Section    45120  seekfree_mt9v03x.o(.bss)
    .bss                                     0x2000c288   Section      136  motor.o(.bss)
    STACK                                    0x2000c310   Section     1024  startup_gd32f450.o(STACK)

    Global Symbols

    Symbol Name                              Value     Ov Type        Size  Object(Section)

    BuildAttributes$$THM_ISAv4$E$P$D$K$B$S$7EM$VFPi3$EXTD16$VFPS$VFMA$PE$A:L22UL41UL21$X:L11$S22US41US21$IEEE1$IW$USESV6$~STKCKD$USESV7$~SHL$OSPACE$ROPI$EBA8$MICROLIB$REQ8$PRES8$EABIv2 0x00000000   Number         0  anon$$obj.o ABSOLUTE
    __ARM_use_no_argv                        0x00000000   Number         0  main.o ABSOLUTE
    _printf_a                                0x00000000   Number         0  stubs.o ABSOLUTE
    _printf_c                                0x00000000   Number         0  stubs.o ABSOLUTE
    _printf_charcount                        0x00000000   Number         0  stubs.o ABSOLUTE
    _printf_d                                0x00000000   Number         0  stubs.o ABSOLUTE
    _printf_e                                0x00000000   Number         0  stubs.o ABSOLUTE
    _printf_f                                0x00000000   Number         0  stubs.o ABSOLUTE
    _printf_flags                            0x00000000   Number         0  stubs.o ABSOLUTE
    _printf_fp_dec                           0x00000000   Number         0  stubs.o ABSOLUTE
    _printf_fp_hex                           0x00000000   Number         0  stubs.o ABSOLUTE
    _printf_g                                0x00000000   Number         0  stubs.o ABSOLUTE
    _printf_i                                0x00000000   Number         0  stubs.o ABSOLUTE
    _printf_int_dec                          0x00000000   Number         0  stubs.o ABSOLUTE
    _printf_l                                0x00000000   Number         0  stubs.o ABSOLUTE
    _printf_lc                               0x00000000   Number         0  stubs.o ABSOLUTE
    _printf_ll                               0x00000000   Number         0  stubs.o ABSOLUTE
    _printf_lld                              0x00000000   Number         0  stubs.o ABSOLUTE
    _printf_lli                              0x00000000   Number         0  stubs.o ABSOLUTE
    _printf_llo                              0x00000000   Number         0  stubs.o ABSOLUTE
    _printf_llu                              0x00000000   Number         0  stubs.o ABSOLUTE
    _printf_llx                              0x00000000   Number         0  stubs.o ABSOLUTE
    _printf_longlong_dec                     0x00000000   Number         0  stubs.o ABSOLUTE
    _printf_longlong_hex                     0x00000000   Number         0  stubs.o ABSOLUTE
    _printf_longlong_oct                     0x00000000   Number         0  stubs.o ABSOLUTE
    _printf_ls                               0x00000000   Number         0  stubs.o ABSOLUTE
    _printf_mbtowc                           0x00000000   Number         0  stubs.o ABSOLUTE
    _printf_n                                0x00000000   Number         0  stubs.o ABSOLUTE
    _printf_o                                0x00000000   Number         0  stubs.o ABSOLUTE
    _printf_p                                0x00000000   Number         0  stubs.o ABSOLUTE
    _printf_percent                          0x00000000   Number         0  stubs.o ABSOLUTE
    _printf_pre_padding                      0x00000000   Number         0  stubs.o ABSOLUTE
    _printf_return_value                     0x00000000   Number         0  stubs.o ABSOLUTE
    _printf_s                                0x00000000   Number         0  stubs.o ABSOLUTE
    _printf_sizespec                         0x00000000   Number         0  stubs.o ABSOLUTE
    _printf_str                              0x00000000   Number         0  stubs.o ABSOLUTE
    _printf_truncate_signed                  0x00000000   Number         0  stubs.o ABSOLUTE
    _printf_truncate_unsigned                0x00000000   Number         0  stubs.o ABSOLUTE
    _printf_u                                0x00000000   Number         0  stubs.o ABSOLUTE
    _printf_wc                               0x00000000   Number         0  stubs.o ABSOLUTE
    _printf_wctomb                           0x00000000   Number         0  stubs.o ABSOLUTE
    _printf_widthprec                        0x00000000   Number         0  stubs.o ABSOLUTE
    _printf_x                                0x00000000   Number         0  stubs.o ABSOLUTE
    __arm_fini_                               - Undefined Weak Reference
    __cpp_initialize__aeabi_                  - Undefined Weak Reference
    __cxa_finalize                            - Undefined Weak Reference
    _clock_init                               - Undefined Weak Reference
    _microlib_exit                            - Undefined Weak Reference
    __Vectors_Size                           0x000001ac   Number         0  startup_gd32f450.o ABSOLUTE
    __Vectors                                0x08000000   Data           4  startup_gd32f450.o(RESET)
    __Vectors_End                            0x080001ac   Data           0  startup_gd32f450.o(RESET)
    __main                                   0x080001ad   Thumb Code     0  entry.o(.ARM.Collect$$$$00000000)
    _main_stk                                0x080001ad   Thumb Code     0  entry2.o(.ARM.Collect$$$$00000001)
    _main_scatterload                        0x080001b1   Thumb Code     0  entry5.o(.ARM.Collect$$$$00000004)
    __main_after_scatterload                 0x080001b5   Thumb Code     0  entry5.o(.ARM.Collect$$$$00000004)
    _main_clock                              0x080001b5   Thumb Code     0  entry7b.o(.ARM.Collect$$$$00000008)
    _main_cpp_init                           0x080001b5   Thumb Code     0  entry8b.o(.ARM.Collect$$$$0000000A)
    _main_init                               0x080001b5   Thumb Code     0  entry9a.o(.ARM.Collect$$$$0000000B)
    __rt_lib_shutdown_fini                   0x080001bd   Thumb Code     0  entry12b.o(.ARM.Collect$$$$0000000E)
    __rt_final_cpp                           0x080001c1   Thumb Code     0  entry10a.o(.ARM.Collect$$$$0000000F)
    __rt_final_exit                          0x080001c1   Thumb Code     0  entry11a.o(.ARM.Collect$$$$00000011)
    Reset_Handler                            0x080001c5   Thumb Code     8  startup_gd32f450.o(.text)
    ADC_IRQHandler                           0x080001df   Thumb Code     0  startup_gd32f450.o(.text)
    CAN0_EWMC_IRQHandler                     0x080001df   Thumb Code     0  startup_gd32f450.o(.text)
    CAN0_RX0_IRQHandler                      0x080001df   Thumb Code     0  startup_gd32f450.o(.text)
    CAN0_RX1_IRQHandler                      0x080001df   Thumb Code     0  startup_gd32f450.o(.text)
    CAN0_TX_IRQHandler                       0x080001df   Thumb Code     0  startup_gd32f450.o(.text)
    CAN1_EWMC_IRQHandler                     0x080001df   Thumb Code     0  startup_gd32f450.o(.text)
    CAN1_RX0_IRQHandler                      0x080001df   Thumb Code     0  startup_gd32f450.o(.text)
    CAN1_RX1_IRQHandler                      0x080001df   Thumb Code     0  startup_gd32f450.o(.text)
    CAN1_TX_IRQHandler                       0x080001df   Thumb Code     0  startup_gd32f450.o(.text)
    DMA0_Channel0_IRQHandler                 0x080001df   Thumb Code     0  startup_gd32f450.o(.text)
    DMA0_Channel1_IRQHandler                 0x080001df   Thumb Code     0  startup_gd32f450.o(.text)
    DMA0_Channel2_IRQHandler                 0x080001df   Thumb Code     0  startup_gd32f450.o(.text)
    DMA0_Channel3_IRQHandler                 0x080001df   Thumb Code     0  startup_gd32f450.o(.text)
    DMA0_Channel4_IRQHandler                 0x080001df   Thumb Code     0  startup_gd32f450.o(.text)
    DMA0_Channel5_IRQHandler                 0x080001df   Thumb Code     0  startup_gd32f450.o(.text)
    DMA0_Channel6_IRQHandler                 0x080001df   Thumb Code     0  startup_gd32f450.o(.text)
    DMA0_Channel7_IRQHandler                 0x080001df   Thumb Code     0  startup_gd32f450.o(.text)
    DMA1_Channel0_IRQHandler                 0x080001df   Thumb Code     0  startup_gd32f450.o(.text)
    DMA1_Channel1_IRQHandler                 0x080001df   Thumb Code     0  startup_gd32f450.o(.text)
    DMA1_Channel2_IRQHandler                 0x080001df   Thumb Code     0  startup_gd32f450.o(.text)
    DMA1_Channel3_IRQHandler                 0x080001df   Thumb Code     0  startup_gd32f450.o(.text)
    DMA1_Channel4_IRQHandler                 0x080001df   Thumb Code     0  startup_gd32f450.o(.text)
    DMA1_Channel5_IRQHandler                 0x080001df   Thumb Code     0  startup_gd32f450.o(.text)
    DMA1_Channel6_IRQHandler                 0x080001df   Thumb Code     0  startup_gd32f450.o(.text)
    ENET_IRQHandler                          0x080001df   Thumb Code     0  startup_gd32f450.o(.text)
    ENET_WKUP_IRQHandler                     0x080001df   Thumb Code     0  startup_gd32f450.o(.text)
    EXMC_IRQHandler                          0x080001df   Thumb Code     0  startup_gd32f450.o(.text)
    EXTI0_IRQHandler                         0x080001df   Thumb Code     0  startup_gd32f450.o(.text)
    EXTI10_15_IRQHandler                     0x080001df   Thumb Code     0  startup_gd32f450.o(.text)
    EXTI1_IRQHandler                         0x080001df   Thumb Code     0  startup_gd32f450.o(.text)
    EXTI2_IRQHandler                         0x080001df   Thumb Code     0  startup_gd32f450.o(.text)
    EXTI3_IRQHandler                         0x080001df   Thumb Code     0  startup_gd32f450.o(.text)
    EXTI4_IRQHandler                         0x080001df   Thumb Code     0  startup_gd32f450.o(.text)
    FMC_IRQHandler                           0x080001df   Thumb Code     0  startup_gd32f450.o(.text)
    FPU_IRQHandler                           0x080001df   Thumb Code     0  startup_gd32f450.o(.text)
    I2C0_ER_IRQHandler                       0x080001df   Thumb Code     0  startup_gd32f450.o(.text)
    I2C0_EV_IRQHandler                       0x080001df   Thumb Code     0  startup_gd32f450.o(.text)
    I2C1_ER_IRQHandler                       0x080001df   Thumb Code     0  startup_gd32f450.o(.text)
    I2C1_EV_IRQHandler                       0x080001df   Thumb Code     0  startup_gd32f450.o(.text)
    I2C2_ER_IRQHandler                       0x080001df   Thumb Code     0  startup_gd32f450.o(.text)
    I2C2_EV_IRQHandler                       0x080001df   Thumb Code     0  startup_gd32f450.o(.text)
    IPA_IRQHandler                           0x080001df   Thumb Code     0  startup_gd32f450.o(.text)
    LVD_IRQHandler                           0x080001df   Thumb Code     0  startup_gd32f450.o(.text)
    RCU_CTC_IRQHandler                       0x080001df   Thumb Code     0  startup_gd32f450.o(.text)
    RTC_Alarm_IRQHandler                     0x080001df   Thumb Code     0  startup_gd32f450.o(.text)
    RTC_WKUP_IRQHandler                      0x080001df   Thumb Code     0  startup_gd32f450.o(.text)
    SDIO_IRQHandler                          0x080001df   Thumb Code     0  startup_gd32f450.o(.text)
    SPI0_IRQHandler                          0x080001df   Thumb Code     0  startup_gd32f450.o(.text)
    SPI1_IRQHandler                          0x080001df   Thumb Code     0  startup_gd32f450.o(.text)
    SPI2_IRQHandler                          0x080001df   Thumb Code     0  startup_gd32f450.o(.text)
    SPI3_IRQHandler                          0x080001df   Thumb Code     0  startup_gd32f450.o(.text)
    SPI4_IRQHandler                          0x080001df   Thumb Code     0  startup_gd32f450.o(.text)
    SPI5_IRQHandler                          0x080001df   Thumb Code     0  startup_gd32f450.o(.text)
    TAMPER_STAMP_IRQHandler                  0x080001df   Thumb Code     0  startup_gd32f450.o(.text)
    TIMER0_BRK_TIMER8_IRQHandler             0x080001df   Thumb Code     0  startup_gd32f450.o(.text)
    TIMER0_Channel_IRQHandler                0x080001df   Thumb Code     0  startup_gd32f450.o(.text)
    TIMER5_DAC_IRQHandler                    0x080001df   Thumb Code     0  startup_gd32f450.o(.text)
    TIMER7_BRK_TIMER11_IRQHandler            0x080001df   Thumb Code     0  startup_gd32f450.o(.text)
    TIMER7_Channel_IRQHandler                0x080001df   Thumb Code     0  startup_gd32f450.o(.text)
    TIMER7_TRG_CMT_TIMER13_IRQHandler        0x080001df   Thumb Code     0  startup_gd32f450.o(.text)
    TIMER7_UP_TIMER12_IRQHandler             0x080001df   Thumb Code     0  startup_gd32f450.o(.text)
    TLI_ER_IRQHandler                        0x080001df   Thumb Code     0  startup_gd32f450.o(.text)
    TLI_IRQHandler                           0x080001df   Thumb Code     0  startup_gd32f450.o(.text)
    TRNG_IRQHandler                          0x080001df   Thumb Code     0  startup_gd32f450.o(.text)
    UART3_IRQHandler                         0x080001df   Thumb Code     0  startup_gd32f450.o(.text)
    UART4_IRQHandler                         0x080001df   Thumb Code     0  startup_gd32f450.o(.text)
    UART6_IRQHandler                         0x080001df   Thumb Code     0  startup_gd32f450.o(.text)
    UART7_IRQHandler                         0x080001df   Thumb Code     0  startup_gd32f450.o(.text)
    USART1_IRQHandler                        0x080001df   Thumb Code     0  startup_gd32f450.o(.text)
    USART2_IRQHandler                        0x080001df   Thumb Code     0  startup_gd32f450.o(.text)
    USART5_IRQHandler                        0x080001df   Thumb Code     0  startup_gd32f450.o(.text)
    USBFS_IRQHandler                         0x080001df   Thumb Code     0  startup_gd32f450.o(.text)
    USBFS_WKUP_IRQHandler                    0x080001df   Thumb Code     0  startup_gd32f450.o(.text)
    USBHS_EP1_In_IRQHandler                  0x080001df   Thumb Code     0  startup_gd32f450.o(.text)
    USBHS_EP1_Out_IRQHandler                 0x080001df   Thumb Code     0  startup_gd32f450.o(.text)
    USBHS_IRQHandler                         0x080001df   Thumb Code     0  startup_gd32f450.o(.text)
    USBHS_WKUP_IRQHandler                    0x080001df   Thumb Code     0  startup_gd32f450.o(.text)
    WWDGT_IRQHandler                         0x080001df   Thumb Code     0  startup_gd32f450.o(.text)
    __aeabi_memset                           0x080001e9   Thumb Code    14  memseta.o(.text)
    __aeabi_memset4                          0x080001e9   Thumb Code     0  memseta.o(.text)
    __aeabi_memset8                          0x080001e9   Thumb Code     0  memseta.o(.text)
    __aeabi_memclr                           0x080001f7   Thumb Code     4  memseta.o(.text)
    __aeabi_memclr4                          0x080001f7   Thumb Code     0  memseta.o(.text)
    __aeabi_memclr8                          0x080001f7   Thumb Code     0  memseta.o(.text)
    _memset$wrapper                          0x080001fb   Thumb Code    18  memseta.o(.text)
    __aeabi_dadd                             0x0800020d   Thumb Code   322  dadd.o(.text)
    __aeabi_dsub                             0x0800034f   Thumb Code     6  dadd.o(.text)
    __aeabi_drsub                            0x08000355   Thumb Code     6  dadd.o(.text)
    __aeabi_dmul                             0x0800035b   Thumb Code   228  dmul.o(.text)
    __aeabi_ddiv                             0x0800043f   Thumb Code   222  ddiv.o(.text)
    __aeabi_i2d                              0x0800051d   Thumb Code    34  dflti.o(.text)
    __aeabi_ui2d                             0x0800053f   Thumb Code    26  dfltui.o(.text)
    __aeabi_cdcmpeq                          0x08000559   Thumb Code     0  cdcmple.o(.text)
    __aeabi_cdcmple                          0x08000559   Thumb Code    48  cdcmple.o(.text)
    __aeabi_cdrcmple                         0x08000589   Thumb Code    48  cdrcmple.o(.text)
    __aeabi_uidiv                            0x080005b9   Thumb Code     0  uidiv.o(.text)
    __aeabi_uidivmod                         0x080005b9   Thumb Code    44  uidiv.o(.text)
    __aeabi_llsl                             0x080005e5   Thumb Code    30  llshl.o(.text)
    _ll_shift_l                              0x080005e5   Thumb Code     0  llshl.o(.text)
    __aeabi_lasr                             0x08000603   Thumb Code    36  llsshr.o(.text)
    _ll_sshift_r                             0x08000603   Thumb Code     0  llsshr.o(.text)
    __I$use$fp                               0x08000627   Thumb Code     0  iusefp.o(.text)
    _double_round                            0x08000627   Thumb Code    30  depilogue.o(.text)
    _double_epilogue                         0x08000645   Thumb Code   156  depilogue.o(.text)
    __scatterload                            0x080006e1   Thumb Code    28  init.o(.text)
    __scatterload_rt2                        0x080006e1   Thumb Code     0  init.o(.text)
    __aeabi_llsr                             0x08000705   Thumb Code    32  llushr.o(.text)
    _ll_ushift_r                             0x08000705   Thumb Code     0  llushr.o(.text)
    __decompress                             0x08000725   Thumb Code     0  __dczerorl2.o(.text)
    __decompress1                            0x08000725   Thumb Code    86  __dczerorl2.o(.text)
    BusFault_Handler                         0x0800077b   Thumb Code     4  gd32f4xx_it.o(i.BusFault_Handler)
    Camera_Init                              0x0800077f   Thumb Code     8  camera.o(i.Camera_Init)
    Camera_oled_display                      0x08000789   Thumb Code    30  camera.o(i.Camera_oled_display)
    Camera_tft_display                       0x080007b1   Thumb Code   104  camera.o(i.Camera_tft_display)
    Camera_uart_display                      0x0800081d   Thumb Code    38  camera.o(i.Camera_uart_display)
    Clr_Screen                               0x08000849   Thumb Code   126  oled.o(i.Clr_Screen)
    DCI_IRQHandler                           0x080008c9   Thumb Code    24  gd32f4xx_it.o(i.DCI_IRQHandler)
    DMA1_Channel7_IRQHandler                 0x080008e5   Thumb Code   128  gd32f4xx_it.o(i.DMA1_Channel7_IRQHandler)
    Data_Nsplit                              0x0800096d   Thumb Code   124  hci.o(i.Data_Nsplit)
    Data_Split                               0x080009e9   Thumb Code   246  hci.o(i.Data_Split)
    DebugMon_Handler                         0x08000aed   Thumb Code     2  gd32f4xx_it.o(i.DebugMon_Handler)
    EXTI5_9_IRQHandler                       0x08000af1   Thumb Code   114  gd32f4xx_it.o(i.EXTI5_9_IRQHandler)
    Encoder_Init                             0x08000b69   Thumb Code  1088  encoder.o(i.Encoder_Init)
    Encoder_Read                             0x08000fa9   Thumb Code    26  encoder.o(i.Encoder_Read)
    HCI_handle                               0x08000fcd   Thumb Code   960  hci.o(i.HCI_handle)
    HardFault_Handler                        0x08001451   Thumb Code     4  gd32f4xx_it.o(i.HardFault_Handler)
    KEY_Get_Input                            0x08001455   Thumb Code    22  key.o(i.KEY_Get_Input)
    KEY_Init                                 0x08001475   Thumb Code    64  key.o(i.KEY_Init)
    KEY_Read                                 0x080014c5   Thumb Code   220  key.o(i.KEY_Read)
    LED_Init                                 0x080015a5   Thumb Code   106  led.o(i.LED_Init)
    MemManage_Handler                        0x08001621   Thumb Code     4  gd32f4xx_it.o(i.MemManage_Handler)
    NMI_Handler                              0x08001625   Thumb Code     2  gd32f4xx_it.o(i.NMI_Handler)
    OLED_Init                                0x08001651   Thumb Code   204  oled.o(i.OLED_Init)
    OLED_OpeningAnimation                    0x0800171d   Thumb Code   434  oled.o(i.OLED_OpeningAnimation)
    OLED_Set_Pos                             0x080018cf   Thumb Code    40  oled.o(i.OLED_Set_Pos)
    OLED_ShowChar                            0x080018f9   Thumb Code   118  oled.o(i.OLED_ShowChar)
    OLED_ShowChar_1                          0x08001975   Thumb Code   126  oled.o(i.OLED_ShowChar_1)
    OLED_ShowNum                             0x080019f9   Thumb Code   136  oled.o(i.OLED_ShowNum)
    OLED_ShowSchool                          0x08001a81   Thumb Code    98  oled.o(i.OLED_ShowSchool)
    OLED_ShowSchool_1                        0x08001ae9   Thumb Code    88  oled.o(i.OLED_ShowSchool_1)
    OLED_ShowString                          0x08001b45   Thumb Code    58  oled.o(i.OLED_ShowString)
    OLED_WR_Byte                             0x08001b7f   Thumb Code    18  oled.o(i.OLED_WR_Byte)
    OLED_camera                              0x08001b91   Thumb Code   304  oled.o(i.OLED_camera)
    OSTU                                     0x08001cc5   Thumb Code   552  camera.o(i.OSTU)
    PWM_Config                               0x08001ef9   Thumb Code   432  pwm.o(i.PWM_Config)
    PWM_Duty_Updata                          0x080020b9   Thumb Code    60  pwm.o(i.PWM_Duty_Updata)
    PendSV_Handler                           0x080020fd   Thumb Code     2  gd32f4xx_it.o(i.PendSV_Handler)
    SVC_Handler                              0x080020ff   Thumb Code     2  gd32f4xx_it.o(i.SVC_Handler)
    SWITCH_Get_Input                         0x08002101   Thumb Code    22  key.o(i.SWITCH_Get_Input)
    SWITCH_Init                              0x08002121   Thumb Code    62  key.o(i.SWITCH_Init)
    Steer_Updata                             0x08002171   Thumb Code    16  pwm.o(i.Steer_Updata)
    SysTick_Handler                          0x08002185   Thumb Code     8  gd32f4xx_it.o(i.SysTick_Handler)
    SystemInit                               0x0800218d   Thumb Code   168  system_gd32f4xx.o(i.SystemInit)
    TFTSPI_Addr_Rst                          0x08002245   Thumb Code    70  tft.o(i.TFTSPI_Addr_Rst)
    TFTSPI_CLS                               0x0800228b   Thumb Code    36  tft.o(i.TFTSPI_CLS)
    TFTSPI_Set_Pos                           0x080022af   Thumb Code    82  tft.o(i.TFTSPI_Set_Pos)
    TFTSPI_Write_Byte                        0x08002301   Thumb Code    84  tft.o(i.TFTSPI_Write_Byte)
    TFTSPI_Write_Cmd                         0x08002359   Thumb Code    86  tft.o(i.TFTSPI_Write_Cmd)
    TFTSPI_Write_Word                        0x080023b5   Thumb Code    88  tft.o(i.TFTSPI_Write_Word)
    TFT_Init                                 0x08002411   Thumb Code   476  tft.o(i.TFT_Init)
    TFT_SPI_Init                             0x080025f1   Thumb Code   290  tft.o(i.TFT_SPI_Init)
    TIMER0_TRG_CMT_TIMER10_IRQHandler        0x08002721   Thumb Code    22  gd32f4xx_it.o(i.TIMER0_TRG_CMT_TIMER10_IRQHandler)
    TIMER0_UP_TIMER9_IRQHandler              0x0800273d   Thumb Code    50  gd32f4xx_it.o(i.TIMER0_UP_TIMER9_IRQHandler)
    TIMER1_IRQHandler                        0x0800277d   Thumb Code   160  gd32f4xx_it.o(i.TIMER1_IRQHandler)
    TIMER2_IRQHandler                        0x08002841   Thumb Code   106  encoder.o(i.TIMER2_IRQHandler)
    TIMER3_IRQHandler                        0x080028c5   Thumb Code    78  encoder.o(i.TIMER3_IRQHandler)
    TIMER4_IRQHandler                        0x08002929   Thumb Code   108  encoder.o(i.TIMER4_IRQHandler)
    TIMER6_IRQHandler                        0x080029ad   Thumb Code    32  gd32f4xx_it.o(i.TIMER6_IRQHandler)
    UART_Init                                0x080029d5   Thumb Code    86  uart.o(i.UART_Init)
    UART_Putbuff                             0x08002a4d   Thumb Code    56  uart.o(i.UART_Putbuff)
    UART_Putchar                             0x08002a8d   Thumb Code    44  uart.o(i.UART_Putchar)
    USART0_IRQHandler                        0x08002ac1   Thumb Code   104  gd32f4xx_it.o(i.USART0_IRQHandler)
    UsageFault_Handler                       0x08002b3d   Thumb Code     4  gd32f4xx_it.o(i.UsageFault_Handler)
    __0printf$1                              0x08002b41   Thumb Code    22  printf1.o(i.__0printf$1)
    __1printf$1                              0x08002b41   Thumb Code     0  printf1.o(i.__0printf$1)
    __2printf                                0x08002b41   Thumb Code     0  printf1.o(i.__0printf$1)
    __scatterload_copy                       0x08002b61   Thumb Code    14  handlers.o(i.__scatterload_copy)
    __scatterload_null                       0x08002b6f   Thumb Code     2  handlers.o(i.__scatterload_null)
    __scatterload_zeroinit                   0x08002b71   Thumb Code    14  handlers.o(i.__scatterload_zeroinit)
    clr_Screen                               0x08002cd5   Thumb Code    78  oled.o(i.clr_Screen)
    data_flash_read                          0x08002d25   Thumb Code   520  hci.o(i.data_flash_read)
    data_flash_write                         0x08002fc1   Thumb Code   556  hci.o(i.data_flash_write)
    data_split                               0x08003281   Thumb Code   510  hci.o(i.data_split)
    dci_capture_enable                       0x080034d1   Thumb Code    14  gd32f4xx_dci.o(i.dci_capture_enable)
    dci_deinit                               0x080034e5   Thumb Code    20  gd32f4xx_dci.o(i.dci_deinit)
    dci_enable                               0x080034f9   Thumb Code    14  gd32f4xx_dci.o(i.dci_enable)
    dci_init                                 0x0800350d   Thumb Code    46  gd32f4xx_dci.o(i.dci_init)
    dci_interrupt_enable                     0x08003541   Thumb Code    12  gd32f4xx_dci.o(i.dci_interrupt_enable)
    dci_interrupt_flag_clear                 0x08003551   Thumb Code    12  gd32f4xx_dci.o(i.dci_interrupt_flag_clear)
    dci_interrupt_flag_get                   0x08003561   Thumb Code    18  gd32f4xx_dci.o(i.dci_interrupt_flag_get)
    dcmi_dma_init                            0x08003579   Thumb Code    94  zf_camera.o(i.dcmi_dma_init)
    dcmi_init                                0x080035e1   Thumb Code   202  zf_camera.o(i.dcmi_init)
    delay_1ms                                0x080036b9   Thumb Code    16  systick.o(i.delay_1ms)
    delay_decrement                          0x080036cd   Thumb Code    18  systick.o(i.delay_decrement)
    display_screen                           0x080036e5   Thumb Code  1318  hci.o(i.display_screen)
    dma_channel_disable                      0x08003c11   Thumb Code    32  gd32f4xx_dma.o(i.dma_channel_disable)
    dma_channel_enable                       0x08003c31   Thumb Code    32  gd32f4xx_dma.o(i.dma_channel_enable)
    dma_channel_subperipheral_select         0x08003c51   Thumb Code    38  gd32f4xx_dma.o(i.dma_channel_subperipheral_select)
    dma_deinit                               0x08003c77   Thumb Code   164  gd32f4xx_dma.o(i.dma_deinit)
    dma_interrupt_disable                    0x08003d1b   Thumb Code    62  gd32f4xx_dma.o(i.dma_interrupt_disable)
    dma_interrupt_flag_clear                 0x08003d59   Thumb Code    62  gd32f4xx_dma.o(i.dma_interrupt_flag_clear)
    dma_interrupt_flag_get                   0x08003d97   Thumb Code   516  gd32f4xx_dma.o(i.dma_interrupt_flag_get)
    dma_single_data_mode_init                0x08003f9d   Thumb Code   340  gd32f4xx_dma.o(i.dma_single_data_mode_init)
    dma_transfer_number_config               0x080040f5   Thumb Code    16  gd32f4xx_dma.o(i.dma_transfer_number_config)
    exti_flag_clear                          0x08004105   Thumb Code     6  gd32f4xx_exti.o(i.exti_flag_clear)
    exti_interrupt_flag_get                  0x08004111   Thumb Code    32  gd32f4xx_exti.o(i.exti_interrupt_flag_get)
    find_road                                0x08004135   Thumb Code   450  main.o(i.find_road)
    find_road_control                        0x08004305   Thumb Code    42  main.o(i.find_road_control)
    flash_ReadSector_uint8_t                 0x08004335   Thumb Code    64  wh_flash.o(i.flash_ReadSector_uint8_t)
    flash_WriteSector_uint8_t                0x08004375   Thumb Code   110  wh_flash.o(i.flash_WriteSector_uint8_t)
    flash_buffer_translate                   0x080043e3   Thumb Code    36  wh_flash.o(i.flash_buffer_translate)
    flash_getSectorNumber                    0x08004407   Thumb Code    50  wh_flash.o(i.flash_getSectorNumber)
    flash_getSectorStartAddress              0x08004439   Thumb Code   104  wh_flash.o(i.flash_getSectorStartAddress)
    fmc_byte_program                         0x080044b1   Thumb Code    74  gd32f4xx_fmc.o(i.fmc_byte_program)
    fmc_flag_clear                           0x08004501   Thumb Code     6  gd32f4xx_fmc.o(i.fmc_flag_clear)
    fmc_lock                                 0x0800450d   Thumb Code    14  gd32f4xx_fmc.o(i.fmc_lock)
    fmc_ready_wait                           0x08004521   Thumb Code    34  gd32f4xx_fmc.o(i.fmc_ready_wait)
    fmc_sector_erase                         0x08004545   Thumb Code    88  gd32f4xx_fmc.o(i.fmc_sector_erase)
    fmc_state_get                            0x080045a1   Thumb Code    80  gd32f4xx_fmc.o(i.fmc_state_get)
    fmc_unlock                               0x080045f5   Thumb Code    24  gd32f4xx_fmc.o(i.fmc_unlock)
    fputc                                    0x08004619   Thumb Code    48  uart.o(i.fputc)
    get_config                               0x08004651   Thumb Code   122  seekfree_mt9v03x.o(i.get_config)
    gpio_af_set                              0x080046f1   Thumb Code    94  gd32f4xx_gpio.o(i.gpio_af_set)
    gpio_get_input                           0x0800474f   Thumb Code    16  wh_gpio.o(i.gpio_get_input)
    gpio_input_bit_get                       0x0800475f   Thumb Code    16  gd32f4xx_gpio.o(i.gpio_input_bit_get)
    gpio_input_init                          0x0800476f   Thumb Code    28  wh_gpio.o(i.gpio_input_init)
    gpio_mode_set                            0x0800478b   Thumb Code    78  gd32f4xx_gpio.o(i.gpio_mode_set)
    gpio_output_init                         0x080047d9   Thumb Code    44  wh_gpio.o(i.gpio_output_init)
    gpio_output_options_set                  0x08004805   Thumb Code    66  gd32f4xx_gpio.o(i.gpio_output_options_set)
    gpio_set_output                          0x08004847   Thumb Code    10  wh_gpio.o(i.gpio_set_output)
    i2c_ack_config                           0x08004851   Thumb Code    24  gd32f4xx_i2c.o(i.i2c_ack_config)
    i2c_clock_config                         0x08004869   Thumb Code   204  gd32f4xx_i2c.o(i.i2c_clock_config)
    i2c_config                               0x08004941   Thumb Code   116  wh_i2c.o(i.i2c_config)
    i2c_data_transmit                        0x080049bd   Thumb Code     6  gd32f4xx_i2c.o(i.i2c_data_transmit)
    i2c_enable                               0x080049c3   Thumb Code    10  gd32f4xx_i2c.o(i.i2c_enable)
    i2c_flag_clear                           0x080049cd   Thumb Code    40  gd32f4xx_i2c.o(i.i2c_flag_clear)
    i2c_flag_get                             0x080049f5   Thumb Code    30  gd32f4xx_i2c.o(i.i2c_flag_get)
    i2c_master_addressing                    0x08004a13   Thumb Code    20  gd32f4xx_i2c.o(i.i2c_master_addressing)
    i2c_mode_addr_config                     0x08004a27   Thumb Code    28  gd32f4xx_i2c.o(i.i2c_mode_addr_config)
    i2c_send_reg_byte                        0x08004a45   Thumb Code   170  wh_i2c.o(i.i2c_send_reg_byte)
    i2c_start_on_bus                         0x08004af5   Thumb Code    10  gd32f4xx_i2c.o(i.i2c_start_on_bus)
    i2c_stop_on_bus                          0x08004aff   Thumb Code    10  gd32f4xx_i2c.o(i.i2c_stop_on_bus)
    led_toggle                               0x08004b09   Thumb Code    16  gd32f450_board.o(i.led_toggle)
    main                                     0x08004b21   Thumb Code   356  main.o(i.main)
    motor_control                            0x08004cb9   Thumb Code   236  motor.o(i.motor_control)
    motor_error                              0x08004db5   Thumb Code   578  motor.o(i.motor_error)
    motor_init                               0x08005031   Thumb Code    28  motor.o(i.motor_init)
    mt9v03x_init                             0x08005059   Thumb Code   140  seekfree_mt9v03x.o(i.mt9v03x_init)
    nvic_irq_enable                          0x08005109   Thumb Code   186  gd32f4xx_misc.o(i.nvic_irq_enable)
    nvic_priority_group_set                  0x080051cd   Thumb Code    10  gd32f4xx_misc.o(i.nvic_priority_group_set)
    oled_pow                                 0x080051e1   Thumb Code    22  oled.o(i.oled_pow)
    position_display                         0x080051f9   Thumb Code   380  hci.o(i.position_display)
    print_char8x16                           0x0800537d   Thumb Code    46  oled.o(i.print_char8x16)
    print_str8x16                            0x080053ab   Thumb Code   106  oled.o(i.print_str8x16)
    pwm_init                                 0x08005415   Thumb Code   166  wh_pwm.o(i.pwm_init)
    rcu_clock_freq_get                       0x080054bd   Thumb Code   264  gd32f4xx_rcu.o(i.rcu_clock_freq_get)
    rcu_periph_clock_enable                  0x080055e1   Thumb Code    32  gd32f4xx_rcu.o(i.rcu_periph_clock_enable)
    rcu_periph_reset_disable                 0x08005605   Thumb Code    32  gd32f4xx_rcu.o(i.rcu_periph_reset_disable)
    rcu_periph_reset_enable                  0x08005629   Thumb Code    32  gd32f4xx_rcu.o(i.rcu_periph_reset_enable)
    rcu_timer_clock_prescaler_config         0x0800564d   Thumb Code    32  gd32f4xx_rcu.o(i.rcu_timer_clock_prescaler_config)
    renew_data                               0x08005671   Thumb Code  1084  hci.o(i.renew_data)
    road_error                               0x08005aad   Thumb Code    50  main.o(i.road_error)
    select_display                           0x08005ae9   Thumb Code   832  hci.o(i.select_display)
    set1_down_process                        0x08005eb9   Thumb Code    34  hci.o(i.set1_down_process)
    set1_ld_process                          0x08005ee5   Thumb Code   222  hci.o(i.set1_ld_process)
    set1_left_process                        0x08005ff5   Thumb Code    32  hci.o(i.set1_left_process)
    set1_rd_process                          0x0800601d   Thumb Code   422  hci.o(i.set1_rd_process)
    set1_right_process                       0x08006269   Thumb Code    34  hci.o(i.set1_right_process)
    set1_up_process                          0x08006295   Thumb Code    32  hci.o(i.set1_up_process)
    set2_down_process                        0x080062bd   Thumb Code   104  hci.o(i.set2_down_process)
    set2_ld_process                          0x0800633d   Thumb Code   108  hci.o(i.set2_ld_process)
    set2_left_process                        0x080063cd   Thumb Code    70  hci.o(i.set2_left_process)
    set2_rd_process                          0x08006425   Thumb Code   158  hci.o(i.set2_rd_process)
    set2_right_process                       0x080064f9   Thumb Code    68  hci.o(i.set2_right_process)
    set2_up_process                          0x0800654d   Thumb Code   108  hci.o(i.set2_up_process)
    set_config                               0x080065d1   Thumb Code   110  seekfree_mt9v03x.o(i.set_config)
    show_data                                0x08006649   Thumb Code   216  hci.o(i.show_data)
    spi_config                               0x08006731   Thumb Code    68  wh_spi.o(i.spi_config)
    spi_enable                               0x08006775   Thumb Code    10  gd32f4xx_spi.o(i.spi_enable)
    spi_i2s_deinit                           0x08006781   Thumb Code   162  gd32f4xx_spi.o(i.spi_i2s_deinit)
    spi_init                                 0x0800682d   Thumb Code    50  gd32f4xx_spi.o(i.spi_init)
    start_up                                 0x08006861   Thumb Code   114  main.o(i.start_up)
    systick_config                           0x080069e1   Thumb Code    74  systick.o(i.systick_config)
    timer_auto_reload_shadow_enable          0x08006a31   Thumb Code    10  gd32f4xx_timer.o(i.timer_auto_reload_shadow_enable)
    timer_channel_capture_value_register_read 0x08006a3b   Thumb Code    42  gd32f4xx_timer.o(i.timer_channel_capture_value_register_read)
    timer_channel_input_capture_prescaler_config 0x08006a65   Thumb Code    90  gd32f4xx_timer.o(i.timer_channel_input_capture_prescaler_config)
    timer_channel_output_config              0x08006ac1   Thumb Code   484  gd32f4xx_timer.o(i.timer_channel_output_config)
    timer_channel_output_mode_config         0x08006cad   Thumb Code    90  gd32f4xx_timer.o(i.timer_channel_output_mode_config)
    timer_channel_output_pulse_value_config  0x08006d07   Thumb Code    38  gd32f4xx_timer.o(i.timer_channel_output_pulse_value_config)
    timer_channel_output_shadow_config       0x08006d2d   Thumb Code    90  gd32f4xx_timer.o(i.timer_channel_output_shadow_config)
    timer_counter_read                       0x08006d87   Thumb Code     8  gd32f4xx_timer.o(i.timer_counter_read)
    timer_counter_value_config               0x08006d8f   Thumb Code     4  gd32f4xx_timer.o(i.timer_counter_value_config)
    timer_deinit                             0x08006d95   Thumb Code   374  gd32f4xx_timer.o(i.timer_deinit)
    timer_enable                             0x08006f19   Thumb Code    10  gd32f4xx_timer.o(i.timer_enable)
    timer_init                               0x08006f25   Thumb Code   122  gd32f4xx_timer.o(i.timer_init)
    timer_input_capture_config               0x08006fbd   Thumb Code   326  gd32f4xx_timer.o(i.timer_input_capture_config)
    timer_interrupt_enable                   0x08007103   Thumb Code     8  gd32f4xx_timer.o(i.timer_interrupt_enable)
    timer_interrupt_flag_clear               0x0800710b   Thumb Code     6  gd32f4xx_timer.o(i.timer_interrupt_flag_clear)
    timer_interrupt_flag_get                 0x08007111   Thumb Code    24  gd32f4xx_timer.o(i.timer_interrupt_flag_get)
    timer_primary_output_config              0x08007129   Thumb Code    24  gd32f4xx_timer.o(i.timer_primary_output_config)
    timer_quadrature_decoder_mode_config     0x08007141   Thumb Code    64  gd32f4xx_timer.o(i.timer_quadrature_decoder_mode_config)
    uart_init                                0x08007181   Thumb Code    52  wh_uart.o(i.uart_init)
    uart_putbuff                             0x080071b5   Thumb Code    42  wh_uart.o(i.uart_putbuff)
    uart_rx_init                             0x080071df   Thumb Code    44  wh_uart.o(i.uart_rx_init)
    uart_tx_init                             0x0800720b   Thumb Code    44  wh_uart.o(i.uart_tx_init)
    usart_baudrate_set                       0x08007239   Thumb Code   224  gd32f4xx_usart.o(i.usart_baudrate_set)
    usart_data_receive                       0x08007321   Thumb Code    10  gd32f4xx_usart.o(i.usart_data_receive)
    usart_data_transmit                      0x0800732b   Thumb Code     8  gd32f4xx_usart.o(i.usart_data_transmit)
    usart_deinit                             0x08007335   Thumb Code   210  gd32f4xx_usart.o(i.usart_deinit)
    usart_enable                             0x08007411   Thumb Code    10  gd32f4xx_usart.o(i.usart_enable)
    usart_flag_clear                         0x0800741b   Thumb Code    26  gd32f4xx_usart.o(i.usart_flag_clear)
    usart_flag_get                           0x08007435   Thumb Code    30  gd32f4xx_usart.o(i.usart_flag_get)
    usart_interrupt_enable                   0x08007453   Thumb Code    26  gd32f4xx_usart.o(i.usart_interrupt_enable)
    usart_interrupt_flag_clear               0x0800746d   Thumb Code    26  gd32f4xx_usart.o(i.usart_interrupt_flag_clear)
    usart_interrupt_flag_get                 0x08007487   Thumb Code    56  gd32f4xx_usart.o(i.usart_interrupt_flag_get)
    usart_receive_config                     0x080074bf   Thumb Code    16  gd32f4xx_usart.o(i.usart_receive_config)
    usart_transmit_config                    0x080074cf   Thumb Code    16  gd32f4xx_usart.o(i.usart_transmit_config)
    value_init                               0x080074e1   Thumb Code    28  hci.o(i.value_init)
    Region$$Table$$Base                      0x08007528   Number         0  anon$$obj.o(Region$$Table)
    Region$$Table$$Limit                     0x08007548   Number         0  anon$$obj.o(Region$$Table)
    flame_cnt                                0x20000000   Data           2  main.o(.data)
    BI_value                                 0x20000002   Data           1  main.o(.data)
    BI_error                                 0x20000003   Data           1  main.o(.data)
    mid_speed                                0x20000004   Data           4  main.o(.data)
    BI_count                                 0x20000008   Data           1  main.o(.data)
    steer_value                              0x2000000a   Data           2  main.o(.data)
    error_buffer                             0x2000000c   Data         117  main.o(.data)
    readvalue1                               0x20000088   Data           2  gd32f4xx_it.o(.data)
    readvalue2                               0x2000008a   Data           2  gd32f4xx_it.o(.data)
    ccnumber                                 0x2000008c   Data           2  gd32f4xx_it.o(.data)
    count                                    0x20000090   Data           4  gd32f4xx_it.o(.data)
    fre                                      0x20000094   Data           2  gd32f4xx_it.o(.data)
    SystemCoreClock                          0x20000098   Data           4  system_gd32f4xx.o(.data)
    temp1                                    0x200000bc   Data           2  encoder.o(.data)
    temp2                                    0x200000be   Data           2  encoder.o(.data)
    temp3                                    0x200000c0   Data           2  encoder.o(.data)
    temp4                                    0x200000c2   Data           2  encoder.o(.data)
    value1                                   0x200000c4   Data           2  encoder.o(.data)
    value2                                   0x200000c6   Data           2  encoder.o(.data)
    statue_flag                              0x20000118   Data           1  hci.o(.data)
    screen_num                               0x20000119   Data           1  hci.o(.data)
    position1_x                              0x2000011a   Data           1  hci.o(.data)
    position1_y                              0x2000011b   Data           1  hci.o(.data)
    position                                 0x2000011c   Data           1  hci.o(.data)
    move_flag                                0x2000011d   Data           1  hci.o(.data)
    high_speed                               0x20000120   Data           4  hci.o(.data)
    low_speed                                0x20000124   Data           4  hci.o(.data)
    s_a_value                                0x20000128   Data           4  hci.o(.data)
    s_b_value                                0x2000012c   Data           4  hci.o(.data)
    s_c_value                                0x20000130   Data           4  hci.o(.data)
    P_value                                  0x20000134   Data           4  hci.o(.data)
    I_value                                  0x20000138   Data           4  hci.o(.data)
    D_value                                  0x2000013c   Data           4  hci.o(.data)
    PD_P                                     0x20000140   Data           4  hci.o(.data)
    b_value                                  0x20000144   Data           4  hci.o(.data)
    PD_D                                     0x20000148   Data           4  hci.o(.data)
    Set_speed_pwm                            0x2000014c   Data           4  hci.o(.data)
    res2                                     0x20000150   Data           4  hci.o(.data)
    res3                                     0x20000154   Data           4  hci.o(.data)
    res4                                     0x20000158   Data           4  hci.o(.data)
    res5                                     0x2000015c   Data           4  hci.o(.data)
    res6                                     0x20000160   Data           4  hci.o(.data)
    value                                    0x20000164   Data           6  hci.o(.data)
    speed_value                              0x2000016a   Data           4  hci.o(.data)
    temp_value                               0x20000170   Data           4  hci.o(.data)
    uiTempPID_P                              0x20000174   Data           4  hci.o(.data)
    uiTempPID_I                              0x20000178   Data           4  hci.o(.data)
    uiTempPID_D                              0x2000017c   Data           4  hci.o(.data)
    uiTempPD_a                               0x20000180   Data           4  hci.o(.data)
    uiTempPD_b                               0x20000184   Data           4  hci.o(.data)
    uiTempPD_D                               0x20000188   Data           4  hci.o(.data)
    uiTempSpeed                              0x2000018c   Data           4  hci.o(.data)
    uiTempMaxSpeed                           0x20000190   Data           4  hci.o(.data)
    uiTempMinSpeed                           0x20000194   Data           4  hci.o(.data)
    uiTempS_A                                0x20000198   Data           4  hci.o(.data)
    uiTempS_B                                0x2000019c   Data           4  hci.o(.data)
    uiTempS_C                                0x200001a0   Data           4  hci.o(.data)
    uiTempres1                               0x200001a4   Data           4  hci.o(.data)
    uiTempres2                               0x200001a8   Data           4  hci.o(.data)
    uiTempres3                               0x200001ac   Data           4  hci.o(.data)
    uiTempres4                               0x200001b0   Data           4  hci.o(.data)
    uiTempres5                               0x200001b4   Data           4  hci.o(.data)
    uiTempres6                               0x200001b8   Data           4  hci.o(.data)
    uc_record_P_value                        0x200001bc   Data           8  hci.o(.data)
    uc_record_I_value                        0x200001c4   Data           8  hci.o(.data)
    uc_record_D_value                        0x200001cc   Data           8  hci.o(.data)
    uc_record_PD_P                           0x200001d4   Data           8  hci.o(.data)
    uc_record_b_value                        0x200001dc   Data           8  hci.o(.data)
    uc_record_PD_D                           0x200001e4   Data           8  hci.o(.data)
    uc_record_mid_speed                      0x200001ec   Data           8  hci.o(.data)
    uc_record_high_speed                     0x200001f4   Data           8  hci.o(.data)
    uc_record_low_speed                      0x200001fc   Data           8  hci.o(.data)
    uc_record_s_a_value                      0x20000204   Data           8  hci.o(.data)
    uc_record_s_b_value                      0x2000020c   Data           8  hci.o(.data)
    uc_record_s_c_value                      0x20000214   Data           8  hci.o(.data)
    uc_record_Set_speed_pwm                  0x2000021c   Data           8  hci.o(.data)
    uc_record_res2                           0x20000224   Data           8  hci.o(.data)
    uc_record_res3                           0x2000022c   Data           8  hci.o(.data)
    uc_record_res4                           0x20000234   Data           8  hci.o(.data)
    uc_record_res5                           0x2000023c   Data           8  hci.o(.data)
    uc_record_res6                           0x20000244   Data           8  hci.o(.data)
    ms_cnt                                   0x2000024c   Data           2  hci.o(.data)
    x                                        0x2000024e   Data           2  hci.o(.data)
    chinese_buffer                           0x200002f4   Data         128  oled.o(.data)
    acsii_buffer                             0x20000374   Data        1520  oled.o(.data)
    bmp_school_buffer                        0x20000964   Data        1024  oled.o(.data)
    bmp_school_buffer_1                      0x20000d64   Data         384  oled.o(.data)
    Reload                                   0x20000ee4   Data           2  pwm.o(.data)
    mt9v03x_finish_flag                      0x20000ee8   Data           1  seekfree_mt9v03x.o(.data)
    camera_buffer_addr                       0x20000eec   Data           4  seekfree_mt9v03x.o(.data)
    receive                                  0x20000ef0   Data           3  seekfree_mt9v03x.o(.data)
    receive_num                              0x20000ef3   Data           1  seekfree_mt9v03x.o(.data)
    uart_receive_flag                        0x20000ef4   Data           1  seekfree_mt9v03x.o(.data)
    MT9V03X_CFG                              0x20000ef6   Data          36  seekfree_mt9v03x.o(.data)
    GET_CFG                                  0x20000f1a   Data          32  seekfree_mt9v03x.o(.data)
    uart_periph                              0x20000f66   Data           1  uart.o(.data)
    kp_a                                     0x20000f68   Data           4  motor.o(.data)
    MID_flag                                 0x20000f6c   Data           1  motor.o(.data)
    h_speed                                  0x20000f70   Data           4  motor.o(.data)
    l_speed                                  0x20000f74   Data           4  motor.o(.data)
    l_transpose                              0x20000f78   Data           1  motor.o(.data)
    r_transpose                              0x20000f79   Data           1  motor.o(.data)
    stopflag                                 0x20000f7a   Data           1  motor.o(.data)
    l_filter_speed                           0x20000f7c   Data           2  motor.o(.data)
    r_filter_speed                           0x20000f7e   Data           2  motor.o(.data)
    l_real_speed                             0x20000f80   Data           2  motor.o(.data)
    r_real_speed                             0x20000f82   Data           2  motor.o(.data)
    l_l_filter_speed                         0x20000f84   Data           2  motor.o(.data)
    l_r_filter_speed                         0x20000f86   Data           2  motor.o(.data)
    __stdout                                 0x20000fac   Data           4  stdout.o(.data)
    middle_line                              0x20000fb0   Data         120  main.o(.bss)
    HistGram                                 0x20001028   Data         256  main.o(.bss)
    write_buffer                             0x20001128   Data         144  hci.o(.bss)
    read_buffer                              0x200011b8   Data         144  hci.o(.bss)
    mt9v03x_image                            0x20001248   Data       22560  seekfree_mt9v03x.o(.bss)
    Img                                      0x20006a68   Data       22560  seekfree_mt9v03x.o(.bss)
    motor_l                                  0x2000c288   Data          28  motor.o(.bss)
    motor_r                                  0x2000c2a4   Data          28  motor.o(.bss)
    S3010                                    0x2000c2c0   Data          40  motor.o(.bss)
    RS_380                                   0x2000c2e8   Data          40  motor.o(.bss)
    __initial_sp                             0x2000c710   Data           0  startup_gd32f450.o(STACK)



==============================================================================

Memory Map of the image

  Image Entry point : 0x080001ad

  Load Region LR_IROM1 (Base: 0x08000000, Size: 0x000084f8, Max: 0x00200000, ABSOLUTE, COMPRESSED[0x00007c48])

    Execution Region ER_IROM1 (Exec base: 0x08000000, Load base: 0x08000000, Size: 0x00007548, Max: 0x00200000, ABSOLUTE)

    Exec Addr    Load Addr    Size         Type   Attr      Idx    E Section Name        Object

    0x08000000   0x08000000   0x000001ac   Data   RO          654    RESET               startup_gd32f450.o
    0x080001ac   0x080001ac   0x00000000   Code   RO         7658  * .ARM.Collect$$$$00000000  mc_w.l(entry.o)
    0x080001ac   0x080001ac   0x00000004   Code   RO         7938    .ARM.Collect$$$$00000001  mc_w.l(entry2.o)
    0x080001b0   0x080001b0   0x00000004   Code   RO         7941    .ARM.Collect$$$$00000004  mc_w.l(entry5.o)
    0x080001b4   0x080001b4   0x00000000   Code   RO         7943    .ARM.Collect$$$$00000008  mc_w.l(entry7b.o)
    0x080001b4   0x080001b4   0x00000000   Code   RO         7945    .ARM.Collect$$$$0000000A  mc_w.l(entry8b.o)
    0x080001b4   0x080001b4   0x00000008   Code   RO         7946    .ARM.Collect$$$$0000000B  mc_w.l(entry9a.o)
    0x080001bc   0x080001bc   0x00000004   Code   RO         7953    .ARM.Collect$$$$0000000E  mc_w.l(entry12b.o)
    0x080001c0   0x080001c0   0x00000000   Code   RO         7948    .ARM.Collect$$$$0000000F  mc_w.l(entry10a.o)
    0x080001c0   0x080001c0   0x00000000   Code   RO         7950    .ARM.Collect$$$$00000011  mc_w.l(entry11a.o)
    0x080001c0   0x080001c0   0x00000004   Code   RO         7939    .ARM.Collect$$$$00002712  mc_w.l(entry2.o)
    0x080001c4   0x080001c4   0x00000024   Code   RO          655    .text               startup_gd32f450.o
    0x080001e8   0x080001e8   0x00000024   Code   RO         7661    .text               mc_w.l(memseta.o)
    0x0800020c   0x0800020c   0x0000014e   Code   RO         7924    .text               mf_w.l(dadd.o)
    0x0800035a   0x0800035a   0x000000e4   Code   RO         7926    .text               mf_w.l(dmul.o)
    0x0800043e   0x0800043e   0x000000de   Code   RO         7928    .text               mf_w.l(ddiv.o)
    0x0800051c   0x0800051c   0x00000022   Code   RO         7930    .text               mf_w.l(dflti.o)
    0x0800053e   0x0800053e   0x0000001a   Code   RO         7932    .text               mf_w.l(dfltui.o)
    0x08000558   0x08000558   0x00000030   Code   RO         7934    .text               mf_w.l(cdcmple.o)
    0x08000588   0x08000588   0x00000030   Code   RO         7936    .text               mf_w.l(cdrcmple.o)
    0x080005b8   0x080005b8   0x0000002c   Code   RO         7955    .text               mc_w.l(uidiv.o)
    0x080005e4   0x080005e4   0x0000001e   Code   RO         7959    .text               mc_w.l(llshl.o)
    0x08000602   0x08000602   0x00000024   Code   RO         7961    .text               mc_w.l(llsshr.o)
    0x08000626   0x08000626   0x00000000   Code   RO         7963    .text               mc_w.l(iusefp.o)
    0x08000626   0x08000626   0x000000ba   Code   RO         7964    .text               mf_w.l(depilogue.o)
    0x080006e0   0x080006e0   0x00000024   Code   RO         7968    .text               mc_w.l(init.o)
    0x08000704   0x08000704   0x00000020   Code   RO         7970    .text               mc_w.l(llushr.o)
    0x08000724   0x08000724   0x00000056   Code   RO         7980    .text               mc_w.l(__dczerorl2.o)
    0x0800077a   0x0800077a   0x00000004   Code   RO          408    i.BusFault_Handler  gd32f4xx_it.o
    0x0800077e   0x0800077e   0x00000008   Code   RO         7595    i.Camera_Init       camera.o
    0x08000786   0x08000786   0x00000002   PAD
    0x08000788   0x08000788   0x00000028   Code   RO         7596    i.Camera_oled_display  camera.o
    0x080007b0   0x080007b0   0x0000006c   Code   RO         7597    i.Camera_tft_display  camera.o
    0x0800081c   0x0800081c   0x0000002c   Code   RO         7598    i.Camera_uart_display  camera.o
    0x08000848   0x08000848   0x0000007e   Code   RO         7125    i.Clr_Screen        oled.o
    0x080008c6   0x080008c6   0x00000002   PAD
    0x080008c8   0x080008c8   0x0000001c   Code   RO          409    i.DCI_IRQHandler    gd32f4xx_it.o
    0x080008e4   0x080008e4   0x00000088   Code   RO          410    i.DMA1_Channel7_IRQHandler  gd32f4xx_it.o
    0x0800096c   0x0800096c   0x0000007c   Code   RO         6806    i.Data_Nsplit       hci.o
    0x080009e8   0x080009e8   0x00000104   Code   RO         6807    i.Data_Split        hci.o
    0x08000aec   0x08000aec   0x00000002   Code   RO          411    i.DebugMon_Handler  gd32f4xx_it.o
    0x08000aee   0x08000aee   0x00000002   PAD
    0x08000af0   0x08000af0   0x00000078   Code   RO          412    i.EXTI5_9_IRQHandler  gd32f4xx_it.o
    0x08000b68   0x08000b68   0x00000440   Code   RO         6689    i.Encoder_Init      encoder.o
    0x08000fa8   0x08000fa8   0x00000024   Code   RO         6690    i.Encoder_Read      encoder.o
    0x08000fcc   0x08000fcc   0x00000484   Code   RO         6808    i.HCI_handle        hci.o
    0x08001450   0x08001450   0x00000004   Code   RO          413    i.HardFault_Handler  gd32f4xx_it.o
    0x08001454   0x08001454   0x00000020   Code   RO         7014    i.KEY_Get_Input     key.o
    0x08001474   0x08001474   0x00000050   Code   RO         7015    i.KEY_Init          key.o
    0x080014c4   0x080014c4   0x000000e0   Code   RO         7016    i.KEY_Read          key.o
    0x080015a4   0x080015a4   0x0000007c   Code   RO         7082    i.LED_Init          led.o
    0x08001620   0x08001620   0x00000004   Code   RO          414    i.MemManage_Handler  gd32f4xx_it.o
    0x08001624   0x08001624   0x00000002   Code   RO          415    i.NMI_Handler       gd32f4xx_it.o
    0x08001626   0x08001626   0x00000002   PAD
    0x08001628   0x08001628   0x00000028   Code   RO          256    i.NVIC_SetPriority  systick.o
    0x08001650   0x08001650   0x000000cc   Code   RO         7126    i.OLED_Init         oled.o
    0x0800171c   0x0800171c   0x000001b2   Code   RO         7127    i.OLED_OpeningAnimation  oled.o
    0x080018ce   0x080018ce   0x00000028   Code   RO         7128    i.OLED_Set_Pos      oled.o
    0x080018f6   0x080018f6   0x00000002   PAD
    0x080018f8   0x080018f8   0x0000007c   Code   RO         7129    i.OLED_ShowChar     oled.o
    0x08001974   0x08001974   0x00000084   Code   RO         7130    i.OLED_ShowChar_1   oled.o
    0x080019f8   0x080019f8   0x00000088   Code   RO         7131    i.OLED_ShowNum      oled.o
    0x08001a80   0x08001a80   0x00000068   Code   RO         7132    i.OLED_ShowSchool   oled.o
    0x08001ae8   0x08001ae8   0x0000005c   Code   RO         7133    i.OLED_ShowSchool_1  oled.o
    0x08001b44   0x08001b44   0x0000003a   Code   RO         7134    i.OLED_ShowString   oled.o
    0x08001b7e   0x08001b7e   0x00000012   Code   RO         7135    i.OLED_WR_Byte      oled.o
    0x08001b90   0x08001b90   0x00000134   Code   RO         7136    i.OLED_camera       oled.o
    0x08001cc4   0x08001cc4   0x00000234   Code   RO         7600    i.OSTU              camera.o
    0x08001ef8   0x08001ef8   0x000001c0   Code   RO         7245    i.PWM_Config        pwm.o
    0x080020b8   0x080020b8   0x00000044   Code   RO         7246    i.PWM_Duty_Updata   pwm.o
    0x080020fc   0x080020fc   0x00000002   Code   RO          416    i.PendSV_Handler    gd32f4xx_it.o
    0x080020fe   0x080020fe   0x00000002   Code   RO          417    i.SVC_Handler       gd32f4xx_it.o
    0x08002100   0x08002100   0x00000020   Code   RO         7017    i.SWITCH_Get_Input  key.o
    0x08002120   0x08002120   0x00000050   Code   RO         7018    i.SWITCH_Init       key.o
    0x08002170   0x08002170   0x00000014   Code   RO         7247    i.Steer_Updata      pwm.o
    0x08002184   0x08002184   0x00000008   Code   RO          418    i.SysTick_Handler   gd32f4xx_it.o
    0x0800218c   0x0800218c   0x000000b8   Code   RO          613    i.SystemInit        system_gd32f4xx.o
    0x08002244   0x08002244   0x00000046   Code   RO         7365    i.TFTSPI_Addr_Rst   tft.o
    0x0800228a   0x0800228a   0x00000024   Code   RO         7366    i.TFTSPI_CLS        tft.o
    0x080022ae   0x080022ae   0x00000052   Code   RO         7367    i.TFTSPI_Set_Pos    tft.o
    0x08002300   0x08002300   0x00000058   Code   RO         7368    i.TFTSPI_Write_Byte  tft.o
    0x08002358   0x08002358   0x0000005c   Code   RO         7369    i.TFTSPI_Write_Cmd  tft.o
    0x080023b4   0x080023b4   0x0000005c   Code   RO         7370    i.TFTSPI_Write_Word  tft.o
    0x08002410   0x08002410   0x000001e0   Code   RO         7371    i.TFT_Init          tft.o
    0x080025f0   0x080025f0   0x00000130   Code   RO         7372    i.TFT_SPI_Init      tft.o
    0x08002720   0x08002720   0x0000001c   Code   RO          419    i.TIMER0_TRG_CMT_TIMER10_IRQHandler  gd32f4xx_it.o
    0x0800273c   0x0800273c   0x00000040   Code   RO          420    i.TIMER0_UP_TIMER9_IRQHandler  gd32f4xx_it.o
    0x0800277c   0x0800277c   0x000000c4   Code   RO          421    i.TIMER1_IRQHandler  gd32f4xx_it.o
    0x08002840   0x08002840   0x00000084   Code   RO         6691    i.TIMER2_IRQHandler  encoder.o
    0x080028c4   0x080028c4   0x00000064   Code   RO         6692    i.TIMER3_IRQHandler  encoder.o
    0x08002928   0x08002928   0x00000084   Code   RO         6693    i.TIMER4_IRQHandler  encoder.o
    0x080029ac   0x080029ac   0x00000028   Code   RO          422    i.TIMER6_IRQHandler  gd32f4xx_it.o
    0x080029d4   0x080029d4   0x00000078   Code   RO         7435    i.UART_Init         uart.o
    0x08002a4c   0x08002a4c   0x00000040   Code   RO         7438    i.UART_Putbuff      uart.o
    0x08002a8c   0x08002a8c   0x00000034   Code   RO         7439    i.UART_Putchar      uart.o
    0x08002ac0   0x08002ac0   0x0000007c   Code   RO          423    i.USART0_IRQHandler  gd32f4xx_it.o
    0x08002b3c   0x08002b3c   0x00000004   Code   RO          424    i.UsageFault_Handler  gd32f4xx_it.o
    0x08002b40   0x08002b40   0x00000020   Code   RO         7708    i.__0printf$1       mc_w.l(printf1.o)
    0x08002b60   0x08002b60   0x0000000e   Code   RO         7974    i.__scatterload_copy  mc_w.l(handlers.o)
    0x08002b6e   0x08002b6e   0x00000002   Code   RO         7975    i.__scatterload_null  mc_w.l(handlers.o)
    0x08002b70   0x08002b70   0x0000000e   Code   RO         7976    i.__scatterload_zeroinit  mc_w.l(handlers.o)
    0x08002b7e   0x08002b7e   0x00000002   PAD
    0x08002b80   0x08002b80   0x00000154   Code   RO         7715    i._printf_core      mc_w.l(printf1.o)
    0x08002cd4   0x08002cd4   0x0000004e   Code   RO         7137    i.clr_Screen        oled.o
    0x08002d22   0x08002d22   0x00000002   PAD
    0x08002d24   0x08002d24   0x0000029c   Code   RO         6810    i.data_flash_read   hci.o
    0x08002fc0   0x08002fc0   0x000002c0   Code   RO         6811    i.data_flash_write  hci.o
    0x08003280   0x08003280   0x00000250   Code   RO         6812    i.data_split        hci.o
    0x080034d0   0x080034d0   0x00000014   Code   RO         1604    i.dci_capture_enable  gd32f4xx_dci.o
    0x080034e4   0x080034e4   0x00000014   Code   RO         1609    i.dci_deinit        gd32f4xx_dci.o
    0x080034f8   0x080034f8   0x00000014   Code   RO         1613    i.dci_enable        gd32f4xx_dci.o
    0x0800350c   0x0800350c   0x00000034   Code   RO         1615    i.dci_init          gd32f4xx_dci.o
    0x08003540   0x08003540   0x00000010   Code   RO         1617    i.dci_interrupt_enable  gd32f4xx_dci.o
    0x08003550   0x08003550   0x00000010   Code   RO         1618    i.dci_interrupt_flag_clear  gd32f4xx_dci.o
    0x08003560   0x08003560   0x00000018   Code   RO         1619    i.dci_interrupt_flag_get  gd32f4xx_dci.o
    0x08003578   0x08003578   0x00000068   Code   RO         7510    i.dcmi_dma_init     zf_camera.o
    0x080035e0   0x080035e0   0x000000d8   Code   RO         7511    i.dcmi_init         zf_camera.o
    0x080036b8   0x080036b8   0x00000014   Code   RO          257    i.delay_1ms         systick.o
    0x080036cc   0x080036cc   0x00000018   Code   RO          258    i.delay_decrement   systick.o
    0x080036e4   0x080036e4   0x0000052c   Code   RO         6813    i.display_screen    hci.o
    0x08003c10   0x08003c10   0x00000020   Code   RO         1743    i.dma_channel_disable  gd32f4xx_dma.o
    0x08003c30   0x08003c30   0x00000020   Code   RO         1744    i.dma_channel_enable  gd32f4xx_dma.o
    0x08003c50   0x08003c50   0x00000026   Code   RO         1745    i.dma_channel_subperipheral_select  gd32f4xx_dma.o
    0x08003c76   0x08003c76   0x000000a4   Code   RO         1748    i.dma_deinit        gd32f4xx_dma.o
    0x08003d1a   0x08003d1a   0x0000003e   Code   RO         1753    i.dma_interrupt_disable  gd32f4xx_dma.o
    0x08003d58   0x08003d58   0x0000003e   Code   RO         1755    i.dma_interrupt_flag_clear  gd32f4xx_dma.o
    0x08003d96   0x08003d96   0x00000204   Code   RO         1756    i.dma_interrupt_flag_get  gd32f4xx_dma.o
    0x08003f9a   0x08003f9a   0x00000002   PAD
    0x08003f9c   0x08003f9c   0x00000158   Code   RO         1768    i.dma_single_data_mode_init  gd32f4xx_dma.o
    0x080040f4   0x080040f4   0x00000010   Code   RO         1773    i.dma_transfer_number_config  gd32f4xx_dma.o
    0x08004104   0x08004104   0x0000000c   Code   RO         2763    i.exti_flag_clear   gd32f4xx_exti.o
    0x08004110   0x08004110   0x00000024   Code   RO         2769    i.exti_interrupt_flag_get  gd32f4xx_exti.o
    0x08004134   0x08004134   0x000001d0   Code   RO            3    i.find_road         main.o
    0x08004304   0x08004304   0x00000030   Code   RO            4    i.find_road_control  main.o
    0x08004334   0x08004334   0x00000040   Code   RO         6238    i.flash_ReadSector_uint8_t  wh_flash.o
    0x08004374   0x08004374   0x0000006e   Code   RO         6241    i.flash_WriteSector_uint8_t  wh_flash.o
    0x080043e2   0x080043e2   0x00000024   Code   RO         6242    i.flash_buffer_translate  wh_flash.o
    0x08004406   0x08004406   0x00000032   Code   RO         6243    i.flash_getSectorNumber  wh_flash.o
    0x08004438   0x08004438   0x00000078   Code   RO         6244    i.flash_getSectorStartAddress  wh_flash.o
    0x080044b0   0x080044b0   0x00000050   Code   RO         2848    i.fmc_byte_program  gd32f4xx_fmc.o
    0x08004500   0x08004500   0x0000000c   Code   RO         2849    i.fmc_flag_clear    gd32f4xx_fmc.o
    0x0800450c   0x0800450c   0x00000014   Code   RO         2854    i.fmc_lock          gd32f4xx_fmc.o
    0x08004520   0x08004520   0x00000022   Code   RO         2856    i.fmc_ready_wait    gd32f4xx_fmc.o
    0x08004542   0x08004542   0x00000002   PAD
    0x08004544   0x08004544   0x0000005c   Code   RO         2857    i.fmc_sector_erase  gd32f4xx_fmc.o
    0x080045a0   0x080045a0   0x00000054   Code   RO         2858    i.fmc_state_get     gd32f4xx_fmc.o
    0x080045f4   0x080045f4   0x00000024   Code   RO         2859    i.fmc_unlock        gd32f4xx_fmc.o
    0x08004618   0x08004618   0x00000038   Code   RO         7442    i.fputc             uart.o
    0x08004650   0x08004650   0x000000a0   Code   RO         7283    i.get_config        seekfree_mt9v03x.o
    0x080046f0   0x080046f0   0x0000005e   Code   RO         3120    i.gpio_af_set       gd32f4xx_gpio.o
    0x0800474e   0x0800474e   0x00000010   Code   RO         6307    i.gpio_get_input    wh_gpio.o
    0x0800475e   0x0800475e   0x00000010   Code   RO         3126    i.gpio_input_bit_get  gd32f4xx_gpio.o
    0x0800476e   0x0800476e   0x0000001c   Code   RO         6309    i.gpio_input_init   wh_gpio.o
    0x0800478a   0x0800478a   0x0000004e   Code   RO         3128    i.gpio_mode_set     gd32f4xx_gpio.o
    0x080047d8   0x080047d8   0x0000002c   Code   RO         6310    i.gpio_output_init  wh_gpio.o
    0x08004804   0x08004804   0x00000042   Code   RO         3130    i.gpio_output_options_set  gd32f4xx_gpio.o
    0x08004846   0x08004846   0x0000000a   Code   RO         6311    i.gpio_set_output   wh_gpio.o
    0x08004850   0x08004850   0x00000018   Code   RO         3224    i.i2c_ack_config    gd32f4xx_i2c.o
    0x08004868   0x08004868   0x000000d8   Code   RO         3228    i.i2c_clock_config  gd32f4xx_i2c.o
    0x08004940   0x08004940   0x0000007c   Code   RO         6648    i.i2c_config        wh_i2c.o
    0x080049bc   0x080049bc   0x00000006   Code   RO         3230    i.i2c_data_transmit  gd32f4xx_i2c.o
    0x080049c2   0x080049c2   0x0000000a   Code   RO         3238    i.i2c_enable        gd32f4xx_i2c.o
    0x080049cc   0x080049cc   0x00000028   Code   RO         3239    i.i2c_flag_clear    gd32f4xx_i2c.o
    0x080049f4   0x080049f4   0x0000001e   Code   RO         3240    i.i2c_flag_get      gd32f4xx_i2c.o
    0x08004a12   0x08004a12   0x00000014   Code   RO         3245    i.i2c_master_addressing  gd32f4xx_i2c.o
    0x08004a26   0x08004a26   0x0000001c   Code   RO         3246    i.i2c_mode_addr_config  gd32f4xx_i2c.o
    0x08004a42   0x08004a42   0x00000002   PAD
    0x08004a44   0x08004a44   0x000000b0   Code   RO         6651    i.i2c_send_reg_byte  wh_i2c.o
    0x08004af4   0x08004af4   0x0000000a   Code   RO         3259    i.i2c_start_on_bus  gd32f4xx_i2c.o
    0x08004afe   0x08004afe   0x0000000a   Code   RO         3260    i.i2c_stop_on_bus   gd32f4xx_i2c.o
    0x08004b08   0x08004b08   0x00000018   Code   RO         6132    i.led_toggle        gd32f450_board.o
    0x08004b20   0x08004b20   0x00000198   Code   RO            5    i.main              main.o
    0x08004cb8   0x08004cb8   0x000000fc   Code   RO         7549    i.motor_control     motor.o
    0x08004db4   0x08004db4   0x0000027c   Code   RO         7550    i.motor_error       motor.o
    0x08005030   0x08005030   0x00000028   Code   RO         7551    i.motor_init        motor.o
    0x08005058   0x08005058   0x000000b0   Code   RO         7287    i.mt9v03x_init      seekfree_mt9v03x.o
    0x08005108   0x08005108   0x000000c4   Code   RO         3693    i.nvic_irq_enable   gd32f4xx_misc.o
    0x080051cc   0x080051cc   0x00000014   Code   RO         3694    i.nvic_priority_group_set  gd32f4xx_misc.o
    0x080051e0   0x080051e0   0x00000016   Code   RO         7138    i.oled_pow          oled.o
    0x080051f6   0x080051f6   0x00000002   PAD
    0x080051f8   0x080051f8   0x00000184   Code   RO         6815    i.position_display  hci.o
    0x0800537c   0x0800537c   0x0000002e   Code   RO         7139    i.print_char8x16    oled.o
    0x080053aa   0x080053aa   0x0000006a   Code   RO         7140    i.print_str8x16     oled.o
    0x08005414   0x08005414   0x000000a6   Code   RO         6383    i.pwm_init          wh_pwm.o
    0x080054ba   0x080054ba   0x00000002   PAD
    0x080054bc   0x080054bc   0x00000124   Code   RO         3892    i.rcu_clock_freq_get  gd32f4xx_rcu.o
    0x080055e0   0x080055e0   0x00000024   Code   RO         3911    i.rcu_periph_clock_enable  gd32f4xx_rcu.o
    0x08005604   0x08005604   0x00000024   Code   RO         3914    i.rcu_periph_reset_disable  gd32f4xx_rcu.o
    0x08005628   0x08005628   0x00000024   Code   RO         3915    i.rcu_periph_reset_enable  gd32f4xx_rcu.o
    0x0800564c   0x0800564c   0x00000024   Code   RO         3927    i.rcu_timer_clock_prescaler_config  gd32f4xx_rcu.o
    0x08005670   0x08005670   0x0000043c   Code   RO         6816    i.renew_data        hci.o
    0x08005aac   0x08005aac   0x0000003c   Code   RO            6    i.road_error        main.o
    0x08005ae8   0x08005ae8   0x000003d0   Code   RO         6817    i.select_display    hci.o
    0x08005eb8   0x08005eb8   0x0000002c   Code   RO         6818    i.set1_down_process  hci.o
    0x08005ee4   0x08005ee4   0x00000110   Code   RO         6819    i.set1_ld_process   hci.o
    0x08005ff4   0x08005ff4   0x00000028   Code   RO         6820    i.set1_left_process  hci.o
    0x0800601c   0x0800601c   0x0000024c   Code   RO         6821    i.set1_rd_process   hci.o
    0x08006268   0x08006268   0x0000002c   Code   RO         6822    i.set1_right_process  hci.o
    0x08006294   0x08006294   0x00000028   Code   RO         6823    i.set1_up_process   hci.o
    0x080062bc   0x080062bc   0x00000080   Code   RO         6824    i.set2_down_process  hci.o
    0x0800633c   0x0800633c   0x00000090   Code   RO         6825    i.set2_ld_process   hci.o
    0x080063cc   0x080063cc   0x00000058   Code   RO         6826    i.set2_left_process  hci.o
    0x08006424   0x08006424   0x000000d4   Code   RO         6827    i.set2_rd_process   hci.o
    0x080064f8   0x080064f8   0x00000054   Code   RO         6828    i.set2_right_process  hci.o
    0x0800654c   0x0800654c   0x00000084   Code   RO         6829    i.set2_up_process   hci.o
    0x080065d0   0x080065d0   0x00000078   Code   RO         7289    i.set_config        seekfree_mt9v03x.o
    0x08006648   0x08006648   0x000000e8   Code   RO         6830    i.show_data         hci.o
    0x08006730   0x08006730   0x00000044   Code   RO         6426    i.spi_config        wh_spi.o
    0x08006774   0x08006774   0x0000000a   Code   RO         4757    i.spi_enable        gd32f4xx_spi.o
    0x0800677e   0x0800677e   0x00000002   PAD
    0x08006780   0x08006780   0x000000ac   Code   RO         4761    i.spi_i2s_deinit    gd32f4xx_spi.o
    0x0800682c   0x0800682c   0x00000032   Code   RO         4766    i.spi_init          gd32f4xx_spi.o
    0x0800685e   0x0800685e   0x00000002   PAD
    0x08006860   0x08006860   0x0000007c   Code   RO            7    i.start_up          main.o
    0x080068dc   0x080068dc   0x000000fc   Code   RO          614    i.system_clock_200m_25m_hxtal  system_gd32f4xx.o
    0x080069d8   0x080069d8   0x00000008   Code   RO          615    i.system_clock_config  system_gd32f4xx.o
    0x080069e0   0x080069e0   0x00000050   Code   RO          259    i.systick_config    systick.o
    0x08006a30   0x08006a30   0x0000000a   Code   RO         5046    i.timer_auto_reload_shadow_enable  gd32f4xx_timer.o
    0x08006a3a   0x08006a3a   0x0000002a   Code   RO         5054    i.timer_channel_capture_value_register_read  gd32f4xx_timer.o
    0x08006a64   0x08006a64   0x0000005a   Code   RO         5060    i.timer_channel_input_capture_prescaler_config  gd32f4xx_timer.o
    0x08006abe   0x08006abe   0x00000002   PAD
    0x08006ac0   0x08006ac0   0x000001ec   Code   RO         5063    i.timer_channel_output_config  gd32f4xx_timer.o
    0x08006cac   0x08006cac   0x0000005a   Code   RO         5065    i.timer_channel_output_mode_config  gd32f4xx_timer.o
    0x08006d06   0x08006d06   0x00000026   Code   RO         5067    i.timer_channel_output_pulse_value_config  gd32f4xx_timer.o
    0x08006d2c   0x08006d2c   0x0000005a   Code   RO         5068    i.timer_channel_output_shadow_config  gd32f4xx_timer.o
    0x08006d86   0x08006d86   0x00000008   Code   RO         5074    i.timer_counter_read  gd32f4xx_timer.o
    0x08006d8e   0x08006d8e   0x00000004   Code   RO         5076    i.timer_counter_value_config  gd32f4xx_timer.o
    0x08006d92   0x08006d92   0x00000002   PAD
    0x08006d94   0x08006d94   0x00000184   Code   RO         5077    i.timer_deinit      gd32f4xx_timer.o
    0x08006f18   0x08006f18   0x0000000a   Code   RO         5082    i.timer_enable      gd32f4xx_timer.o
    0x08006f22   0x08006f22   0x00000002   PAD
    0x08006f24   0x08006f24   0x00000098   Code   RO         5092    i.timer_init        gd32f4xx_timer.o
    0x08006fbc   0x08006fbc   0x00000146   Code   RO         5093    i.timer_input_capture_config  gd32f4xx_timer.o
    0x08007102   0x08007102   0x00000008   Code   RO         5099    i.timer_interrupt_enable  gd32f4xx_timer.o
    0x0800710a   0x0800710a   0x00000006   Code   RO         5100    i.timer_interrupt_flag_clear  gd32f4xx_timer.o
    0x08007110   0x08007110   0x00000018   Code   RO         5101    i.timer_interrupt_flag_get  gd32f4xx_timer.o
    0x08007128   0x08007128   0x00000018   Code   RO         5107    i.timer_primary_output_config  gd32f4xx_timer.o
    0x08007140   0x08007140   0x00000040   Code   RO         5108    i.timer_quadrature_decoder_mode_config  gd32f4xx_timer.o
    0x08007180   0x08007180   0x00000034   Code   RO         6566    i.uart_init         wh_uart.o
    0x080071b4   0x080071b4   0x0000002a   Code   RO         6570    i.uart_putbuff      wh_uart.o
    0x080071de   0x080071de   0x0000002c   Code   RO         6574    i.uart_rx_init      wh_uart.o
    0x0800720a   0x0800720a   0x0000002c   Code   RO         6575    i.uart_tx_init      wh_uart.o
    0x08007236   0x08007236   0x00000002   PAD
    0x08007238   0x08007238   0x000000e8   Code   RO         5730    i.usart_baudrate_set  gd32f4xx_usart.o
    0x08007320   0x08007320   0x0000000a   Code   RO         5734    i.usart_data_receive  gd32f4xx_usart.o
    0x0800732a   0x0800732a   0x00000008   Code   RO         5735    i.usart_data_transmit  gd32f4xx_usart.o
    0x08007332   0x08007332   0x00000002   PAD
    0x08007334   0x08007334   0x000000dc   Code   RO         5736    i.usart_deinit      gd32f4xx_usart.o
    0x08007410   0x08007410   0x0000000a   Code   RO         5740    i.usart_enable      gd32f4xx_usart.o
    0x0800741a   0x0800741a   0x0000001a   Code   RO         5741    i.usart_flag_clear  gd32f4xx_usart.o
    0x08007434   0x08007434   0x0000001e   Code   RO         5742    i.usart_flag_get    gd32f4xx_usart.o
    0x08007452   0x08007452   0x0000001a   Code   RO         5750    i.usart_interrupt_enable  gd32f4xx_usart.o
    0x0800746c   0x0800746c   0x0000001a   Code   RO         5751    i.usart_interrupt_flag_clear  gd32f4xx_usart.o
    0x08007486   0x08007486   0x00000038   Code   RO         5752    i.usart_interrupt_flag_get  gd32f4xx_usart.o
    0x080074be   0x080074be   0x00000010   Code   RO         5767    i.usart_receive_config  gd32f4xx_usart.o
    0x080074ce   0x080074ce   0x00000010   Code   RO         5782    i.usart_transmit_config  gd32f4xx_usart.o
    0x080074de   0x080074de   0x00000002   PAD
    0x080074e0   0x080074e0   0x00000034   Code   RO         6832    i.value_init        hci.o
    0x08007514   0x08007514   0x00000006   Data   RO         6834    .constdata          hci.o
    0x0800751a   0x0800751a   0x00000002   PAD
    0x0800751c   0x0800751c   0x0000000c   Data   RO         7553    .constdata          motor.o
    0x08007528   0x08007528   0x00000020   Data   RO         7972    Region$$Table       anon$$obj.o


    Execution Region RW_IRAM1 (Exec base: 0x20000000, Load base: 0x08007548, Size: 0x0000c710, Max: 0x00070000, ABSOLUTE, COMPRESSED[0x00000700])

    Exec Addr    Load Addr    Size         Type   Attr      Idx    E Section Name        Object

    0x20000000   COMPRESSED   0x00000081   Data   RW            9    .data               main.o
    0x20000081   COMPRESSED   0x00000003   PAD
    0x20000084   COMPRESSED   0x00000004   Data   RW          260    .data               systick.o
    0x20000088   COMPRESSED   0x0000000e   Data   RW          425    .data               gd32f4xx_it.o
    0x20000096   COMPRESSED   0x00000002   PAD
    0x20000098   COMPRESSED   0x00000004   Data   RW          616    .data               system_gd32f4xx.o
    0x2000009c   COMPRESSED   0x0000001e   Data   RW         6133    .data               gd32f450_board.o
    0x200000ba   COMPRESSED   0x00000002   PAD
    0x200000bc   COMPRESSED   0x0000005c   Data   RW         6694    .data               encoder.o
    0x20000118   COMPRESSED   0x00000138   Data   RW         6835    .data               hci.o
    0x20000250   COMPRESSED   0x00000079   Data   RW         7020    .data               key.o
    0x200002c9   COMPRESSED   0x00000003   PAD
    0x200002cc   COMPRESSED   0x00000028   Data   RW         7086    .data               led.o
    0x200002f4   COMPRESSED   0x00000bf0   Data   RW         7142    .data               oled.o
    0x20000ee4   COMPRESSED   0x00000002   Data   RW         7248    .data               pwm.o
    0x20000ee6   COMPRESSED   0x00000002   PAD
    0x20000ee8   COMPRESSED   0x00000052   Data   RW         7293    .data               seekfree_mt9v03x.o
    0x20000f3a   COMPRESSED   0x00000002   PAD
    0x20000f3c   COMPRESSED   0x0000002b   Data   RW         7443    .data               uart.o
    0x20000f67   COMPRESSED   0x00000001   PAD
    0x20000f68   COMPRESSED   0x00000044   Data   RW         7554    .data               motor.o
    0x20000fac   COMPRESSED   0x00000004   Data   RW         7954    .data               mc_w.l(stdout.o)
    0x20000fb0        -       0x00000178   Zero   RW            8    .bss                main.o
    0x20001128        -       0x00000120   Zero   RW         6833    .bss                hci.o
    0x20001248        -       0x0000b040   Zero   RW         7292    .bss                seekfree_mt9v03x.o
    0x2000c288        -       0x00000088   Zero   RW         7552    .bss                motor.o
    0x2000c310        -       0x00000400   Zero   RW          652    STACK               startup_gd32f450.o


==============================================================================

Image component sizes


      Code (inc. data)   RO Data    RW Data    ZI Data      Debug   Object Name

       764         32          0          0          0       4778   camera.o
      1488        124          0         92          0      48094   encoder.o
        24          8          0         30          0       1317   gd32f450_board.o
       168         32          0          0          0       5221   gd32f4xx_dci.o
      1266          4          0          0          0       8076   gd32f4xx_dma.o
        48         10          0          0          0       1508   gd32f4xx_exti.o
       358         38          0          0          0       5044   gd32f4xx_fmc.o
       254          0          0          0          0       3549   gd32f4xx_gpio.o
       394         12          0          0          0       7753   gd32f4xx_i2c.o
       768        102          0         14          0     100989   gd32f4xx_it.o
       216         20          0          0          0       1688   gd32f4xx_misc.o
       436         44          0          0          0       4803   gd32f4xx_rcu.o
       232         10          0          0          0       2885   gd32f4xx_spi.o
      1866         52          0          0          0      15229   gd32f4xx_timer.o
       676         18          0          0          0       9426   gd32f4xx_usart.o
      9376       1516          6        312        288      24898   hci.o
       448         58          0        121          0       6479   key.o
       124         18          0         40          0       2515   led.o
      1104         92          0        129        376      10730   main.o
       928         86         12         68        136       4845   motor.o
      2028         26          0       3056          0      16335   oled.o
       536         28          0          2          0       2879   pwm.o
       456         84          0         82      45120       4050   seekfree_mt9v03x.o
        36          8        428          0       1024        956   startup_gd32f450.o
       444         28          0          4          0       3211   system_gd32f4xx.o
       164         24          0          4          0      34646   systick.o
      1244         32          0          0          0       6401   tft.o
       292         58          0         43          0       5208   uart.o
       380         16          0          0          0       5046   wh_flash.o
        98          0          0          0          0       3120   wh_gpio.o
       300         14          0          0          0       1573   wh_i2c.o
       166          0          0          0          0       1047   wh_pwm.o
        68          0          0          0          0        789   wh_spi.o
       182          0          0          0          0       3493   wh_uart.o
       320         24          0          0          0       1680   zf_camera.o

    ----------------------------------------------------------------------
     27690       2618        480       4012      46944     360261   Object Totals
         0          0         32          0          0          0   (incl. Generated)
        38          0          2         15          0          0   (incl. Padding)

    ----------------------------------------------------------------------

      Code (inc. data)   RO Data    RW Data    ZI Data      Debug   Library Member Name

        86          0          0          0          0          0   __dczerorl2.o
         0          0          0          0          0          0   entry.o
         0          0          0          0          0          0   entry10a.o
         0          0          0          0          0          0   entry11a.o
         4          0          0          0          0          0   entry12b.o
         8          4          0          0          0          0   entry2.o
         4          0          0          0          0          0   entry5.o
         0          0          0          0          0          0   entry7b.o
         0          0          0          0          0          0   entry8b.o
         8          4          0          0          0          0   entry9a.o
        30          0          0          0          0          0   handlers.o
        36          8          0          0          0         68   init.o
         0          0          0          0          0          0   iusefp.o
        30          0          0          0          0         68   llshl.o
        36          0          0          0          0         68   llsshr.o
        32          0          0          0          0         68   llushr.o
        36          0          0          0          0        108   memseta.o
       372         14          0          0          0        184   printf1.o
         0          0          0          4          0          0   stdout.o
        44          0          0          0          0         80   uidiv.o
        48          0          0          0          0         68   cdcmple.o
        48          0          0          0          0         68   cdrcmple.o
       334          0          0          0          0        148   dadd.o
       222          0          0          0          0        100   ddiv.o
       186          0          0          0          0        176   depilogue.o
        34          0          0          0          0         76   dflti.o
        26          0          0          0          0         76   dfltui.o
       228          0          0          0          0         96   dmul.o

    ----------------------------------------------------------------------
      1854         30          0          4          0       1452   Library Totals
         2          0          0          0          0          0   (incl. Padding)

    ----------------------------------------------------------------------

      Code (inc. data)   RO Data    RW Data    ZI Data      Debug   Library Name

       726         30          0          4          0        644   mc_w.l
      1126          0          0          0          0        808   mf_w.l

    ----------------------------------------------------------------------
      1854         30          0          4          0       1452   Library Totals

    ----------------------------------------------------------------------

==============================================================================


      Code (inc. data)   RO Data    RW Data    ZI Data      Debug   

     29544       2648        480       4016      46944     341469   Grand Totals
     29544       2648        480       1792      46944     341469   ELF Image Totals (compressed)
     29544       2648        480       1792          0          0   ROM Totals

==============================================================================

    Total RO  Size (Code + RO Data)                30024 (  29.32kB)
    Total RW  Size (RW Data + ZI Data)             50960 (  49.77kB)
    Total ROM Size (Code + RO Data + RW Data)      31816 (  31.07kB)

==============================================================================

