Component: ARM Compiler 5.06 update 7 (build 960) Tool: armlink [4d3601]

==============================================================================

Section Cross References

    main.o(i.main) refers to main.o(i.start_up) for start_up
    main.o(i.main) refers to wh_pit.o(i.timer_interrupt_init) for timer_interrupt_init
    main.o(i.main) refers to camera.o(i.OSTU) for OSTU
    main.o(i.main) refers to oled.o(i.OLED_ShowNum) for OLED_ShowNum
    main.o(i.main) refers to camera.o(i.Camera_oled_display) for Camera_oled_display
    main.o(i.main) refers to main.o(.data) for flame_cnt
    main.o(i.start_up) refers to systick.o(i.systick_config) for systick_config
    main.o(i.start_up) refers to led.o(i.LED_Init) for LED_Init
    main.o(i.start_up) refers to key.o(i.KEY_Init) for KEY_Init
    main.o(i.start_up) refers to wh_i2c.o(i.i2c_config) for i2c_config
    main.o(i.start_up) refers to oled.o(i.OLED_Init) for OLED_Init
    main.o(i.start_up) refers to systick.o(i.delay_1ms) for delay_1ms
    main.o(i.start_up) refers to oled.o(i.Clr_Screen) for Clr_Screen
    main.o(i.start_up) refers to key.o(i.SWITCH_Init) for SWITCH_Init
    main.o(i.start_up) refers to uart.o(i.UART_Init) for UART_Init
    main.o(i.start_up) refers to tft.o(i.TFT_SPI_Init) for TFT_SPI_Init
    main.o(i.start_up) refers to tft.o(i.TFT_Init) for TFT_Init
    main.o(i.start_up) refers to tft.o(i.TFTSPI_CLS) for TFTSPI_CLS
    main.o(i.start_up) refers to camera.o(i.Camera_Init) for Camera_Init
    main.o(i.start_up) refers to hci.o(i.value_init) for value_init
    main.o(i.start_up) refers to pwm.o(i.PWM_Config) for PWM_Config
    main.o(i.start_up) refers to encoder.o(i.Encoder_Init) for Encoder_Init
    main.o(i.start_up) refers to motor.o(i.motor_init) for motor_init
    systick.o(i.delay_1ms) refers to systick.o(.data) for delay
    systick.o(i.delay_decrement) refers to systick.o(.data) for delay
    systick.o(i.systick_config) refers to systick.o(i.NVIC_SetPriority) for NVIC_SetPriority
    systick.o(i.systick_config) refers to system_gd32f4xx.o(.data) for SystemCoreClock
    gd32f4xx_it.o(i.DCI_IRQHandler) refers to gd32f4xx_dci.o(i.dci_interrupt_flag_get) for dci_interrupt_flag_get
    gd32f4xx_it.o(i.DCI_IRQHandler) refers to gd32f4xx_dci.o(i.dci_interrupt_flag_clear) for dci_interrupt_flag_clear
    gd32f4xx_it.o(i.DCI_IRQHandler) refers to seekfree_mt9v03x.o(.data) for mt9v03x_finish_flag
    gd32f4xx_it.o(i.DMA1_Channel7_IRQHandler) refers to gd32f4xx_dma.o(i.dma_interrupt_flag_get) for dma_interrupt_flag_get
    gd32f4xx_it.o(i.DMA1_Channel7_IRQHandler) refers to gd32f450_board.o(i.led_toggle) for led_toggle
    gd32f4xx_it.o(i.DMA1_Channel7_IRQHandler) refers to gd32f4xx_dma.o(i.dma_interrupt_flag_clear) for dma_interrupt_flag_clear
    gd32f4xx_it.o(i.DMA1_Channel7_IRQHandler) refers to gd32f4xx_dma.o(i.dma_interrupt_disable) for dma_interrupt_disable
    gd32f4xx_it.o(i.DMA1_Channel7_IRQHandler) refers to gd32f4xx_dma.o(i.dma_channel_disable) for dma_channel_disable
    gd32f4xx_it.o(i.DMA1_Channel7_IRQHandler) refers to seekfree_mt9v03x.o(.data) for mt9v03x_finish_flag
    gd32f4xx_it.o(i.EXTI5_9_IRQHandler) refers to gd32f4xx_exti.o(i.exti_interrupt_flag_get) for exti_interrupt_flag_get
    gd32f4xx_it.o(i.EXTI5_9_IRQHandler) refers to gd32f4xx_exti.o(i.exti_flag_clear) for exti_flag_clear
    gd32f4xx_it.o(i.EXTI5_9_IRQHandler) refers to gd32f450_board.o(i.led_toggle) for led_toggle
    gd32f4xx_it.o(i.EXTI5_9_IRQHandler) refers to gd32f4xx_dma.o(i.dma_transfer_number_config) for dma_transfer_number_config
    gd32f4xx_it.o(i.EXTI5_9_IRQHandler) refers to gd32f4xx_dma.o(i.dma_channel_enable) for dma_channel_enable
    gd32f4xx_it.o(i.SysTick_Handler) refers to systick.o(i.delay_decrement) for delay_decrement
    gd32f4xx_it.o(i.TIMER0_TRG_CMT_TIMER10_IRQHandler) refers to gd32f4xx_timer.o(i.timer_interrupt_flag_get) for timer_interrupt_flag_get
    gd32f4xx_it.o(i.TIMER0_TRG_CMT_TIMER10_IRQHandler) refers to gd32f4xx_timer.o(i.timer_interrupt_flag_clear) for timer_interrupt_flag_clear
    gd32f4xx_it.o(i.TIMER0_UP_TIMER9_IRQHandler) refers to gd32f4xx_timer.o(i.timer_interrupt_flag_get) for timer_interrupt_flag_get
    gd32f4xx_it.o(i.TIMER0_UP_TIMER9_IRQHandler) refers to gd32f4xx_timer.o(i.timer_interrupt_flag_clear) for timer_interrupt_flag_clear
    gd32f4xx_it.o(i.TIMER0_UP_TIMER9_IRQHandler) refers to encoder.o(i.Encoder_Read) for Encoder_Read
    gd32f4xx_it.o(i.TIMER0_UP_TIMER9_IRQHandler) refers to motor.o(i.motor_error) for motor_error
    gd32f4xx_it.o(i.TIMER0_UP_TIMER9_IRQHandler) refers to motor.o(i.motor_control) for motor_control
    gd32f4xx_it.o(i.TIMER0_UP_TIMER9_IRQHandler) refers to motor.o(.bss) for motor_l
    gd32f4xx_it.o(i.TIMER1_IRQHandler) refers to gd32f4xx_timer.o(i.timer_interrupt_flag_get) for timer_interrupt_flag_get
    gd32f4xx_it.o(i.TIMER1_IRQHandler) refers to gd32f4xx_timer.o(i.timer_interrupt_flag_clear) for timer_interrupt_flag_clear
[...]
    i.TFTSPI_Write_Word                      0x0800187c   Section        0  tft.o(i.TFTSPI_Write_Word)
    i.TFT_Init                               0x080018d8   Section        0  tft.o(i.TFT_Init)
    i.TFT_SPI_Init                           0x08001ab8   Section        0  tft.o(i.TFT_SPI_Init)
    i.TIMER0_TRG_CMT_TIMER10_IRQHandler      0x08001be8   Section        0  gd32f4xx_it.o(i.TIMER0_TRG_CMT_TIMER10_IRQHandler)
    i.TIMER0_UP_TIMER9_IRQHandler            0x08001c04   Section        0  gd32f4xx_it.o(i.TIMER0_UP_TIMER9_IRQHandler)
    i.TIMER1_IRQHandler                      0x08001c44   Section        0  gd32f4xx_it.o(i.TIMER1_IRQHandler)
    i.TIMER2_IRQHandler                      0x08001d08   Section        0  encoder.o(i.TIMER2_IRQHandler)
    i.TIMER3_IRQHandler                      0x08001d8c   Section        0  encoder.o(i.TIMER3_IRQHandler)
    i.TIMER4_IRQHandler                      0x08001df0   Section        0  encoder.o(i.TIMER4_IRQHandler)
    i.TIMER6_IRQHandler                      0x08001e74   Section        0  gd32f4xx_it.o(i.TIMER6_IRQHandler)
    i.UART_Init                              0x08001e9c   Section        0  uart.o(i.UART_Init)
    i.USART0_IRQHandler                      0x08001f14   Section        0  gd32f4xx_it.o(i.USART0_IRQHandler)
    i.UsageFault_Handler                     0x08001f90   Section        0  gd32f4xx_it.o(i.UsageFault_Handler)
    i.__0printf$1                            0x08001f94   Section        0  printf1.o(i.__0printf$1)
    i.__scatterload_copy                     0x08001fb4   Section       14  handlers.o(i.__scatterload_copy)
    i.__scatterload_null                     0x08001fc2   Section        2  handlers.o(i.__scatterload_null)
    i.__scatterload_zeroinit                 0x08001fc4   Section       14  handlers.o(i.__scatterload_zeroinit)
    i._printf_core                           0x08001fd4   Section        0  printf1.o(i._printf_core)
    _printf_core                             0x08001fd5   Thumb Code   336  printf1.o(i._printf_core)
    i.dci_capture_enable                     0x08002128   Section        0  gd32f4xx_dci.o(i.dci_capture_enable)
    i.dci_deinit                             0x0800213c   Section        0  gd32f4xx_dci.o(i.dci_deinit)
    i.dci_enable                             0x08002150   Section        0  gd32f4xx_dci.o(i.dci_enable)
    i.dci_init                               0x08002164   Section        0  gd32f4xx_dci.o(i.dci_init)
    i.dci_interrupt_enable                   0x08002198   Section        0  gd32f4xx_dci.o(i.dci_interrupt_enable)
    i.dci_interrupt_flag_clear               0x080021a8   Section        0  gd32f4xx_dci.o(i.dci_interrupt_flag_clear)
    i.dci_interrupt_flag_get                 0x080021b8   Section        0  gd32f4xx_dci.o(i.dci_interrupt_flag_get)
    i.dcmi_dma_init                          0x080021d0   Section        0  zf_camera.o(i.dcmi_dma_init)
    i.dcmi_init                              0x08002238   Section        0  zf_camera.o(i.dcmi_init)
    i.delay_1ms                              0x08002310   Section        0  systick.o(i.delay_1ms)
    i.delay_decrement                        0x08002324   Section        0  systick.o(i.delay_decrement)
    i.dma_channel_disable                    0x0800233c   Section        0  gd32f4xx_dma.o(i.dma_channel_disable)
    i.dma_channel_enable                     0x0800235c   Section        0  gd32f4xx_dma.o(i.dma_channel_enable)
    i.dma_channel_subperipheral_select       0x0800237c   Section        0  gd32f4xx_dma.o(i.dma_channel_subperipheral_select)
    i.dma_deinit                             0x080023a2   Section        0  gd32f4xx_dma.o(i.dma_deinit)
    i.dma_interrupt_disable                  0x08002446   Section        0  gd32f4xx_dma.o(i.dma_interrupt_disable)
    i.dma_interrupt_flag_clear               0x08002484   Section        0  gd32f4xx_dma.o(i.dma_interrupt_flag_clear)
    i.dma_interrupt_flag_get                 0x080024c2   Section        0  gd32f4xx_dma.o(i.dma_interrupt_flag_get)
    i.dma_single_data_mode_init              0x080026c8   Section        0  gd32f4xx_dma.o(i.dma_single_data_mode_init)
    i.dma_transfer_number_config             0x08002820   Section        0  gd32f4xx_dma.o(i.dma_transfer_number_config)
    i.exti_flag_clear                        0x08002830   Section        0  gd32f4xx_exti.o(i.exti_flag_clear)
    i.exti_interrupt_flag_get                0x0800283c   Section        0  gd32f4xx_exti.o(i.exti_interrupt_flag_get)
    i.flash_buffer_translate                 0x08002860   Section        0  wh_flash.o(i.flash_buffer_translate)
    i.fputc                                  0x08002884   Section        0  uart.o(i.fputc)
    i.get_config                             0x080028bc   Section        0  seekfree_mt9v03x.o(i.get_config)
    i.gpio_af_set                            0x0800295c   Section        0  gd32f4xx_gpio.o(i.gpio_af_set)
    i.gpio_input_bit_get                     0x080029ba   Section        0  gd32f4xx_gpio.o(i.gpio_input_bit_get)
    i.gpio_input_init                        0x080029ca   Section        0  wh_gpio.o(i.gpio_input_init)
    i.gpio_mode_set                          0x080029e6   Section        0  gd32f4xx_gpio.o(i.gpio_mode_set)
    i.gpio_output_init                       0x08002a34   Section        0  wh_gpio.o(i.gpio_output_init)
    i.gpio_output_options_set                0x08002a60   Section        0  gd32f4xx_gpio.o(i.gpio_output_options_set)
    i.gpio_set_output                        0x08002aa2   Section        0  wh_gpio.o(i.gpio_set_output)
    i.i2c_ack_config                         0x08002aac   Section        0  gd32f4xx_i2c.o(i.i2c_ack_config)
    i.i2c_clock_config                       0x08002ac4   Section        0  gd32f4xx_i2c.o(i.i2c_clock_config)
    i.i2c_config                             0x08002b9c   Section        0  wh_i2c.o(i.i2c_config)
    i.i2c_data_transmit                      0x08002c18   Section        0  gd32f4xx_i2c.o(i.i2c_data_transmit)
    i.i2c_enable                             0x08002c1e   Section        0  gd32f4xx_i2c.o(i.i2c_enable)
    i.i2c_flag_clear                         0x08002c28   Section        0  gd32f4xx_i2c.o(i.i2c_flag_clear)
    i.i2c_flag_get                           0x08002c50   Section        0  gd32f4xx_i2c.o(i.i2c_flag_get)
    i.i2c_master_addressing                  0x08002c6e   Section        0  gd32f4xx_i2c.o(i.i2c_master_addressing)
    i.i2c_mode_addr_config                   0x08002c82   Section        0  gd32f4xx_i2c.o(i.i2c_mode_addr_config)
    i.i2c_send_reg_byte                      0x08002ca0   Section        0  wh_i2c.o(i.i2c_send_reg_byte)
    i.i2c_start_on_bus                       0x08002d50   Section        0  gd32f4xx_i2c.o(i.i2c_start_on_bus)
    i.i2c_stop_on_bus                        0x08002d5a   Section        0  gd32f4xx_i2c.o(i.i2c_stop_on_bus)
    i.led_toggle                             0x08002d64   Section        0  gd32f450_board.o(i.led_toggle)
    i.main                                   0x08002d7c   Section        0  main.o(i.main)
    i.motor_control                          0x08002dbc   Section        0  motor.o(i.motor_control)
    i.motor_error                            0x08002eb8   Section        0  motor.o(i.motor_error)
    i.motor_init                             0x08003134   Section        0  motor.o(i.motor_init)
    i.mt9v03x_init                           0x0800315c   Section        0  seekfree_mt9v03x.o(i.mt9v03x_init)
    i.nvic_irq_enable                        0x0800320c   Section        0  gd32f4xx_misc.o(i.nvic_irq_enable)
    i.nvic_priority_group_set                0x080032d0   Section        0  gd32f4xx_misc.o(i.nvic_priority_group_set)
    i.oled_pow                               0x080032e4   Section        0  oled.o(i.oled_pow)
    i.pwm_init                               0x080032fa   Section        0  wh_pwm.o(i.pwm_init)
    i.rcu_clock_freq_get                     0x080033a0   Section        0  gd32f4xx_rcu.o(i.rcu_clock_freq_get)
    i.rcu_periph_clock_enable                0x080034c4   Section        0  gd32f4xx_rcu.o(i.rcu_periph_clock_enable)
    i.rcu_periph_reset_disable               0x080034e8   Section        0  gd32f4xx_rcu.o(i.rcu_periph_reset_disable)
    i.rcu_periph_reset_enable                0x0800350c   Section        0  gd32f4xx_rcu.o(i.rcu_periph_reset_enable)
    i.rcu_timer_clock_prescaler_config       0x08003530   Section        0  gd32f4xx_rcu.o(i.rcu_timer_clock_prescaler_config)
    i.set_config                             0x08003554   Section        0  seekfree_mt9v03x.o(i.set_config)
    i.spi_config                             0x080035cc   Section        0  wh_spi.o(i.spi_config)
    i.spi_enable                             0x08003610   Section        0  gd32f4xx_spi.o(i.spi_enable)
    i.spi_i2s_deinit                         0x0800361c   Section        0  gd32f4xx_spi.o(i.spi_i2s_deinit)
    i.spi_init                               0x080036c8   Section        0  gd32f4xx_spi.o(i.spi_init)
    i.start_up                               0x080036fc   Section        0  main.o(i.start_up)
    i.system_clock_200m_25m_hxtal            0x0800376c   Section        0  system_gd32f4xx.o(i.system_clock_200m_25m_hxtal)
    system_clock_200m_25m_hxtal              0x0800376d   Thumb Code   240  system_gd32f4xx.o(i.system_clock_200m_25m_hxtal)
    i.system_clock_config                    0x08003868   Section        0  system_gd32f4xx.o(i.system_clock_config)
    system_clock_config                      0x08003869   Thumb Code     8  system_gd32f4xx.o(i.system_clock_config)
    i.systick_config                         0x08003870   Section        0  systick.o(i.systick_config)
    i.timer_auto_reload_shadow_enable        0x080038c0   Section        0  gd32f4xx_timer.o(i.timer_auto_reload_shadow_enable)
    i.timer_channel_capture_value_register_read 0x080038ca   Section        0  gd32f4xx_timer.o(i.timer_channel_capture_value_register_read)
    i.timer_channel_input_capture_prescaler_config 0x080038f4   Section        0  gd32f4xx_timer.o(i.timer_channel_input_capture_prescaler_config)
    i.timer_channel_output_config            0x08003950   Section        0  gd32f4xx_timer.o(i.timer_channel_output_config)
    i.timer_channel_output_mode_config       0x08003b3c   Section        0  gd32f4xx_timer.o(i.timer_channel_output_mode_config)
    i.timer_channel_output_pulse_value_config 0x08003b96   Section        0  gd32f4xx_timer.o(i.timer_channel_output_pulse_value_config)
    i.timer_channel_output_shadow_config     0x08003bbc   Section        0  gd32f4xx_timer.o(i.timer_channel_output_shadow_config)
    i.timer_counter_read                     0x08003c16   Section        0  gd32f4xx_timer.o(i.timer_counter_read)
    i.timer_counter_value_config             0x08003c1e   Section        0  gd32f4xx_timer.o(i.timer_counter_value_config)
    i.timer_deinit                           0x08003c24   Section        0  gd32f4xx_timer.o(i.timer_deinit)
    i.timer_enable                           0x08003da8   Section        0  gd32f4xx_timer.o(i.timer_enable)
    i.timer_init                             0x08003db4   Section        0  gd32f4xx_timer.o(i.timer_init)
    i.timer_input_capture_config             0x08003e4c   Section        0  gd32f4xx_timer.o(i.timer_input_capture_config)
    i.timer_interrupt_enable                 0x08003f92   Section        0  gd32f4xx_timer.o(i.timer_interrupt_enable)
    i.timer_interrupt_flag_clear             0x08003f9a   Section        0  gd32f4xx_timer.o(i.timer_interrupt_flag_clear)
    i.timer_interrupt_flag_get               0x08003fa0   Section        0  gd32f4xx_timer.o(i.timer_interrupt_flag_get)
    i.timer_interrupt_init                   0x08003fb8   Section        0  wh_pit.o(i.timer_interrupt_init)
    i.timer_primary_output_config            0x08004124   Section        0  gd32f4xx_timer.o(i.timer_primary_output_config)
    i.timer_quadrature_decoder_mode_config   0x0800413c   Section        0  gd32f4xx_timer.o(i.timer_quadrature_decoder_mode_config)
    i.timer_struct_para_init                 0x0800417c   Section        0  gd32f4xx_timer.o(i.timer_struct_para_init)
    i.uart_init                              0x08004192   Section        0  wh_uart.o(i.uart_init)
    i.uart_putbuff                           0x080041c6   Section        0  wh_uart.o(i.uart_putbuff)
    i.uart_rx_init                           0x080041f0   Section        0  wh_uart.o(i.uart_rx_init)
    i.uart_tx_init                           0x0800421c   Section        0  wh_uart.o(i.uart_tx_init)
    i.usart_baudrate_set                     0x08004248   Section        0  gd32f4xx_usart.o(i.usart_baudrate_set)
    i.usart_data_receive                     0x08004330   Section        0  gd32f4xx_usart.o(i.usart_data_receive)
    i.usart_data_transmit                    0x0800433a   Section        0  gd32f4xx_usart.o(i.usart_data_transmit)
    i.usart_deinit                           0x08004344   Section        0  gd32f4xx_usart.o(i.usart_deinit)
    i.usart_enable                           0x08004420   Section        0  gd32f4xx_usart.o(i.usart_enable)
    i.usart_flag_clear                       0x0800442a   Section        0  gd32f4xx_usart.o(i.usart_flag_clear)
    i.usart_flag_get                         0x08004444   Section        0  gd32f4xx_usart.o(i.usart_flag_get)
    i.usart_interrupt_enable                 0x08004462   Section        0  gd32f4xx_usart.o(i.usart_interrupt_enable)
    i.usart_interrupt_flag_clear             0x0800447c   Section        0  gd32f4xx_usart.o(i.usart_interrupt_flag_clear)
    i.usart_interrupt_flag_get               0x08004496   Section        0  gd32f4xx_usart.o(i.usart_interrupt_flag_get)
    i.usart_receive_config                   0x080044ce   Section        0  gd32f4xx_usart.o(i.usart_receive_config)
    i.usart_transmit_config                  0x080044de   Section        0  gd32f4xx_usart.o(i.usart_transmit_config)
    i.value_init                             0x080044f0   Section        0  hci.o(i.value_init)
    .constdata                               0x08004524   Section       12  motor.o(.constdata)
    .data                                    0x20000000   Section       12  main.o(.data)
    .data                                    0x2000000c   Section        4  systick.o(.data)
    delay                                    0x2000000c   Data           4  systick.o(.data)
    .data                                    0x20000010   Section       14  gd32f4xx_it.o(.data)
    .data                                    0x20000020   Section        4  system_gd32f4xx.o(.data)
    .data                                    0x20000024   Section       30  gd32f450_board.o(.data)
    GPIO_PORT                                0x20000024   Data          12  gd32f450_board.o(.data)
    GPIO_PIN                                 0x20000030   Data          12  gd32f450_board.o(.data)
    GPIO_CLK                                 0x2000003c   Data           6  gd32f450_board.o(.data)
    .data                                    0x20000044   Section       92  encoder.o(.data)
    GPIO_PORT_Encoder                        0x20000050   Data           8  encoder.o(.data)
    GPIO_PIN_A_Encoder                       0x20000058   Data           8  encoder.o(.data)
    GPIO_PIN_B_Encoder                       0x20000060   Data           8  encoder.o(.data)
    GPIO_CLK_Encoder                         0x20000068   Data           4  encoder.o(.data)
    GPIO_PIN_AF_Encoder                      0x2000006c   Data           8  encoder.o(.data)
    TIMER_PERIPH_Encoder                     0x20000074   Data           8  encoder.o(.data)
    TIMER_CLK_Encoder                        0x2000007c   Data           4  encoder.o(.data)
    CHANNAL_A_Encoder                        0x20000080   Data           8  encoder.o(.data)
    INT_CHANNAL_Encoder                      0x20000088   Data           8  encoder.o(.data)
    INT_FLAG_Encoder                         0x20000090   Data           8  encoder.o(.data)
    TIMER_NVIC_Encoder                       0x20000098   Data           8  encoder.o(.data)
    .data                                    0x200000a0   Section      312  hci.o(.data)
    .data                                    0x200001d8   Section      121  key.o(.data)
    GPIO_PORT_KEY                            0x200001d8   Data          24  key.o(.data)
    GPIO_PIN_KEY                             0x200001f0   Data          24  key.o(.data)
    GPIO_CLK_KEY                             0x20000208   Data          12  key.o(.data)
    GPIO_PORT_SWITCH                         0x20000214   Data          24  key.o(.data)
    GPIO_PIN_SWITCH                          0x2000022c   Data          24  key.o(.data)
    GPIO_CLK_SWITCH                          0x20000244   Data          12  key.o(.data)
    key_up                                   0x20000250   Data           1  key.o(.data)
    .data                                    0x20000254   Section       40  led.o(.data)
    GPIO_PORT_LED                            0x20000254   Data          16  led.o(.data)
    GPIO_PIN_LED                             0x20000264   Data          16  led.o(.data)
    GPIO_CLK_LED                             0x20000274   Data           8  led.o(.data)
    .data                                    0x2000027c   Section     3056  oled.o(.data)
    .data                                    0x20000e6c   Section        2  pwm.o(.data)
    .data                                    0x20000e70   Section       82  seekfree_mt9v03x.o(.data)
    .data                                    0x20000ec4   Section       43  uart.o(.data)
    UART_GPIO_PORT                           0x20000ec4   Data           8  uart.o(.data)
    UART_TXD_PIN                             0x20000ecc   Data           8  uart.o(.data)
    UART_RXD_PIN                             0x20000ed4   Data           8  uart.o(.data)
    UART_GPIO_CLK                            0x20000edc   Data           4  uart.o(.data)
    UART_CLK                                 0x20000ee0   Data           4  uart.o(.data)
    UART_PERIPH                              0x20000ee4   Data           8  uart.o(.data)
    UART_nvic                                0x20000eec   Data           2  uart.o(.data)
    .data                                    0x20000ef0   Section       68  motor.o(.data)
    l_real_speed                             0x20000f10   Data           6  motor.o(.data)
    r_real_speed                             0x20000f16   Data           6  motor.o(.data)
    l_current_error                          0x20000f1c   Data           4  motor.o(.data)
    l_last_error                             0x20000f20   Data           4  motor.o(.data)
    l_last_last_error                        0x20000f24   Data           4  motor.o(.data)
    r_current_error                          0x20000f28   Data           4  motor.o(.data)
    r_last_error                             0x20000f2c   Data           4  motor.o(.data)
    r_last_last_error                        0x20000f30   Data           4  motor.o(.data)
    .data                                    0x20000f34   Section        4  stdout.o(.data)
    .bss                                     0x20000f38   Section    45120  seekfree_mt9v03x.o(.bss)
    .bss                                     0x2000bf78   Section      136  motor.o(.bss)
    STACK                                    0x2000c000   Section     1024  startup_gd32f450.o(STACK)

    Global Symbols

    Symbol Name                              Value     Ov Type        Size  Object(Section)

    BuildAttributes$$THM_ISAv4$E$P$D$K$B$S$7EM$VFPi3$EXTD16$VFPS$VFMA$PE$A:L22UL41UL21$X:L11$S22US41US21$IEEE1$IW$USESV6$~STKCKD$USESV7$~SHL$OSPACE$ROPI$EBA8$MICROLIB$REQ8$PRES8$EABIv2 0x00000000   Number         0  anon$$obj.o ABSOLUTE
    __ARM_use_no_argv                        0x00000000   Number         0  main.o ABSOLUTE
    _printf_a                                0x00000000   Number         0  stubs.o ABSOLUTE
    _printf_c                                0x00000000   Number         0  stubs.o ABSOLUTE
    _printf_charcount                        0x00000000   Number         0  stubs.o ABSOLUTE
    _printf_d                                0x00000000   Number         0  stubs.o ABSOLUTE
    _printf_e                                0x00000000   Number         0  stubs.o ABSOLUTE
    _printf_f                                0x00000000   Number         0  stubs.o ABSOLUTE
    _printf_flags                            0x00000000   Number         0  stubs.o ABSOLUTE
    _printf_fp_dec                           0x00000000   Number         0  stubs.o ABSOLUTE
    _printf_fp_hex                           0x00000000   Number         0  stubs.o ABSOLUTE
    _printf_g                                0x00000000   Number         0  stubs.o ABSOLUTE
    _printf_i                                0x00000000   Number         0  stubs.o ABSOLUTE
    _printf_int_dec                          0x00000000   Number         0  stubs.o ABSOLUTE
    _printf_l                                0x00000000   Number         0  stubs.o ABSOLUTE
    _printf_lc                               0x00000000   Number         0  stubs.o ABSOLUTE
    _printf_ll                               0x00000000   Number         0  stubs.o ABSOLUTE
    _printf_lld                              0x00000000   Number         0  stubs.o ABSOLUTE
    _printf_lli                              0x00000000   Number         0  stubs.o ABSOLUTE
    _printf_llo                              0x00000000   Number         0  stubs.o ABSOLUTE
    _printf_llu                              0x00000000   Number         0  stubs.o ABSOLUTE
    _printf_llx                              0x00000000   Number         0  stubs.o ABSOLUTE
    _printf_longlong_dec                     0x00000000   Number         0  stubs.o ABSOLUTE
    _printf_longlong_hex                     0x00000000   Number         0  stubs.o ABSOLUTE
    _printf_longlong_oct                     0x00000000   Number         0  stubs.o ABSOLUTE
    _printf_ls                               0x00000000   Number         0  stubs.o ABSOLUTE
    _printf_mbtowc                           0x00000000   Number         0  stubs.o ABSOLUTE
    _printf_n                                0x00000000   Number         0  stubs.o ABSOLUTE
    _printf_o                                0x00000000   Number         0  stubs.o ABSOLUTE
    _printf_p                                0x00000000   Number         0  stubs.o ABSOLUTE
    _printf_percent                          0x00000000   Number         0  stubs.o ABSOLUTE
    _printf_pre_padding                      0x00000000   Number         0  stubs.o ABSOLUTE
    _printf_return_value                     0x00000000   Number         0  stubs.o ABSOLUTE
    _printf_s                                0x00000000   Number         0  stubs.o ABSOLUTE
    _printf_sizespec                         0x00000000   Number         0  stubs.o ABSOLUTE
    _printf_str                              0x00000000   Number         0  stubs.o ABSOLUTE
    _printf_truncate_signed                  0x00000000   Number         0  stubs.o ABSOLUTE
    _printf_truncate_unsigned                0x00000000   Number         0  stubs.o ABSOLUTE
    _printf_u                                0x00000000   Number         0  stubs.o ABSOLUTE
    _printf_wc                               0x00000000   Number         0  stubs.o ABSOLUTE
    _printf_wctomb                           0x00000000   Number         0  stubs.o ABSOLUTE
    _printf_widthprec                        0x00000000   Number         0  stubs.o ABSOLUTE
    _printf_x                                0x00000000   Number         0  stubs.o ABSOLUTE
    __arm_fini_                               - Undefined Weak Reference
    __cpp_initialize__aeabi_                  - Undefined Weak Reference
    __cxa_finalize                            - Undefined Weak Reference
    _clock_init                               - Undefined Weak Reference
    _microlib_exit                            - Undefined Weak Reference
    __Vectors_Size                           0x000001ac   Number         0  startup_gd32f450.o ABSOLUTE
    __Vectors                                0x08000000   Data           4  startup_gd32f450.o(RESET)
    __Vectors_End                            0x080001ac   Data           0  startup_gd32f450.o(RESET)
    __main                                   0x080001ad   Thumb Code     0  entry.o(.ARM.Collect$$$$00000000)
    _main_stk                                0x080001ad   Thumb Code     0  entry2.o(.ARM.Collect$$$$00000001)
    _main_scatterload                        0x080001b1   Thumb Code     0  entry5.o(.ARM.Collect$$$$00000004)
    __main_after_scatterload                 0x080001b5   Thumb Code     0  entry5.o(.ARM.Collect$$$$00000004)
    _main_clock                              0x080001b5   Thumb Code     0  entry7b.o(.ARM.Collect$$$$00000008)
    _main_cpp_init                           0x080001b5   Thumb Code     0  entry8b.o(.ARM.Collect$$$$0000000A)
    _main_init                               0x080001b5   Thumb Code     0  entry9a.o(.ARM.Collect$$$$0000000B)
    __rt_lib_shutdown_fini                   0x080001bd   Thumb Code     0  entry12b.o(.ARM.Collect$$$$0000000E)
    __rt_final_cpp                           0x080001c1   Thumb Code     0  entry10a.o(.ARM.Collect$$$$0000000F)
    __rt_final_exit                          0x080001c1   Thumb Code     0  entry11a.o(.ARM.Collect$$$$00000011)
    Reset_Handler                            0x080001c5   Thumb Code     8  startup_gd32f450.o(.text)
    ADC_IRQHandler                           0x080001df   Thumb Code     0  startup_gd32f450.o(.text)
    CAN0_EWMC_IRQHandler                     0x080001df   Thumb Code     0  startup_gd32f450.o(.text)
    CAN0_RX0_IRQHandler                      0x080001df   Thumb Code     0  startup_gd32f450.o(.text)
    CAN0_RX1_IRQHandler                      0x080001df   Thumb Code     0  startup_gd32f450.o(.text)
    CAN0_TX_IRQHandler                       0x080001df   Thumb Code     0  startup_gd32f450.o(.text)
    CAN1_EWMC_IRQHandler                     0x080001df   Thumb Code     0  startup_gd32f450.o(.text)
    CAN1_RX0_IRQHandler                      0x080001df   Thumb Code     0  startup_gd32f450.o(.text)
    CAN1_RX1_IRQHandler                      0x080001df   Thumb Code     0  startup_gd32f450.o(.text)
    CAN1_TX_IRQHandler                       0x080001df   Thumb Code     0  startup_gd32f450.o(.text)
    DMA0_Channel0_IRQHandler                 0x080001df   Thumb Code     0  startup_gd32f450.o(.text)
    DMA0_Channel1_IRQHandler                 0x080001df   Thumb Code     0  startup_gd32f450.o(.text)
    DMA0_Channel2_IRQHandler                 0x080001df   Thumb Code     0  startup_gd32f450.o(.text)
    DMA0_Channel3_IRQHandler                 0x080001df   Thumb Code     0  startup_gd32f450.o(.text)
    DMA0_Channel4_IRQHandler                 0x080001df   Thumb Code     0  startup_gd32f450.o(.text)
    DMA0_Channel5_IRQHandler                 0x080001df   Thumb Code     0  startup_gd32f450.o(.text)
    DMA0_Channel6_IRQHandler                 0x080001df   Thumb Code     0  startup_gd32f450.o(.text)
    DMA0_Channel7_IRQHandler                 0x080001df   Thumb Code     0  startup_gd32f450.o(.text)
    DMA1_Channel0_IRQHandler                 0x080001df   Thumb Code     0  startup_gd32f450.o(.text)
    DMA1_Channel1_IRQHandler                 0x080001df   Thumb Code     0  startup_gd32f450.o(.text)
    DMA1_Channel2_IRQHandler                 0x080001df   Thumb Code     0  startup_gd32f450.o(.text)
    DMA1_Channel3_IRQHandler                 0x080001df   Thumb Code     0  startup_gd32f450.o(.text)
    DMA1_Channel4_IRQHandler                 0x080001df   Thumb Code     0  startup_gd32f450.o(.text)
    DMA1_Channel5_IRQHandler                 0x080001df   Thumb Code     0  startup_gd32f450.o(.text)
    DMA1_Channel6_IRQHandler                 0x080001df   Thumb Code     0  startup_gd32f450.o(.text)
    ENET_IRQHandler                          0x080001df   Thumb Code     0  startup_gd32f450.o(.text)
    ENET_WKUP_IRQHandler                     0x080001df   Thumb Code     0  startup_gd32f450.o(.text)
    EXMC_IRQHandler                          0x080001df   Thumb Code     0  startup_gd32f450.o(.text)
    EXTI0_IRQHandler                         0x080001df   Thumb Code     0  startup_gd32f450.o(.text)
    EXTI10_15_IRQHandler                     0x080001df   Thumb Code     0  startup_gd32f450.o(.text)
    EXTI1_IRQHandler                         0x080001df   Thumb Code     0  startup_gd32f450.o(.text)
    EXTI2_IRQHandler                         0x080001df   Thumb Code     0  startup_gd32f450.o(.text)
    EXTI3_IRQHandler                         0x080001df   Thumb Code     0  startup_gd32f450.o(.text)
    EXTI4_IRQHandler                         0x080001df   Thumb Code     0  startup_gd32f450.o(.text)
    FMC_IRQHandler                           0x080001df   Thumb Code     0  startup_gd32f450.o(.text)
    FPU_IRQHandler                           0x080001df   Thumb Code     0  startup_gd32f450.o(.text)
    I2C0_ER_IRQHandler                       0x080001df   Thumb Code     0  startup_gd32f450.o(.text)
    I2C0_EV_IRQHandler                       0x080001df   Thumb Code     0  startup_gd32f450.o(.text)
    I2C1_ER_IRQHandler                       0x080001df   Thumb Code     0  startup_gd32f450.o(.text)
    I2C1_EV_IRQHandler                       0x080001df   Thumb Code     0  startup_gd32f450.o(.text)
    I2C2_ER_IRQHandler                       0x080001df   Thumb Code     0  startup_gd32f450.o(.text)
    I2C2_EV_IRQHandler                       0x080001df   Thumb Code     0  startup_gd32f450.o(.text)
    IPA_IRQHandler                           0x080001df   Thumb Code     0  startup_gd32f450.o(.text)
    LVD_IRQHandler                           0x080001df   Thumb Code     0  startup_gd32f450.o(.text)
    RCU_CTC_IRQHandler                       0x080001df   Thumb Code     0  startup_gd32f450.o(.text)
    RTC_Alarm_IRQHandler                     0x080001df   Thumb Code     0  startup_gd32f450.o(.text)
    RTC_WKUP_IRQHandler                      0x080001df   Thumb Code     0  startup_gd32f450.o(.text)
    SDIO_IRQHandler                          0x080001df   Thumb Code     0  startup_gd32f450.o(.text)
    SPI0_IRQHandler                          0x080001df   Thumb Code     0  startup_gd32f450.o(.text)
    SPI1_IRQHandler                          0x080001df   Thumb Code     0  startup_gd32f450.o(.text)
    SPI2_IRQHandler                          0x080001df   Thumb Code     0  startup_gd32f450.o(.text)
    SPI3_IRQHandler                          0x080001df   Thumb Code     0  startup_gd32f450.o(.text)
    SPI4_IRQHandler                          0x080001df   Thumb Code     0  startup_gd32f450.o(.text)
    SPI5_IRQHandler                          0x080001df   Thumb Code     0  startup_gd32f450.o(.text)
    TAMPER_STAMP_IRQHandler                  0x080001df   Thumb Code     0  startup_gd32f450.o(.text)
    TIMER0_BRK_TIMER8_IRQHandler             0x080001df   Thumb Code     0  startup_gd32f450.o(.text)
    TIMER0_Channel_IRQHandler                0x080001df   Thumb Code     0  startup_gd32f450.o(.text)
    TIMER5_DAC_IRQHandler                    0x080001df   Thumb Code     0  startup_gd32f450.o(.text)
    TIMER7_BRK_TIMER11_IRQHandler            0x080001df   Thumb Code     0  startup_gd32f450.o(.text)
    TIMER7_Channel_IRQHandler                0x080001df   Thumb Code     0  startup_gd32f450.o(.text)
    TIMER7_TRG_CMT_TIMER13_IRQHandler        0x080001df   Thumb Code     0  startup_gd32f450.o(.text)
    TIMER7_UP_TIMER12_IRQHandler             0x080001df   Thumb Code     0  startup_gd32f450.o(.text)
    TLI_ER_IRQHandler                        0x080001df   Thumb Code     0  startup_gd32f450.o(.text)
    TLI_IRQHandler                           0x080001df   Thumb Code     0  startup_gd32f450.o(.text)
    TRNG_IRQHandler                          0x080001df   Thumb Code     0  startup_gd32f450.o(.text)
    UART3_IRQHandler                         0x080001df   Thumb Code     0  startup_gd32f450.o(.text)
    UART4_IRQHandler                         0x080001df   Thumb Code     0  startup_gd32f450.o(.text)
    UART6_IRQHandler                         0x080001df   Thumb Code     0  startup_gd32f450.o(.text)
    UART7_IRQHandler                         0x080001df   Thumb Code     0  startup_gd32f450.o(.text)
    USART1_IRQHandler                        0x080001df   Thumb Code     0  startup_gd32f450.o(.text)
    USART2_IRQHandler                        0x080001df   Thumb Code     0  startup_gd32f450.o(.text)
    USART5_IRQHandler                        0x080001df   Thumb Code     0  startup_gd32f450.o(.text)
    USBFS_IRQHandler                         0x080001df   Thumb Code     0  startup_gd32f450.o(.text)
    USBFS_WKUP_IRQHandler                    0x080001df   Thumb Code     0  startup_gd32f450.o(.text)
    USBHS_EP1_In_IRQHandler                  0x080001df   Thumb Code     0  startup_gd32f450.o(.text)
    USBHS_EP1_Out_IRQHandler                 0x080001df   Thumb Code     0  startup_gd32f450.o(.text)
    USBHS_IRQHandler                         0x080001df   Thumb Code     0  startup_gd32f450.o(.text)
    USBHS_WKUP_IRQHandler                    0x080001df   Thumb Code     0  startup_gd32f450.o(.text)
    WWDGT_IRQHandler                         0x080001df   Thumb Code     0  startup_gd32f450.o(.text)
    __aeabi_memset                           0x080001e9   Thumb Code    14  memseta.o(.text)
    __aeabi_memset4                          0x080001e9   Thumb Code     0  memseta.o(.text)
    __aeabi_memset8                          0x080001e9   Thumb Code     0  memseta.o(.text)
    __aeabi_memclr                           0x080001f7   Thumb Code     4  memseta.o(.text)
    __aeabi_memclr4                          0x080001f7   Thumb Code     0  memseta.o(.text)
    __aeabi_memclr8                          0x080001f7   Thumb Code     0  memseta.o(.text)
    _memset$wrapper                          0x080001fb   Thumb Code    18  memseta.o(.text)
    __aeabi_dadd                             0x0800020d   Thumb Code   322  dadd.o(.text)
    __aeabi_dsub                             0x0800034f   Thumb Code     6  dadd.o(.text)
    __aeabi_drsub                            0x08000355   Thumb Code     6  dadd.o(.text)
    __aeabi_dmul                             0x0800035b   Thumb Code   228  dmul.o(.text)
    __aeabi_ddiv                             0x0800043f   Thumb Code   222  ddiv.o(.text)
    __aeabi_i2d                              0x0800051d   Thumb Code    34  dflti.o(.text)
    __aeabi_ui2d                             0x0800053f   Thumb Code    26  dfltui.o(.text)
    __aeabi_cdcmpeq                          0x08000559   Thumb Code     0  cdcmple.o(.text)
    __aeabi_cdcmple                          0x08000559   Thumb Code    48  cdcmple.o(.text)
    __aeabi_cdrcmple                         0x08000589   Thumb Code    48  cdrcmple.o(.text)
    __aeabi_uidiv                            0x080005b9   Thumb Code     0  uidiv.o(.text)
    __aeabi_uidivmod                         0x080005b9   Thumb Code    44  uidiv.o(.text)
    __aeabi_llsl                             0x080005e5   Thumb Code    30  llshl.o(.text)
    _ll_shift_l                              0x080005e5   Thumb Code     0  llshl.o(.text)
    __aeabi_lasr                             0x08000603   Thumb Code    36  llsshr.o(.text)
    _ll_sshift_r                             0x08000603   Thumb Code     0  llsshr.o(.text)
    __I$use$fp                               0x08000627   Thumb Code     0  iusefp.o(.text)
    _double_round                            0x08000627   Thumb Code    30  depilogue.o(.text)
    _double_epilogue                         0x08000645   Thumb Code   156  depilogue.o(.text)
    __scatterload                            0x080006e1   Thumb Code    28  init.o(.text)
    __scatterload_rt2                        0x080006e1   Thumb Code     0  init.o(.text)
    __aeabi_llsr                             0x08000705   Thumb Code    32  llushr.o(.text)
    _ll_ushift_r                             0x08000705   Thumb Code     0  llushr.o(.text)
    __decompress                             0x08000725   Thumb Code     0  __dczerorl2.o(.text)
    __decompress1                            0x08000725   Thumb Code    86  __dczerorl2.o(.text)
    BusFault_Handler                         0x0800077b   Thumb Code     4  gd32f4xx_it.o(i.BusFault_Handler)
    Camera_Init                              0x0800077f   Thumb Code     8  camera.o(i.Camera_Init)
    Camera_oled_display                      0x08000789   Thumb Code    30  camera.o(i.Camera_oled_display)
    Clr_Screen                               0x080007b1   Thumb Code   126  oled.o(i.Clr_Screen)
    DCI_IRQHandler                           0x08000831   Thumb Code    24  gd32f4xx_it.o(i.DCI_IRQHandler)
    DMA1_Channel7_IRQHandler                 0x0800084d   Thumb Code   128  gd32f4xx_it.o(i.DMA1_Channel7_IRQHandler)
    DebugMon_Handler                         0x080008d5   Thumb Code     2  gd32f4xx_it.o(i.DebugMon_Handler)
    EXTI5_9_IRQHandler                       0x080008d9   Thumb Code   114  gd32f4xx_it.o(i.EXTI5_9_IRQHandler)
    Encoder_Init                             0x08000951   Thumb Code  1110  encoder.o(i.Encoder_Init)
    Encoder_Read                             0x08000dad   Thumb Code    26  encoder.o(i.Encoder_Read)
    HardFault_Handler                        0x08000dd1   Thumb Code     4  gd32f4xx_it.o(i.HardFault_Handler)
    KEY_Init                                 0x08000dd5   Thumb Code    64  key.o(i.KEY_Init)
    LED_Init                                 0x08000e25   Thumb Code   106  led.o(i.LED_Init)
    MemManage_Handler                        0x08000ea1   Thumb Code     4  gd32f4xx_it.o(i.MemManage_Handler)
    NMI_Handler                              0x08000ea5   Thumb Code     2  gd32f4xx_it.o(i.NMI_Handler)
    OLED_Init                                0x08000ed1   Thumb Code   204  oled.o(i.OLED_Init)
    OLED_Set_Pos                             0x08000f9d   Thumb Code    40  oled.o(i.OLED_Set_Pos)
    OLED_ShowChar                            0x08000fc5   Thumb Code   118  oled.o(i.OLED_ShowChar)
    OLED_ShowNum                             0x08001041   Thumb Code   136  oled.o(i.OLED_ShowNum)
    OLED_WR_Byte                             0x080010c9   Thumb Code    18  oled.o(i.OLED_WR_Byte)
    OLED_camera                              0x080010dd   Thumb Code   304  oled.o(i.OLED_camera)
    OSTU                                     0x08001211   Thumb Code   552  camera.o(i.OSTU)
    PWM_Config                               0x08001445   Thumb Code   432  pwm.o(i.PWM_Config)
    PWM_Duty_Updata                          0x08001605   Thumb Code    60  pwm.o(i.PWM_Duty_Updata)
    PendSV_Handler                           0x08001649   Thumb Code     2  gd32f4xx_it.o(i.PendSV_Handler)
    SVC_Handler                              0x0800164b   Thumb Code     2  gd32f4xx_it.o(i.SVC_Handler)
    SWITCH_Init                              0x0800164d   Thumb Code    62  key.o(i.SWITCH_Init)
    SysTick_Handler                          0x0800169d   Thumb Code     8  gd32f4xx_it.o(i.SysTick_Handler)
    SystemInit                               0x080016a5   Thumb Code   168  system_gd32f4xx.o(i.SystemInit)
    TFTSPI_Addr_Rst                          0x0800175d   Thumb Code    70  tft.o(i.TFTSPI_Addr_Rst)
    TFTSPI_CLS                               0x080017a3   Thumb Code    36  tft.o(i.TFTSPI_CLS)
    TFTSPI_Write_Byte                        0x080017c9   Thumb Code    84  tft.o(i.TFTSPI_Write_Byte)
    TFTSPI_Write_Cmd                         0x08001821   Thumb Code    86  tft.o(i.TFTSPI_Write_Cmd)
    TFTSPI_Write_Word                        0x0800187d   Thumb Code    88  tft.o(i.TFTSPI_Write_Word)
    TFT_Init                                 0x080018d9   Thumb Code   476  tft.o(i.TFT_Init)
    TFT_SPI_Init                             0x08001ab9   Thumb Code   290  tft.o(i.TFT_SPI_Init)
    TIMER0_TRG_CMT_TIMER10_IRQHandler        0x08001be9   Thumb Code    22  gd32f4xx_it.o(i.TIMER0_TRG_CMT_TIMER10_IRQHandler)
    TIMER0_UP_TIMER9_IRQHandler              0x08001c05   Thumb Code    50  gd32f4xx_it.o(i.TIMER0_UP_TIMER9_IRQHandler)
    TIMER1_IRQHandler                        0x08001c45   Thumb Code   160  gd32f4xx_it.o(i.TIMER1_IRQHandler)
    TIMER2_IRQHandler                        0x08001d09   Thumb Code   106  encoder.o(i.TIMER2_IRQHandler)
    TIMER3_IRQHandler                        0x08001d8d   Thumb Code    78  encoder.o(i.TIMER3_IRQHandler)
    TIMER4_IRQHandler                        0x08001df1   Thumb Code   108  encoder.o(i.TIMER4_IRQHandler)
    TIMER6_IRQHandler                        0x08001e75   Thumb Code    32  gd32f4xx_it.o(i.TIMER6_IRQHandler)
    UART_Init                                0x08001e9d   Thumb Code    86  uart.o(i.UART_Init)
    USART0_IRQHandler                        0x08001f15   Thumb Code   104  gd32f4xx_it.o(i.USART0_IRQHandler)
    UsageFault_Handler                       0x08001f91   Thumb Code     4  gd32f4xx_it.o(i.UsageFault_Handler)
    __0printf$1                              0x08001f95   Thumb Code    22  printf1.o(i.__0printf$1)
    __1printf$1                              0x08001f95   Thumb Code     0  printf1.o(i.__0printf$1)
    __2printf                                0x08001f95   Thumb Code     0  printf1.o(i.__0printf$1)
    __scatterload_copy                       0x08001fb5   Thumb Code    14  handlers.o(i.__scatterload_copy)
    __scatterload_null                       0x08001fc3   Thumb Code     2  handlers.o(i.__scatterload_null)
    __scatterload_zeroinit                   0x08001fc5   Thumb Code    14  handlers.o(i.__scatterload_zeroinit)
    dci_capture_enable                       0x08002129   Thumb Code    14  gd32f4xx_dci.o(i.dci_capture_enable)
    dci_deinit                               0x0800213d   Thumb Code    20  gd32f4xx_dci.o(i.dci_deinit)
    dci_enable                               0x08002151   Thumb Code    14  gd32f4xx_dci.o(i.dci_enable)
    dci_init                                 0x08002165   Thumb Code    46  gd32f4xx_dci.o(i.dci_init)
    dci_interrupt_enable                     0x08002199   Thumb Code    12  gd32f4xx_dci.o(i.dci_interrupt_enable)
    dci_interrupt_flag_clear                 0x080021a9   Thumb Code    12  gd32f4xx_dci.o(i.dci_interrupt_flag_clear)
    dci_interrupt_flag_get                   0x080021b9   Thumb Code    18  gd32f4xx_dci.o(i.dci_interrupt_flag_get)
    dcmi_dma_init                            0x080021d1   Thumb Code    94  zf_camera.o(i.dcmi_dma_init)
    dcmi_init                                0x08002239   Thumb Code   202  zf_camera.o(i.dcmi_init)
    delay_1ms                                0x08002311   Thumb Code    16  systick.o(i.delay_1ms)
    delay_decrement                          0x08002325   Thumb Code    18  systick.o(i.delay_decrement)
    dma_channel_disable                      0x0800233d   Thumb Code    32  gd32f4xx_dma.o(i.dma_channel_disable)
    dma_channel_enable                       0x0800235d   Thumb Code    32  gd32f4xx_dma.o(i.dma_channel_enable)
    dma_channel_subperipheral_select         0x0800237d   Thumb Code    38  gd32f4xx_dma.o(i.dma_channel_subperipheral_select)
    dma_deinit                               0x080023a3   Thumb Code   164  gd32f4xx_dma.o(i.dma_deinit)
    dma_interrupt_disable                    0x08002447   Thumb Code    62  gd32f4xx_dma.o(i.dma_interrupt_disable)
    dma_interrupt_flag_clear                 0x08002485   Thumb Code    62  gd32f4xx_dma.o(i.dma_interrupt_flag_clear)
    dma_interrupt_flag_get                   0x080024c3   Thumb Code   516  gd32f4xx_dma.o(i.dma_interrupt_flag_get)
    dma_single_data_mode_init                0x080026c9   Thumb Code   340  gd32f4xx_dma.o(i.dma_single_data_mode_init)
    dma_transfer_number_config               0x08002821   Thumb Code    16  gd32f4xx_dma.o(i.dma_transfer_number_config)
    exti_flag_clear                          0x08002831   Thumb Code     6  gd32f4xx_exti.o(i.exti_flag_clear)
    exti_interrupt_flag_get                  0x0800283d   Thumb Code    32  gd32f4xx_exti.o(i.exti_interrupt_flag_get)
    flash_buffer_translate                   0x08002861   Thumb Code    36  wh_flash.o(i.flash_buffer_translate)
    fputc                                    0x08002885   Thumb Code    48  uart.o(i.fputc)
    get_config                               0x080028bd   Thumb Code   122  seekfree_mt9v03x.o(i.get_config)
    gpio_af_set                              0x0800295d   Thumb Code    94  gd32f4xx_gpio.o(i.gpio_af_set)
    gpio_input_bit_get                       0x080029bb   Thumb Code    16  gd32f4xx_gpio.o(i.gpio_input_bit_get)
    gpio_input_init                          0x080029cb   Thumb Code    28  wh_gpio.o(i.gpio_input_init)
    gpio_mode_set                            0x080029e7   Thumb Code    78  gd32f4xx_gpio.o(i.gpio_mode_set)
    gpio_output_init                         0x08002a35   Thumb Code    44  wh_gpio.o(i.gpio_output_init)
    gpio_output_options_set                  0x08002a61   Thumb Code    66  gd32f4xx_gpio.o(i.gpio_output_options_set)
    gpio_set_output                          0x08002aa3   Thumb Code    10  wh_gpio.o(i.gpio_set_output)
    i2c_ack_config                           0x08002aad   Thumb Code    24  gd32f4xx_i2c.o(i.i2c_ack_config)
    i2c_clock_config                         0x08002ac5   Thumb Code   204  gd32f4xx_i2c.o(i.i2c_clock_config)
    i2c_config                               0x08002b9d   Thumb Code   116  wh_i2c.o(i.i2c_config)
    i2c_data_transmit                        0x08002c19   Thumb Code     6  gd32f4xx_i2c.o(i.i2c_data_transmit)
    i2c_enable                               0x08002c1f   Thumb Code    10  gd32f4xx_i2c.o(i.i2c_enable)
    i2c_flag_clear                           0x08002c29   Thumb Code    40  gd32f4xx_i2c.o(i.i2c_flag_clear)
    i2c_flag_get                             0x08002c51   Thumb Code    30  gd32f4xx_i2c.o(i.i2c_flag_get)
    i2c_master_addressing                    0x08002c6f   Thumb Code    20  gd32f4xx_i2c.o(i.i2c_master_addressing)
    i2c_mode_addr_config                     0x08002c83   Thumb Code    28  gd32f4xx_i2c.o(i.i2c_mode_addr_config)
    i2c_send_reg_byte                        0x08002ca1   Thumb Code   170  wh_i2c.o(i.i2c_send_reg_byte)
    i2c_start_on_bus                         0x08002d51   Thumb Code    10  gd32f4xx_i2c.o(i.i2c_start_on_bus)
    i2c_stop_on_bus                          0x08002d5b   Thumb Code    10  gd32f4xx_i2c.o(i.i2c_stop_on_bus)
    led_toggle                               0x08002d65   Thumb Code    16  gd32f450_board.o(i.led_toggle)
    main                                     0x08002d7d   Thumb Code    56  main.o(i.main)
    motor_control                            0x08002dbd   Thumb Code   236  motor.o(i.motor_control)
    motor_error                              0x08002eb9   Thumb Code   578  motor.o(i.motor_error)
    motor_init                               0x08003135   Thumb Code    28  motor.o(i.motor_init)
    mt9v03x_init                             0x0800315d   Thumb Code   140  seekfree_mt9v03x.o(i.mt9v03x_init)
    nvic_irq_enable                          0x0800320d   Thumb Code   186  gd32f4xx_misc.o(i.nvic_irq_enable)
    nvic_priority_group_set                  0x080032d1   Thumb Code    10  gd32f4xx_misc.o(i.nvic_priority_group_set)
    oled_pow                                 0x080032e5   Thumb Code    22  oled.o(i.oled_pow)
    pwm_init                                 0x080032fb   Thumb Code   166  wh_pwm.o(i.pwm_init)
    rcu_clock_freq_get                       0x080033a1   Thumb Code   264  gd32f4xx_rcu.o(i.rcu_clock_freq_get)
    rcu_periph_clock_enable                  0x080034c5   Thumb Code    32  gd32f4xx_rcu.o(i.rcu_periph_clock_enable)
    rcu_periph_reset_disable                 0x080034e9   Thumb Code    32  gd32f4xx_rcu.o(i.rcu_periph_reset_disable)
    rcu_periph_reset_enable                  0x0800350d   Thumb Code    32  gd32f4xx_rcu.o(i.rcu_periph_reset_enable)
    rcu_timer_clock_prescaler_config         0x08003531   Thumb Code    32  gd32f4xx_rcu.o(i.rcu_timer_clock_prescaler_config)
    set_config                               0x08003555   Thumb Code   110  seekfree_mt9v03x.o(i.set_config)
    spi_config                               0x080035cd   Thumb Code    68  wh_spi.o(i.spi_config)
    spi_enable                               0x08003611   Thumb Code    10  gd32f4xx_spi.o(i.spi_enable)
    spi_i2s_deinit                           0x0800361d   Thumb Code   162  gd32f4xx_spi.o(i.spi_i2s_deinit)
    spi_init                                 0x080036c9   Thumb Code    50  gd32f4xx_spi.o(i.spi_init)
    start_up                                 0x080036fd   Thumb Code   108  main.o(i.start_up)
    systick_config                           0x08003871   Thumb Code    74  systick.o(i.systick_config)
    timer_auto_reload_shadow_enable          0x080038c1   Thumb Code    10  gd32f4xx_timer.o(i.timer_auto_reload_shadow_enable)
    timer_channel_capture_value_register_read 0x080038cb   Thumb Code    42  gd32f4xx_timer.o(i.timer_channel_capture_value_register_read)
    timer_channel_input_capture_prescaler_config 0x080038f5   Thumb Code    90  gd32f4xx_timer.o(i.timer_channel_input_capture_prescaler_config)
    timer_channel_output_config              0x08003951   Thumb Code   484  gd32f4xx_timer.o(i.timer_channel_output_config)
    timer_channel_output_mode_config         0x08003b3d   Thumb Code    90  gd32f4xx_timer.o(i.timer_channel_output_mode_config)
    timer_channel_output_pulse_value_config  0x08003b97   Thumb Code    38  gd32f4xx_timer.o(i.timer_channel_output_pulse_value_config)
    timer_channel_output_shadow_config       0x08003bbd   Thumb Code    90  gd32f4xx_timer.o(i.timer_channel_output_shadow_config)
    timer_counter_read                       0x08003c17   Thumb Code     8  gd32f4xx_timer.o(i.timer_counter_read)
    timer_counter_value_config               0x08003c1f   Thumb Code     4  gd32f4xx_timer.o(i.timer_counter_value_config)
    timer_deinit                             0x08003c25   Thumb Code   374  gd32f4xx_timer.o(i.timer_deinit)
    timer_enable                             0x08003da9   Thumb Code    10  gd32f4xx_timer.o(i.timer_enable)
    timer_init                               0x08003db5   Thumb Code   122  gd32f4xx_timer.o(i.timer_init)
    timer_input_capture_config               0x08003e4d   Thumb Code   326  gd32f4xx_timer.o(i.timer_input_capture_config)
    timer_interrupt_enable                   0x08003f93   Thumb Code     8  gd32f4xx_timer.o(i.timer_interrupt_enable)
    timer_interrupt_flag_clear               0x08003f9b   Thumb Code     6  gd32f4xx_timer.o(i.timer_interrupt_flag_clear)
    timer_interrupt_flag_get                 0x08003fa1   Thumb Code    24  gd32f4xx_timer.o(i.timer_interrupt_flag_get)
    timer_interrupt_init                     0x08003fb9   Thumb Code   326  wh_pit.o(i.timer_interrupt_init)
    timer_primary_output_config              0x08004125   Thumb Code    24  gd32f4xx_timer.o(i.timer_primary_output_config)
    timer_quadrature_decoder_mode_config     0x0800413d   Thumb Code    64  gd32f4xx_timer.o(i.timer_quadrature_decoder_mode_config)
    timer_struct_para_init                   0x0800417d   Thumb Code    22  gd32f4xx_timer.o(i.timer_struct_para_init)
    uart_init                                0x08004193   Thumb Code    52  wh_uart.o(i.uart_init)
    uart_putbuff                             0x080041c7   Thumb Code    42  wh_uart.o(i.uart_putbuff)
    uart_rx_init                             0x080041f1   Thumb Code    44  wh_uart.o(i.uart_rx_init)
    uart_tx_init                             0x0800421d   Thumb Code    44  wh_uart.o(i.uart_tx_init)
    usart_baudrate_set                       0x08004249   Thumb Code   224  gd32f4xx_usart.o(i.usart_baudrate_set)
    usart_data_receive                       0x08004331   Thumb Code    10  gd32f4xx_usart.o(i.usart_data_receive)
    usart_data_transmit                      0x0800433b   Thumb Code     8  gd32f4xx_usart.o(i.usart_data_transmit)
    usart_deinit                             0x08004345   Thumb Code   210  gd32f4xx_usart.o(i.usart_deinit)
    usart_enable                             0x08004421   Thumb Code    10  gd32f4xx_usart.o(i.usart_enable)
    usart_flag_clear                         0x0800442b   Thumb Code    26  gd32f4xx_usart.o(i.usart_flag_clear)
    usart_flag_get                           0x08004445   Thumb Code    30  gd32f4xx_usart.o(i.usart_flag_get)
    usart_interrupt_enable                   0x08004463   Thumb Code    26  gd32f4xx_usart.o(i.usart_interrupt_enable)
    usart_interrupt_flag_clear               0x0800447d   Thumb Code    26  gd32f4xx_usart.o(i.usart_interrupt_flag_clear)
    usart_interrupt_flag_get                 0x08004497   Thumb Code    56  gd32f4xx_usart.o(i.usart_interrupt_flag_get)
    usart_receive_config                     0x080044cf   Thumb Code    16  gd32f4xx_usart.o(i.usart_receive_config)
    usart_transmit_config                    0x080044df   Thumb Code    16  gd32f4xx_usart.o(i.usart_transmit_config)
    value_init                               0x080044f1   Thumb Code    28  hci.o(i.value_init)
    Region$$Table$$Base                      0x08004530   Number         0  anon$$obj.o(Region$$Table)
    Region$$Table$$Limit                     0x08004550   Number         0  anon$$obj.o(Region$$Table)
    flame_cnt                                0x20000000   Data           2  main.o(.data)
    BI_value                                 0x20000002   Data           1  main.o(.data)
    BI_error                                 0x20000003   Data           1  main.o(.data)
    mid_speed                                0x20000004   Data           4  main.o(.data)
    BI_count                                 0x20000008   Data           1  main.o(.data)
    steer_value                              0x2000000a   Data           2  main.o(.data)
    readvalue1                               0x20000010   Data           2  gd32f4xx_it.o(.data)
    readvalue2                               0x20000012   Data           2  gd32f4xx_it.o(.data)
    ccnumber                                 0x20000014   Data           2  gd32f4xx_it.o(.data)
    count                                    0x20000018   Data           4  gd32f4xx_it.o(.data)
    fre                                      0x2000001c   Data           2  gd32f4xx_it.o(.data)
    SystemCoreClock                          0x20000020   Data           4  system_gd32f4xx.o(.data)
    temp1                                    0x20000044   Data           2  encoder.o(.data)
    temp2                                    0x20000046   Data           2  encoder.o(.data)
    temp3                                    0x20000048   Data           2  encoder.o(.data)
    temp4                                    0x2000004a   Data           2  encoder.o(.data)
    value1                                   0x2000004c   Data           2  encoder.o(.data)
    value2                                   0x2000004e   Data           2  encoder.o(.data)
    statue_flag                              0x200000a0   Data           1  hci.o(.data)
    screen_num                               0x200000a1   Data           1  hci.o(.data)
    position1_x                              0x200000a2   Data           1  hci.o(.data)
    position1_y                              0x200000a3   Data           1  hci.o(.data)
    position                                 0x200000a4   Data           1  hci.o(.data)
    move_flag                                0x200000a5   Data           1  hci.o(.data)
    high_speed                               0x200000a8   Data           4  hci.o(.data)
    low_speed                                0x200000ac   Data           4  hci.o(.data)
    s_a_value                                0x200000b0   Data           4  hci.o(.data)
    s_b_value                                0x200000b4   Data           4  hci.o(.data)
    s_c_value                                0x200000b8   Data           4  hci.o(.data)
    P_value                                  0x200000bc   Data           4  hci.o(.data)
    I_value                                  0x200000c0   Data           4  hci.o(.data)
    D_value                                  0x200000c4   Data           4  hci.o(.data)
    PD_P                                     0x200000c8   Data           4  hci.o(.data)
    b_value                                  0x200000cc   Data           4  hci.o(.data)
    PD_D                                     0x200000d0   Data           4  hci.o(.data)
    Set_speed_pwm                            0x200000d4   Data           4  hci.o(.data)
    res2                                     0x200000d8   Data           4  hci.o(.data)
    res3                                     0x200000dc   Data           4  hci.o(.data)
    res4                                     0x200000e0   Data           4  hci.o(.data)
    res5                                     0x200000e4   Data           4  hci.o(.data)
    res6                                     0x200000e8   Data           4  hci.o(.data)
    value                                    0x200000ec   Data           6  hci.o(.data)
    speed_value                              0x200000f2   Data           4  hci.o(.data)
    temp_value                               0x200000f8   Data           4  hci.o(.data)
    uiTempPID_P                              0x200000fc   Data           4  hci.o(.data)
    uiTempPID_I                              0x20000100   Data           4  hci.o(.data)
    uiTempPID_D                              0x20000104   Data           4  hci.o(.data)
    uiTempPD_a                               0x20000108   Data           4  hci.o(.data)
    uiTempPD_b                               0x2000010c   Data           4  hci.o(.data)
    uiTempPD_D                               0x20000110   Data           4  hci.o(.data)
    uiTempSpeed                              0x20000114   Data           4  hci.o(.data)
    uiTempMaxSpeed                           0x20000118   Data           4  hci.o(.data)
    uiTempMinSpeed                           0x2000011c   Data           4  hci.o(.data)
    uiTempS_A                                0x20000120   Data           4  hci.o(.data)
    uiTempS_B                                0x20000124   Data           4  hci.o(.data)
    uiTempS_C                                0x20000128   Data           4  hci.o(.data)
    uiTempres1                               0x2000012c   Data           4  hci.o(.data)
    uiTempres2                               0x20000130   Data           4  hci.o(.data)
    uiTempres3                               0x20000134   Data           4  hci.o(.data)
    uiTempres4                               0x20000138   Data           4  hci.o(.data)
    uiTempres5                               0x2000013c   Data           4  hci.o(.data)
    uiTempres6                               0x20000140   Data           4  hci.o(.data)
    uc_record_P_value                        0x20000144   Data           8  hci.o(.data)
    uc_record_I_value                        0x2000014c   Data           8  hci.o(.data)
    uc_record_D_value                        0x20000154   Data           8  hci.o(.data)
    uc_record_PD_P                           0x2000015c   Data           8  hci.o(.data)
    uc_record_b_value                        0x20000164   Data           8  hci.o(.data)
    uc_record_PD_D                           0x2000016c   Data           8  hci.o(.data)
    uc_record_mid_speed                      0x20000174   Data           8  hci.o(.data)
    uc_record_high_speed                     0x2000017c   Data           8  hci.o(.data)
    uc_record_low_speed                      0x20000184   Data           8  hci.o(.data)
    uc_record_s_a_value                      0x2000018c   Data           8  hci.o(.data)
    uc_record_s_b_value                      0x20000194   Data           8  hci.o(.data)
    uc_record_s_c_value                      0x2000019c   Data           8  hci.o(.data)
    uc_record_Set_speed_pwm                  0x200001a4   Data           8  hci.o(.data)
    uc_record_res2                           0x200001ac   Data           8  hci.o(.data)
    uc_record_res3                           0x200001b4   Data           8  hci.o(.data)
    uc_record_res4                           0x200001bc   Data           8  hci.o(.data)
    uc_record_res5                           0x200001c4   Data           8  hci.o(.data)
    uc_record_res6                           0x200001cc   Data           8  hci.o(.data)
    ms_cnt                                   0x200001d4   Data           2  hci.o(.data)
    x                                        0x200001d6   Data           2  hci.o(.data)
    chinese_buffer                           0x2000027c   Data         128  oled.o(.data)
    acsii_buffer                             0x200002fc   Data        1520  oled.o(.data)
    bmp_school_buffer                        0x200008ec   Data        1024  oled.o(.data)
    bmp_school_buffer_1                      0x20000cec   Data         384  oled.o(.data)
    Reload                                   0x20000e6c   Data           2  pwm.o(.data)
    mt9v03x_finish_flag                      0x20000e70   Data           1  seekfree_mt9v03x.o(.data)
    camera_buffer_addr                       0x20000e74   Data           4  seekfree_mt9v03x.o(.data)
    receive                                  0x20000e78   Data           3  seekfree_mt9v03x.o(.data)
    receive_num                              0x20000e7b   Data           1  seekfree_mt9v03x.o(.data)
    uart_receive_flag                        0x20000e7c   Data           1  seekfree_mt9v03x.o(.data)
    MT9V03X_CFG                              0x20000e7e   Data          36  seekfree_mt9v03x.o(.data)
    GET_CFG                                  0x20000ea2   Data          32  seekfree_mt9v03x.o(.data)
    uart_periph                              0x20000eee   Data           1  uart.o(.data)
    kp_a                                     0x20000ef0   Data           4  motor.o(.data)
    MID_flag                                 0x20000ef4   Data           1  motor.o(.data)
    h_speed                                  0x20000ef8   Data           4  motor.o(.data)
    l_speed                                  0x20000efc   Data           4  motor.o(.data)
    l_transpose                              0x20000f00   Data           1  motor.o(.data)
    r_transpose                              0x20000f01   Data           1  motor.o(.data)
    stopflag                                 0x20000f02   Data           1  motor.o(.data)
    l_filter_speed                           0x20000f04   Data           2  motor.o(.data)
    r_filter_speed                           0x20000f06   Data           2  motor.o(.data)
    l_real_speed                             0x20000f08   Data           2  motor.o(.data)
    r_real_speed                             0x20000f0a   Data           2  motor.o(.data)
    l_l_filter_speed                         0x20000f0c   Data           2  motor.o(.data)
    l_r_filter_speed                         0x20000f0e   Data           2  motor.o(.data)
    __stdout                                 0x20000f34   Data           4  stdout.o(.data)
    mt9v03x_image                            0x20000f38   Data       22560  seekfree_mt9v03x.o(.bss)
    Img                                      0x20006758   Data       22560  seekfree_mt9v03x.o(.bss)
    motor_l                                  0x2000bf78   Data          28  motor.o(.bss)
    motor_r                                  0x2000bf94   Data          28  motor.o(.bss)
    S3010                                    0x2000bfb0   Data          40  motor.o(.bss)
    RS_380                                   0x2000bfd8   Data          40  motor.o(.bss)
    __initial_sp                             0x2000c400   Data           0  startup_gd32f450.o(STACK)



==============================================================================

Memory Map of the image

  Image Entry point : 0x080001ad

  Load Region LR_IROM1 (Base: 0x08000000, Size: 0x00005488, Max: 0x00200000, ABSOLUTE, COMPRESSED[0x00004c40])

    Execution Region ER_IROM1 (Exec base: 0x08000000, Load base: 0x08000000, Size: 0x00004550, Max: 0x00200000, ABSOLUTE)

    Exec Addr    Load Addr    Size         Type   Attr      Idx    E Section Name        Object

    0x08000000   0x08000000   0x000001ac   Data   RO          530    RESET               startup_gd32f450.o
    0x080001ac   0x080001ac   0x00000000   Code   RO         7405  * .ARM.Collect$$$$00000000  mc_w.l(entry.o)
    0x080001ac   0x080001ac   0x00000004   Code   RO         7685    .ARM.Collect$$$$00000001  mc_w.l(entry2.o)
    0x080001b0   0x080001b0   0x00000004   Code   RO         7688    .ARM.Collect$$$$00000004  mc_w.l(entry5.o)
    0x080001b4   0x080001b4   0x00000000   Code   RO         7690    .ARM.Collect$$$$00000008  mc_w.l(entry7b.o)
    0x080001b4   0x080001b4   0x00000000   Code   RO         7692    .ARM.Collect$$$$0000000A  mc_w.l(entry8b.o)
    0x080001b4   0x080001b4   0x00000008   Code   RO         7693    .ARM.Collect$$$$0000000B  mc_w.l(entry9a.o)
    0x080001bc   0x080001bc   0x00000004   Code   RO         7700    .ARM.Collect$$$$0000000E  mc_w.l(entry12b.o)
    0x080001c0   0x080001c0   0x00000000   Code   RO         7695    .ARM.Collect$$$$0000000F  mc_w.l(entry10a.o)
    0x080001c0   0x080001c0   0x00000000   Code   RO         7697    .ARM.Collect$$$$00000011  mc_w.l(entry11a.o)
    0x080001c0   0x080001c0   0x00000004   Code   RO         7686    .ARM.Collect$$$$00002712  mc_w.l(entry2.o)
    0x080001c4   0x080001c4   0x00000024   Code   RO          531    .text               startup_gd32f450.o
    0x080001e8   0x080001e8   0x00000024   Code   RO         7408    .text               mc_w.l(memseta.o)
    0x0800020c   0x0800020c   0x0000014e   Code   RO         7671    .text               mf_w.l(dadd.o)
    0x0800035a   0x0800035a   0x000000e4   Code   RO         7673    .text               mf_w.l(dmul.o)
    0x0800043e   0x0800043e   0x000000de   Code   RO         7675    .text               mf_w.l(ddiv.o)
    0x0800051c   0x0800051c   0x00000022   Code   RO         7677    .text               mf_w.l(dflti.o)
    0x0800053e   0x0800053e   0x0000001a   Code   RO         7679    .text               mf_w.l(dfltui.o)
    0x08000558   0x08000558   0x00000030   Code   RO         7681    .text               mf_w.l(cdcmple.o)
    0x08000588   0x08000588   0x00000030   Code   RO         7683    .text               mf_w.l(cdrcmple.o)
    0x080005b8   0x080005b8   0x0000002c   Code   RO         7702    .text               mc_w.l(uidiv.o)
    0x080005e4   0x080005e4   0x0000001e   Code   RO         7706    .text               mc_w.l(llshl.o)
    0x08000602   0x08000602   0x00000024   Code   RO         7708    .text               mc_w.l(llsshr.o)
    0x08000626   0x08000626   0x00000000   Code   RO         7710    .text               mc_w.l(iusefp.o)
    0x08000626   0x08000626   0x000000ba   Code   RO         7711    .text               mf_w.l(depilogue.o)
    0x080006e0   0x080006e0   0x00000024   Code   RO         7715    .text               mc_w.l(init.o)
    0x08000704   0x08000704   0x00000020   Code   RO         7717    .text               mc_w.l(llushr.o)
    0x08000724   0x08000724   0x00000056   Code   RO         7727    .text               mc_w.l(__dczerorl2.o)
    0x0800077a   0x0800077a   0x00000004   Code   RO          284    i.BusFault_Handler  gd32f4xx_it.o
    0x0800077e   0x0800077e   0x00000008   Code   RO         7342    i.Camera_Init       camera.o
    0x08000786   0x08000786   0x00000002   PAD
    0x08000788   0x08000788   0x00000028   Code   RO         7343    i.Camera_oled_display  camera.o
    0x080007b0   0x080007b0   0x0000007e   Code   RO         6888    i.Clr_Screen        oled.o
    0x0800082e   0x0800082e   0x00000002   PAD
    0x08000830   0x08000830   0x0000001c   Code   RO          285    i.DCI_IRQHandler    gd32f4xx_it.o
    0x0800084c   0x0800084c   0x00000088   Code   RO          286    i.DMA1_Channel7_IRQHandler  gd32f4xx_it.o
    0x080008d4   0x080008d4   0x00000002   Code   RO          287    i.DebugMon_Handler  gd32f4xx_it.o
    0x080008d6   0x080008d6   0x00000002   PAD
    0x080008d8   0x080008d8   0x00000078   Code   RO          288    i.EXTI5_9_IRQHandler  gd32f4xx_it.o
    0x08000950   0x08000950   0x0000045c   Code   RO         6532    i.Encoder_Init      encoder.o
    0x08000dac   0x08000dac   0x00000024   Code   RO         6533    i.Encoder_Read      encoder.o
    0x08000dd0   0x08000dd0   0x00000004   Code   RO          289    i.HardFault_Handler  gd32f4xx_it.o
    0x08000dd4   0x08000dd4   0x00000050   Code   RO         6787    i.KEY_Init          key.o
    0x08000e24   0x08000e24   0x0000007c   Code   RO         6848    i.LED_Init          led.o
    0x08000ea0   0x08000ea0   0x00000004   Code   RO          290    i.MemManage_Handler  gd32f4xx_it.o
    0x08000ea4   0x08000ea4   0x00000002   Code   RO          291    i.NMI_Handler       gd32f4xx_it.o
    0x08000ea6   0x08000ea6   0x00000002   PAD
    0x08000ea8   0x08000ea8   0x00000028   Code   RO          238    i.NVIC_SetPriority  systick.o
    0x08000ed0   0x08000ed0   0x000000cc   Code   RO         6889    i.OLED_Init         oled.o
    0x08000f9c   0x08000f9c   0x00000028   Code   RO         6891    i.OLED_Set_Pos      oled.o
    0x08000fc4   0x08000fc4   0x0000007c   Code   RO         6892    i.OLED_ShowChar     oled.o
    0x08001040   0x08001040   0x00000088   Code   RO         6894    i.OLED_ShowNum      oled.o
    0x080010c8   0x080010c8   0x00000012   Code   RO         6898    i.OLED_WR_Byte      oled.o
    0x080010da   0x080010da   0x00000002   PAD
    0x080010dc   0x080010dc   0x00000134   Code   RO         6899    i.OLED_camera       oled.o
    0x08001210   0x08001210   0x00000234   Code   RO         7347    i.OSTU              camera.o
    0x08001444   0x08001444   0x000001c0   Code   RO         7008    i.PWM_Config        pwm.o
    0x08001604   0x08001604   0x00000044   Code   RO         7009    i.PWM_Duty_Updata   pwm.o
    0x08001648   0x08001648   0x00000002   Code   RO          292    i.PendSV_Handler    gd32f4xx_it.o
    0x0800164a   0x0800164a   0x00000002   Code   RO          293    i.SVC_Handler       gd32f4xx_it.o
    0x0800164c   0x0800164c   0x00000050   Code   RO         6790    i.SWITCH_Init       key.o
    0x0800169c   0x0800169c   0x00000008   Code   RO          294    i.SysTick_Handler   gd32f4xx_it.o
    0x080016a4   0x080016a4   0x000000b8   Code   RO          489    i.SystemInit        system_gd32f4xx.o
    0x0800175c   0x0800175c   0x00000046   Code   RO         7125    i.TFTSPI_Addr_Rst   tft.o
    0x080017a2   0x080017a2   0x00000024   Code   RO         7126    i.TFTSPI_CLS        tft.o
    0x080017c6   0x080017c6   0x00000002   PAD
    0x080017c8   0x080017c8   0x00000058   Code   RO         7128    i.TFTSPI_Write_Byte  tft.o
    0x08001820   0x08001820   0x0000005c   Code   RO         7129    i.TFTSPI_Write_Cmd  tft.o
    0x0800187c   0x0800187c   0x0000005c   Code   RO         7130    i.TFTSPI_Write_Word  tft.o
    0x080018d8   0x080018d8   0x000001e0   Code   RO         7131    i.TFT_Init          tft.o
    0x08001ab8   0x08001ab8   0x00000130   Code   RO         7132    i.TFT_SPI_Init      tft.o
    0x08001be8   0x08001be8   0x0000001c   Code   RO          295    i.TIMER0_TRG_CMT_TIMER10_IRQHandler  gd32f4xx_it.o
    0x08001c04   0x08001c04   0x00000040   Code   RO          296    i.TIMER0_UP_TIMER9_IRQHandler  gd32f4xx_it.o
    0x08001c44   0x08001c44   0x000000c4   Code   RO          297    i.TIMER1_IRQHandler  gd32f4xx_it.o
    0x08001d08   0x08001d08   0x00000084   Code   RO         6534    i.TIMER2_IRQHandler  encoder.o
    0x08001d8c   0x08001d8c   0x00000064   Code   RO         6535    i.TIMER3_IRQHandler  encoder.o
    0x08001df0   0x08001df0   0x00000084   Code   RO         6536    i.TIMER4_IRQHandler  encoder.o
    0x08001e74   0x08001e74   0x00000028   Code   RO          298    i.TIMER6_IRQHandler  gd32f4xx_it.o
    0x08001e9c   0x08001e9c   0x00000078   Code   RO         7188    i.UART_Init         uart.o
    0x08001f14   0x08001f14   0x0000007c   Code   RO          299    i.USART0_IRQHandler  gd32f4xx_it.o
    0x08001f90   0x08001f90   0x00000004   Code   RO          300    i.UsageFault_Handler  gd32f4xx_it.o
    0x08001f94   0x08001f94   0x00000020   Code   RO         7455    i.__0printf$1       mc_w.l(printf1.o)
    0x08001fb4   0x08001fb4   0x0000000e   Code   RO         7721    i.__scatterload_copy  mc_w.l(handlers.o)
    0x08001fc2   0x08001fc2   0x00000002   Code   RO         7722    i.__scatterload_null  mc_w.l(handlers.o)
    0x08001fc4   0x08001fc4   0x0000000e   Code   RO         7723    i.__scatterload_zeroinit  mc_w.l(handlers.o)
    0x08001fd2   0x08001fd2   0x00000002   PAD
    0x08001fd4   0x08001fd4   0x00000154   Code   RO         7462    i._printf_core      mc_w.l(printf1.o)
    0x08002128   0x08002128   0x00000014   Code   RO         1480    i.dci_capture_enable  gd32f4xx_dci.o
    0x0800213c   0x0800213c   0x00000014   Code   RO         1485    i.dci_deinit        gd32f4xx_dci.o
    0x08002150   0x08002150   0x00000014   Code   RO         1489    i.dci_enable        gd32f4xx_dci.o
    0x08002164   0x08002164   0x00000034   Code   RO         1491    i.dci_init          gd32f4xx_dci.o
    0x08002198   0x08002198   0x00000010   Code   RO         1493    i.dci_interrupt_enable  gd32f4xx_dci.o
    0x080021a8   0x080021a8   0x00000010   Code   RO         1494    i.dci_interrupt_flag_clear  gd32f4xx_dci.o
    0x080021b8   0x080021b8   0x00000018   Code   RO         1495    i.dci_interrupt_flag_get  gd32f4xx_dci.o
    0x080021d0   0x080021d0   0x00000068   Code   RO         7260    i.dcmi_dma_init     zf_camera.o
    0x08002238   0x08002238   0x000000d8   Code   RO         7261    i.dcmi_init         zf_camera.o
    0x08002310   0x08002310   0x00000014   Code   RO          239    i.delay_1ms         systick.o
    0x08002324   0x08002324   0x00000018   Code   RO          240    i.delay_decrement   systick.o
    0x0800233c   0x0800233c   0x00000020   Code   RO         1619    i.dma_channel_disable  gd32f4xx_dma.o
    0x0800235c   0x0800235c   0x00000020   Code   RO         1620    i.dma_channel_enable  gd32f4xx_dma.o
    0x0800237c   0x0800237c   0x00000026   Code   RO         1621    i.dma_channel_subperipheral_select  gd32f4xx_dma.o
    0x080023a2   0x080023a2   0x000000a4   Code   RO         1624    i.dma_deinit        gd32f4xx_dma.o
    0x08002446   0x08002446   0x0000003e   Code   RO         1629    i.dma_interrupt_disable  gd32f4xx_dma.o
    0x08002484   0x08002484   0x0000003e   Code   RO         1631    i.dma_interrupt_flag_clear  gd32f4xx_dma.o
    0x080024c2   0x080024c2   0x00000204   Code   RO         1632    i.dma_interrupt_flag_get  gd32f4xx_dma.o
    0x080026c6   0x080026c6   0x00000002   PAD
    0x080026c8   0x080026c8   0x00000158   Code   RO         1644    i.dma_single_data_mode_init  gd32f4xx_dma.o
    0x08002820   0x08002820   0x00000010   Code   RO         1649    i.dma_transfer_number_config  gd32f4xx_dma.o
    0x08002830   0x08002830   0x0000000c   Code   RO         2639    i.exti_flag_clear   gd32f4xx_exti.o
    0x0800283c   0x0800283c   0x00000024   Code   RO         2645    i.exti_interrupt_flag_get  gd32f4xx_exti.o
    0x08002860   0x08002860   0x00000024   Code   RO         6112    i.flash_buffer_translate  wh_flash.o
    0x08002884   0x08002884   0x00000038   Code   RO         7195    i.fputc             uart.o
    0x080028bc   0x080028bc   0x000000a0   Code   RO         7043    i.get_config        seekfree_mt9v03x.o
    0x0800295c   0x0800295c   0x0000005e   Code   RO         2996    i.gpio_af_set       gd32f4xx_gpio.o
    0x080029ba   0x080029ba   0x00000010   Code   RO         3002    i.gpio_input_bit_get  gd32f4xx_gpio.o
    0x080029ca   0x080029ca   0x0000001c   Code   RO         6176    i.gpio_input_init   wh_gpio.o
    0x080029e6   0x080029e6   0x0000004e   Code   RO         3004    i.gpio_mode_set     gd32f4xx_gpio.o
    0x08002a34   0x08002a34   0x0000002c   Code   RO         6177    i.gpio_output_init  wh_gpio.o
    0x08002a60   0x08002a60   0x00000042   Code   RO         3006    i.gpio_output_options_set  gd32f4xx_gpio.o
    0x08002aa2   0x08002aa2   0x0000000a   Code   RO         6178    i.gpio_set_output   wh_gpio.o
    0x08002aac   0x08002aac   0x00000018   Code   RO         3100    i.i2c_ack_config    gd32f4xx_i2c.o
    0x08002ac4   0x08002ac4   0x000000d8   Code   RO         3104    i.i2c_clock_config  gd32f4xx_i2c.o
    0x08002b9c   0x08002b9c   0x0000007c   Code   RO         6494    i.i2c_config        wh_i2c.o
    0x08002c18   0x08002c18   0x00000006   Code   RO         3106    i.i2c_data_transmit  gd32f4xx_i2c.o
    0x08002c1e   0x08002c1e   0x0000000a   Code   RO         3114    i.i2c_enable        gd32f4xx_i2c.o
    0x08002c28   0x08002c28   0x00000028   Code   RO         3115    i.i2c_flag_clear    gd32f4xx_i2c.o
    0x08002c50   0x08002c50   0x0000001e   Code   RO         3116    i.i2c_flag_get      gd32f4xx_i2c.o
    0x08002c6e   0x08002c6e   0x00000014   Code   RO         3121    i.i2c_master_addressing  gd32f4xx_i2c.o
    0x08002c82   0x08002c82   0x0000001c   Code   RO         3122    i.i2c_mode_addr_config  gd32f4xx_i2c.o
    0x08002c9e   0x08002c9e   0x00000002   PAD
    0x08002ca0   0x08002ca0   0x000000b0   Code   RO         6497    i.i2c_send_reg_byte  wh_i2c.o
    0x08002d50   0x08002d50   0x0000000a   Code   RO         3135    i.i2c_start_on_bus  gd32f4xx_i2c.o
    0x08002d5a   0x08002d5a   0x0000000a   Code   RO         3136    i.i2c_stop_on_bus   gd32f4xx_i2c.o
    0x08002d64   0x08002d64   0x00000018   Code   RO         6008    i.led_toggle        gd32f450_board.o
    0x08002d7c   0x08002d7c   0x00000040   Code   RO            3    i.main              main.o
    0x08002dbc   0x08002dbc   0x000000fc   Code   RO         7296    i.motor_control     motor.o
    0x08002eb8   0x08002eb8   0x0000027c   Code   RO         7297    i.motor_error       motor.o
    0x08003134   0x08003134   0x00000028   Code   RO         7298    i.motor_init        motor.o
    0x0800315c   0x0800315c   0x000000b0   Code   RO         7047    i.mt9v03x_init      seekfree_mt9v03x.o
    0x0800320c   0x0800320c   0x000000c4   Code   RO         3569    i.nvic_irq_enable   gd32f4xx_misc.o
    0x080032d0   0x080032d0   0x00000014   Code   RO         3570    i.nvic_priority_group_set  gd32f4xx_misc.o
    0x080032e4   0x080032e4   0x00000016   Code   RO         6901    i.oled_pow          oled.o
    0x080032fa   0x080032fa   0x000000a6   Code   RO         6244    i.pwm_init          wh_pwm.o
    0x080033a0   0x080033a0   0x00000124   Code   RO         3768    i.rcu_clock_freq_get  gd32f4xx_rcu.o
    0x080034c4   0x080034c4   0x00000024   Code   RO         3787    i.rcu_periph_clock_enable  gd32f4xx_rcu.o
    0x080034e8   0x080034e8   0x00000024   Code   RO         3790    i.rcu_periph_reset_disable  gd32f4xx_rcu.o
    0x0800350c   0x0800350c   0x00000024   Code   RO         3791    i.rcu_periph_reset_enable  gd32f4xx_rcu.o
    0x08003530   0x08003530   0x00000024   Code   RO         3803    i.rcu_timer_clock_prescaler_config  gd32f4xx_rcu.o
    0x08003554   0x08003554   0x00000078   Code   RO         7049    i.set_config        seekfree_mt9v03x.o
    0x080035cc   0x080035cc   0x00000044   Code   RO         6281    i.spi_config        wh_spi.o
    0x08003610   0x08003610   0x0000000a   Code   RO         4633    i.spi_enable        gd32f4xx_spi.o
    0x0800361a   0x0800361a   0x00000002   PAD
    0x0800361c   0x0800361c   0x000000ac   Code   RO         4637    i.spi_i2s_deinit    gd32f4xx_spi.o
    0x080036c8   0x080036c8   0x00000032   Code   RO         4642    i.spi_init          gd32f4xx_spi.o
    0x080036fa   0x080036fa   0x00000002   PAD
    0x080036fc   0x080036fc   0x00000070   Code   RO            4    i.start_up          main.o
    0x0800376c   0x0800376c   0x000000fc   Code   RO          490    i.system_clock_200m_25m_hxtal  system_gd32f4xx.o
    0x08003868   0x08003868   0x00000008   Code   RO          491    i.system_clock_config  system_gd32f4xx.o
    0x08003870   0x08003870   0x00000050   Code   RO          241    i.systick_config    systick.o
    0x080038c0   0x080038c0   0x0000000a   Code   RO         4922    i.timer_auto_reload_shadow_enable  gd32f4xx_timer.o
    0x080038ca   0x080038ca   0x0000002a   Code   RO         4930    i.timer_channel_capture_value_register_read  gd32f4xx_timer.o
    0x080038f4   0x080038f4   0x0000005a   Code   RO         4936    i.timer_channel_input_capture_prescaler_config  gd32f4xx_timer.o
    0x0800394e   0x0800394e   0x00000002   PAD
    0x08003950   0x08003950   0x000001ec   Code   RO         4939    i.timer_channel_output_config  gd32f4xx_timer.o
    0x08003b3c   0x08003b3c   0x0000005a   Code   RO         4941    i.timer_channel_output_mode_config  gd32f4xx_timer.o
    0x08003b96   0x08003b96   0x00000026   Code   RO         4943    i.timer_channel_output_pulse_value_config  gd32f4xx_timer.o
    0x08003bbc   0x08003bbc   0x0000005a   Code   RO         4944    i.timer_channel_output_shadow_config  gd32f4xx_timer.o
    0x08003c16   0x08003c16   0x00000008   Code   RO         4950    i.timer_counter_read  gd32f4xx_timer.o
    0x08003c1e   0x08003c1e   0x00000004   Code   RO         4952    i.timer_counter_value_config  gd32f4xx_timer.o
    0x08003c22   0x08003c22   0x00000002   PAD
    0x08003c24   0x08003c24   0x00000184   Code   RO         4953    i.timer_deinit      gd32f4xx_timer.o
    0x08003da8   0x08003da8   0x0000000a   Code   RO         4958    i.timer_enable      gd32f4xx_timer.o
    0x08003db2   0x08003db2   0x00000002   PAD
    0x08003db4   0x08003db4   0x00000098   Code   RO         4968    i.timer_init        gd32f4xx_timer.o
    0x08003e4c   0x08003e4c   0x00000146   Code   RO         4969    i.timer_input_capture_config  gd32f4xx_timer.o
    0x08003f92   0x08003f92   0x00000008   Code   RO         4975    i.timer_interrupt_enable  gd32f4xx_timer.o
    0x08003f9a   0x08003f9a   0x00000006   Code   RO         4976    i.timer_interrupt_flag_clear  gd32f4xx_timer.o
    0x08003fa0   0x08003fa0   0x00000018   Code   RO         4977    i.timer_interrupt_flag_get  gd32f4xx_timer.o
    0x08003fb8   0x08003fb8   0x0000016c   Code   RO         6224    i.timer_interrupt_init  wh_pit.o
    0x08004124   0x08004124   0x00000018   Code   RO         4983    i.timer_primary_output_config  gd32f4xx_timer.o
    0x0800413c   0x0800413c   0x00000040   Code   RO         4984    i.timer_quadrature_decoder_mode_config  gd32f4xx_timer.o
    0x0800417c   0x0800417c   0x00000016   Code   RO         4988    i.timer_struct_para_init  gd32f4xx_timer.o
    0x08004192   0x08004192   0x00000034   Code   RO         6415    i.uart_init         wh_uart.o
    0x080041c6   0x080041c6   0x0000002a   Code   RO         6419    i.uart_putbuff      wh_uart.o
    0x080041f0   0x080041f0   0x0000002c   Code   RO         6423    i.uart_rx_init      wh_uart.o
    0x0800421c   0x0800421c   0x0000002c   Code   RO         6424    i.uart_tx_init      wh_uart.o
    0x08004248   0x08004248   0x000000e8   Code   RO         5606    i.usart_baudrate_set  gd32f4xx_usart.o
    0x08004330   0x08004330   0x0000000a   Code   RO         5610    i.usart_data_receive  gd32f4xx_usart.o
    0x0800433a   0x0800433a   0x00000008   Code   RO         5611    i.usart_data_transmit  gd32f4xx_usart.o
    0x08004342   0x08004342   0x00000002   PAD
    0x08004344   0x08004344   0x000000dc   Code   RO         5612    i.usart_deinit      gd32f4xx_usart.o
    0x08004420   0x08004420   0x0000000a   Code   RO         5616    i.usart_enable      gd32f4xx_usart.o
    0x0800442a   0x0800442a   0x0000001a   Code   RO         5617    i.usart_flag_clear  gd32f4xx_usart.o
    0x08004444   0x08004444   0x0000001e   Code   RO         5618    i.usart_flag_get    gd32f4xx_usart.o
    0x08004462   0x08004462   0x0000001a   Code   RO         5626    i.usart_interrupt_enable  gd32f4xx_usart.o
    0x0800447c   0x0800447c   0x0000001a   Code   RO         5627    i.usart_interrupt_flag_clear  gd32f4xx_usart.o
    0x08004496   0x08004496   0x00000038   Code   RO         5628    i.usart_interrupt_flag_get  gd32f4xx_usart.o
    0x080044ce   0x080044ce   0x00000010   Code   RO         5643    i.usart_receive_config  gd32f4xx_usart.o
    0x080044de   0x080044de   0x00000010   Code   RO         5658    i.usart_transmit_config  gd32f4xx_usart.o
    0x080044ee   0x080044ee   0x00000002   PAD
    0x080044f0   0x080044f0   0x00000034   Code   RO         6608    i.value_init        hci.o
    0x08004524   0x08004524   0x0000000c   Data   RO         7300    .constdata          motor.o
    0x08004530   0x08004530   0x00000020   Data   RO         7719    Region$$Table       anon$$obj.o


    Execution Region RW_IRAM1 (Exec base: 0x20000000, Load base: 0x08004550, Size: 0x0000c400, Max: 0x00070000, ABSOLUTE, COMPRESSED[0x000006f0])

    Exec Addr    Load Addr    Size         Type   Attr      Idx    E Section Name        Object

    0x20000000   COMPRESSED   0x0000000c   Data   RW            6    .data               main.o
    0x2000000c   COMPRESSED   0x00000004   Data   RW          242    .data               systick.o
    0x20000010   COMPRESSED   0x0000000e   Data   RW          301    .data               gd32f4xx_it.o
    0x2000001e   COMPRESSED   0x00000002   PAD
    0x20000020   COMPRESSED   0x00000004   Data   RW          492    .data               system_gd32f4xx.o
    0x20000024   COMPRESSED   0x0000001e   Data   RW         6009    .data               gd32f450_board.o
    0x20000042   COMPRESSED   0x00000002   PAD
    0x20000044   COMPRESSED   0x0000005c   Data   RW         6537    .data               encoder.o
    0x200000a0   COMPRESSED   0x00000138   Data   RW         6611    .data               hci.o
    0x200001d8   COMPRESSED   0x00000079   Data   RW         6792    .data               key.o
    0x20000251   COMPRESSED   0x00000003   PAD
    0x20000254   COMPRESSED   0x00000028   Data   RW         6852    .data               led.o
    0x2000027c   COMPRESSED   0x00000bf0   Data   RW         6905    .data               oled.o
    0x20000e6c   COMPRESSED   0x00000002   Data   RW         7011    .data               pwm.o
    0x20000e6e   COMPRESSED   0x00000002   PAD
    0x20000e70   COMPRESSED   0x00000052   Data   RW         7053    .data               seekfree_mt9v03x.o
    0x20000ec2   COMPRESSED   0x00000002   PAD
    0x20000ec4   COMPRESSED   0x0000002b   Data   RW         7196    .data               uart.o
    0x20000eef   COMPRESSED   0x00000001   PAD
    0x20000ef0   COMPRESSED   0x00000044   Data   RW         7301    .data               motor.o
    0x20000f34   COMPRESSED   0x00000004   Data   RW         7701    .data               mc_w.l(stdout.o)
    0x20000f38        -       0x0000b040   Zero   RW         7052    .bss                seekfree_mt9v03x.o
    0x2000bf78        -       0x00000088   Zero   RW         7299    .bss                motor.o
    0x2000c000        -       0x00000400   Zero   RW          528    STACK               startup_gd32f450.o


==============================================================================

Image component sizes


      Code (inc. data)   RO Data    RW Data    ZI Data      Debug   Object Name

       612         22          0          0          0       3271   camera.o
      1516        132          0         92          0       7286   encoder.o
        24          8          0         30          0       1309   gd32f450_board.o
       168         32          0          0          0       5193   gd32f4xx_dci.o
      1266          4          0          0          0       8052   gd32f4xx_dma.o
        48         10          0          0          0       1504   gd32f4xx_exti.o
       254          0          0          0          0       3537   gd32f4xx_gpio.o
       394         12          0          0          0       7717   gd32f4xx_i2c.o
       768        102          0         14          0      93805   gd32f4xx_it.o
       216         20          0          0          0       1680   gd32f4xx_misc.o
       436         44          0          0          0       4783   gd32f4xx_rcu.o
       232         10          0          0          0       2877   gd32f4xx_spi.o
      1888         52          0          0          0      15862   gd32f4xx_timer.o
       676         18          0          0          0       9390   gd32f4xx_usart.o
        52         24          0        312          0       8180   hci.o
       160         34          0        121          0       3308   key.o
       124         18          0         40          0       1639   led.o
       176         12          0         12          0      13244   main.o
       928         86         12         68        136       4801   motor.o
       978         10          0       3056          0       8007   oled.o
       516         24          0          2          0       2176   pwm.o
       456         84          0         82      45120       3998   seekfree_mt9v03x.o
        36          8        428          0       1024        952   startup_gd32f450.o
       444         28          0          4          0       3195   system_gd32f4xx.o
       164         24          0          4          0      29394   systick.o
      1162         32          0          0          0       5508   tft.o
       176         42          0         43          0       2666   uart.o
        36          0          0          0          0       1321   wh_flash.o
        82          0          0          0          0       2387   wh_gpio.o
       300         14          0          0          0       1569   wh_i2c.o
       364         38          0          0          0        951   wh_pit.o
       166          0          0          0          0       1047   wh_pwm.o
        68          0          0          0          0        789   wh_spi.o
       182          0          0          0          0       3473   wh_uart.o
       320         24          0          0          0       1676   zf_camera.o

    ----------------------------------------------------------------------
     15418        968        472       3892      46280     266547   Object Totals
         0          0         32          0          0          0   (incl. Generated)
        30          0          0         12          0          0   (incl. Padding)

    ----------------------------------------------------------------------

      Code (inc. data)   RO Data    RW Data    ZI Data      Debug   Library Member Name

        86          0          0          0          0          0   __dczerorl2.o
         0          0          0          0          0          0   entry.o
         0          0          0          0          0          0   entry10a.o
         0          0          0          0          0          0   entry11a.o
         4          0          0          0          0          0   entry12b.o
         8          4          0          0          0          0   entry2.o
         4          0          0          0          0          0   entry5.o
         0          0          0          0          0          0   entry7b.o
         0          0          0          0          0          0   entry8b.o
         8          4          0          0          0          0   entry9a.o
        30          0          0          0          0          0   handlers.o
        36          8          0          0          0         68   init.o
         0          0          0          0          0          0   iusefp.o
        30          0          0          0          0         68   llshl.o
        36          0          0          0          0         68   llsshr.o
        32          0          0          0          0         68   llushr.o
        36          0          0          0          0        108   memseta.o
       372         14          0          0          0        184   printf1.o
         0          0          0          4          0          0   stdout.o
        44          0          0          0          0         80   uidiv.o
        48          0          0          0          0         68   cdcmple.o
        48          0          0          0          0         68   cdrcmple.o
       334          0          0          0          0        148   dadd.o
       222          0          0          0          0        100   ddiv.o
       186          0          0          0          0        176   depilogue.o
        34          0          0          0          0         76   dflti.o
        26          0          0          0          0         76   dfltui.o
       228          0          0          0          0         96   dmul.o

    ----------------------------------------------------------------------
      1854         30          0          4          0       1452   Library Totals
         2          0          0          0          0          0   (incl. Padding)

    ----------------------------------------------------------------------

      Code (inc. data)   RO Data    RW Data    ZI Data      Debug   Library Name

       726         30          0          4          0        644   mc_w.l
      1126          0          0          0          0        808   mf_w.l

    ----------------------------------------------------------------------
      1854         30          0          4          0       1452   Library Totals

    ----------------------------------------------------------------------

==============================================================================


      Code (inc. data)   RO Data    RW Data    ZI Data      Debug   

     17272        998        472       3896      46280     253055   Grand Totals
     17272        998        472       1776      46280     253055   ELF Image Totals (compressed)
     17272        998        472       1776          0          0   ROM Totals

==============================================================================

    Total RO  Size (Code + RO Data)                17744 (  17.33kB)
    Total RW  Size (RW Data + ZI Data)             50176 (  49.00kB)
    Total ROM Size (Code + RO Data + RW Data)      19520 (  19.06kB)

==============================================================================

