<html>
<body>
<pre>
<h1>礦ision Build Log</h1>
<h2>Tool Versions:</h2>
IDE-Version: μVision V5.25.3.0
Copyright (C) 2018 ARM Ltd and ARM Germany GmbH. All rights reserved.
License Information: lalala rua, wft, LIC=47GU5-GB2P4-LQD0Q-NP61D-4UUXM-JF49H
 
Tool Versions:
Toolchain:       MDK-ARM Plus  Version: 5.33.0.0
Toolchain Path:  C:\Keil_v5\ARM\ARMCC\Bin
C Compiler:      Armcc.exe V5.06 update 7 (build 960)
Assembler:       Armasm.exe V5.06 update 7 (build 960)
Linker/Locator:  ArmLink.exe V5.06 update 7 (build 960)
Library Manager: ArmAr.exe V5.06 update 7 (build 960)
Hex Converter:   FromElf.exe V5.06 update 7 (build 960)
CPU DLL:         SARMCM3.DLL V5.33.0.0
Dialog DLL:      DCM.DLL V1.17.3.0
Target DLL:      CMSIS_AGDI.dll V1.32.12.0
Dialog DLL:      TCM.DLL V1.48.0.0
 
<h2>Project:</h2>
C:\Users\Kanesh's laptop\Desktop\摄像头智能车\主板程序\5.样例程序\_Main_Project\Keil_project\Project.uvprojx
Project File Date:  09/16/2021

<h2>Output:</h2>
*** Using Compiler 'V5.06 update 7 (build 960)', folder: 'C:\Keil_v5\ARM\ARMCC\Bin'
Build target 'GD32F4XX'
compiling main.c...
linking...
Program Size: Code=34196 RO-data=628 RW-data=4216 ZI-data=67264  
FromELF: creating hex file...
".\output\Project.axf" - 0 Error(s), 0 Warning(s).

<h2>Software Packages used:</h2>

Package Vendor: ARM
                http://www.keil.com/pack/ARM.CMSIS.5.7.0.pack
                ARM.CMSIS.5.7.0
                CMSIS (Cortex Microcontroller Software Interface Standard)
   * Component: CORE Version: 5.4.0

Package Vendor: GigaDevice
                http://gd32mcu.com/data/documents/pack/GigaDevice.GD32F4xx_DFP.2.0.0.pack
                GigaDevice.GD32F4xx_DFP.2.0.0
                GigaDevice GD32F4xx Series Device Support and Examples

<h2>Collection of Component include folders:</h2>
  .\RTE\_GD32F4XX
  C:\Users\admin\AppData\Local\Arm\Packs\ARM\CMSIS\5.7.0\CMSIS\Core\Include
  C:\Users\admin\AppData\Local\Arm\Packs\GigaDevice\GD32F4xx_DFP\2.0.0\Device\F4XX\Include

<h2>Collection of Component Files used:</h2>

   * Component: ARM::CMSIS:CORE:5.4.0
Build Time Elapsed:  00:00:02
</pre>
</body>
</html>
